Full sampling 5350 / 13769
Full sampling 5375 / 13769
Full sampling 5400 / 13769
Full sampling 5425 / 13769
Full sampling 5450 / 13769
Full sampling 5475 / 13769
Full sampling 5500 / 13769
Full sampling 5525 / 13769
Full sampling 5550 / 13769
Full sampling 5575 / 13769
Full sampling 5600 / 13769
Full sampling 5625 / 13769
Full sampling 5650 / 13769
Full sampling 5675 / 13769
Full sampling 5700 / 13769
Full sampling 5725 / 13769
Full sampling 5750 / 13769
Full sampling 5775 / 13769
Full sampling 5800 / 13769
Full sampling 5825 / 13769
Full sampling 5850 / 13769
Full sampling 5875 / 13769
Full sampling 5900 / 13769
Full sampling 5925 / 13769
Full sampling 5950 / 13769
Full sampling 5975 / 13769
Full sampling 6000 / 13769
Full sampling 6025 / 13769
Full sampling 6050 / 13769
Full sampling 6075 / 13769
Full sampling 6100 / 13769
Full sampling 6125 / 13769
Full sampling 6150 / 13769
Full sampling 6175 / 13769
Full sampling 6200 / 13769
Full sampling 6225 / 13769
Full sampling 6250 / 13769
Full sampling 6275 / 13769
Full sampling 6300 / 13769
Full sampling 6325 / 13769
Full sampling 6350 / 13769
Full sampling 6375 / 13769
Full sampling 6400 / 13769
Full sampling 6425 / 13769
Full sampling 6450 / 13769
Full sampling 6475 / 13769
Full sampling 6500 / 13769
Full sampling 6525 / 13769
Full sampling 6550 / 13769
Full sampling 6575 / 13769
Full sampling 6600 / 13769
Full sampling 6625 / 13769
Full sampling 6650 / 13769
Full sampling 6675 / 13769
Full sampling 6700 / 13769
Full sampling 6725 / 13769
Full sampling 6750 / 13769
Full sampling 6775 / 13769
Full sampling 6800 / 13769
Full sampling 6825 / 13769
Full sampling 6850 / 13769
Full sampling 6875 / 13769
Full sampling 6900 / 13769
Full sampling 6925 / 13769
Full sampling 6950 / 13769
Full sampling 6975 / 13769
Full sampling 7000 / 13769
Full sampling 7025 / 13769
Full sampling 7050 / 13769
Full sampling 7075 / 13769
Full sampling 7100 / 13769
Full sampling 7125 / 13769
Full sampling 7150 / 13769
Full sampling 7175 / 13769
Full sampling 7200 / 13769
Full sampling 7225 / 13769
Full sampling 7250 / 13769
Full sampling 7275 / 13769
Full sampling 7300 / 13769
Full sampling 7325 / 13769
Full sampling 7350 / 13769
Full sampling 7375 / 13769
Full sampling 7400 / 13769
Full sampling 7425 / 13769
Full sampling 7450 / 13769
Full sampling 7475 / 13769
Full sampling 7500 / 13769
Full sampling 7525 / 13769
Full sampling 7550 / 13769
Full sampling 7575 / 13769
Full sampling 7600 / 13769
Full sampling 7625 / 13769
Full sampling 7650 / 13769
Full sampling 7675 / 13769
Full sampling 7700 / 13769
Full sampling 7725 / 13769
Full sampling 7750 / 13769
Full sampling 7775 / 13769
Full sampling 7800 / 13769
Full sampling 7825 / 13769
Full sampling 7850 / 13769
Full sampling 7875 / 13769
Full sampling 7900 / 13769
Full sampling 7925 / 13769
Full sampling 7950 / 13769
Full sampling 7975 / 13769
Full sampling 8000 / 13769
Full sampling 8025 / 13769
Full sampling 8050 / 13769
Full sampling 8075 / 13769
Full sampling 8100 / 13769
Full sampling 8125 / 13769
Full sampling 8150 / 13769
Full sampling 8175 / 13769
Full sampling 8200 / 13769
Full sampling 8225 / 13769
Full sampling 8250 / 13769
Full sampling 8275 / 13769
Full sampling 8300 / 13769
Full sampling 8325 / 13769
Full sampling 8350 / 13769
Full sampling 8375 / 13769
Full sampling 8400 / 13769
Full sampling 8425 / 13769
Full sampling 8450 / 13769
Full sampling 8475 / 13769
Full sampling 8500 / 13769
Full sampling 8525 / 13769
Full sampling 8550 / 13769
Full sampling 8575 / 13769
Full sampling 8600 / 13769
Full sampling 8625 / 13769
Full sampling 8650 / 13769
Full sampling 8675 / 13769
Full sampling 8700 / 13769
Full sampling 8725 / 13769
Full sampling 8750 / 13769
Full sampling 8775 / 13769
Full sampling 8800 / 13769
Full sampling 8825 / 13769
Full sampling 8850 / 13769
Full sampling 8875 / 13769
Full sampling 8900 / 13769
Full sampling 8925 / 13769
Full sampling 8950 / 13769
Full sampling 8975 / 13769
Full sampling 9000 / 13769
Full sampling 9025 / 13769
Full sampling 9050 / 13769
Full sampling 9075 / 13769
Full sampling 9100 / 13769
Full sampling 9125 / 13769
Full sampling 9150 / 13769
Full sampling 9175 / 13769
Full sampling 9200 / 13769
Full sampling 9225 / 13769
Full sampling 9250 / 13769
Full sampling 9275 / 13769
Full sampling 9300 / 13769
Full sampling 9325 / 13769
Full sampling 9350 / 13769
Full sampling 9375 / 13769
Full sampling 9400 / 13769
Full sampling 9425 / 13769
Full sampling 9450 / 13769
Full sampling 9475 / 13769
[loop] invocation 1 exit=0 phase=CHECKPOINTED_INVOCATION_CAP 2026-09-13T04:32:31Z
Full sampling 9500 / 13769
Full sampling 9525 / 13769
Full sampling 9550 / 13769
Full sampling 9575 / 13769
Full sampling 9600 / 13769
Full sampling 9625 / 13769
Full sampling 9650 / 13769
Full sampling 9675 / 13769
Full sampling 9700 / 13769
Full sampling 9725 / 13769
Full sampling 9750 / 13769
Full sampling 9775 / 13769
Full sampling 9800 / 13769
Full sampling 9825 / 13769
Full sampling 9850 / 13769
Full sampling 9875 / 13769
Full sampling 9900 / 13769
Full sampling 9925 / 13769
Full sampling 9950 / 13769
Full sampling 9975 / 13769
Full sampling 10000 / 13769
Full sampling 10025 / 13769
Full sampling 10050 / 13769
Full sampling 10075 / 13769
Full sampling 10100 / 13769
Full sampling 10125 / 13769
Full sampling 10150 / 13769
Full sampling 10175 / 13769
Full sampling 10200 / 13769
Full sampling 10225 / 13769
Full sampling 10250 / 13769
Full sampling 10275 / 13769
Full sampling 10300 / 13769
Full sampling 10325 / 13769
Full sampling 10350 / 13769
Full sampling 10375 / 13769
Full sampling 10400 / 13769
Full sampling 10425 / 13769
Full sampling 10450 / 13769
Full sampling 10475 / 13769
Full sampling 10500 / 13769
Full sampling 10525 / 13769
Full sampling 10550 / 13769
Full sampling 10575 / 13769
Full sampling 10600 / 13769
Full sampling 10625 / 13769
Full sampling 10650 / 13769
Full sampling 10675 / 13769
Full sampling 10700 / 13769
Full sampling 10725 / 13769
Full sampling 10750 / 13769
Full sampling 10775 / 13769
Full sampling 10800 / 13769
Full sampling 10825 / 13769
Full sampling 10850 / 13769
Full sampling 10875 / 13769
Full sampling 10900 / 13769
Full sampling 10925 / 13769
Full sampling 10950 / 13769
Full sampling 10975 / 13769
Full sampling 11000 / 13769
Full sampling 11025 / 13769
Full sampling 11050 / 13769
Full sampling 11075 / 13769
Full sampling 11100 / 13769
Full sampling 11125 / 13769
Full sampling 11150 / 13769
Full sampling 11175 / 13769
Full sampling 11200 / 13769
Full sampling 11225 / 13769
Full sampling 11250 / 13769
Full sampling 11275 / 13769
Full sampling 11300 / 13769
Full sampling 11325 / 13769
Full sampling 11350 / 13769
Full sampling 11375 / 13769
Full sampling 11400 / 13769
Full sampling 11425 / 13769
Full sampling 11450 / 13769
Full sampling 11475 / 13769
Full sampling 11500 / 13769
Full sampling 11525 / 13769
Full sampling 11550 / 13769
Full sampling 11575 / 13769
Full sampling 11600 / 13769
Full sampling 11625 / 13769
Full sampling 11650 / 13769
Full sampling 11675 / 13769
Full sampling 11700 / 13769
Full sampling 11725 / 13769
Full sampling 11750 / 13769
Full sampling 11775 / 13769
Full sampling 11800 / 13769
Full sampling 11825 / 13769
Full sampling 11850 / 13769
Full sampling 11875 / 13769
Full sampling 11900 / 13769
Full sampling 11925 / 13769
Full sampling 11950 / 13769
Full sampling 11975 / 13769
Full sampling 12000 / 13769
Full sampling 12025 / 13769
Full sampling 12050 / 13769
Full sampling 12075 / 13769
Full sampling 12100 / 13769
Full sampling 12125 / 13769
Full sampling 12150 / 13769
Full sampling 12175 / 13769
Full sampling 12200 / 13769
Full sampling 12225 / 13769
Full sampling 12250 / 13769
Full sampling 12275 / 13769
Full sampling 12300 / 13769
Full sampling 12325 / 13769
Full sampling 12350 / 13769
Full sampling 12375 / 13769
Full sampling 12400 / 13769
Full sampling 12425 / 13769
Full sampling 12450 / 13769
Full sampling 12475 / 13769
Full sampling 12500 / 13769
Full sampling 12525 / 13769
Full sampling 12550 / 13769
Full sampling 12575 / 13769
Full sampling 12600 / 13769
Full sampling 12625 / 13769
Full sampling 12650 / 13769
Full sampling 12675 / 13769
Full sampling 12700 / 13769
Full sampling 12725 / 13769
Full sampling 12750 / 13769
Full sampling 12775 / 13769
Full sampling 12800 / 13769
Full sampling 12825 / 13769
Full sampling 12850 / 13769
Full sampling 12875 / 13769
Full sampling 12900 / 13769
Full sampling 12925 / 13769
Full sampling 12950 / 13769
Full sampling 12975 / 13769
Full sampling 13000 / 13769
Full sampling 13025 / 13769
Full sampling 13050 / 13769
Full sampling 13075 / 13769
Full sampling 13100 / 13769
Full sampling 13125 / 13769
Full sampling 13150 / 13769
Full sampling 13175 / 13769
Full sampling 13200 / 13769
Full sampling 13225 / 13769
Full sampling 13250 / 13769
Full sampling 13275 / 13769
Full sampling 13300 / 13769
Full sampling 13325 / 13769
Full sampling 13350 / 13769
Full sampling 13375 / 13769
Full sampling 13400 / 13769
Full sampling 13425 / 13769
Full sampling 13450 / 13769
Full sampling 13475 / 13769
Full sampling 13500 / 13769
Full sampling 13525 / 13769
Full sampling 13550 / 13769
Full sampling 13575 / 13769
Full sampling 13600 / 13769
Full sampling 13625 / 13769
Full sampling 13650 / 13769
Full sampling 13675 / 13769
Full sampling 13700 / 13769
Full sampling 13725 / 13769
Full sampling 13750 / 13769
Joined 500 / 13769
Joined 1000 / 13769
Joined 1500 / 13769
Joined 2000 / 13769
Joined 2500 / 13769
Joined 3000 / 13769
Joined 3500 / 13769
Joined 4000 / 13769
Joined 4500 / 13769
Joined 5000 / 13769
Joined 5500 / 13769
Joined 6000 / 13769
Joined 6500 / 13769
Joined 7000 / 13769
Joined 7500 / 13769
Joined 8000 / 13769
Joined 8500 / 13769
Joined 9000 / 13769
Joined 9500 / 13769
Joined 10000 / 13769
Joined 10500 / 13769
Joined 11000 / 13769
Joined 11500 / 13769
Joined 12000 / 13769
Joined 12500 / 13769
Joined 13000 / 13769
Joined 13500 / 13769
ABSOLUTE_INTERVALS 10 / 97
ABSOLUTE_INTERVALS 20 / 97
ABSOLUTE_INTERVALS 30 / 97
ABSOLUTE_INTERVALS 40 / 97
ABSOLUTE_INTERVALS 50 / 97
ABSOLUTE_INTERVALS 60 / 97
ABSOLUTE_INTERVALS 70 / 97
ABSOLUTE_INTERVALS 80 / 97
ABSOLUTE_INTERVALS 90 / 97
ABSOLUTE_INTERVALS 97 / 97
PAIRED_INTERVALS 10 / 142
PAIRED_INTERVALS 20 / 142
PAIRED_INTERVALS 30 / 142
PAIRED_INTERVALS 40 / 142
PAIRED_INTERVALS 50 / 142
PAIRED_INTERVALS 60 / 142
PAIRED_INTERVALS 70 / 142
PAIRED_INTERVALS 80 / 142
PAIRED_INTERVALS 90 / 142
PAIRED_INTERVALS 100 / 142
PAIRED_INTERVALS 110 / 142
PAIRED_INTERVALS 120 / 142
PAIRED_INTERVALS 130 / 142
PAIRED_INTERVALS 140 / 142
PAIRED_INTERVALS 142 / 142
Full sampling evaluation and review PASS
[loop] invocation 2 exit=0 phase=COMPLETE_REVIEWED_FULL_SAMPLING 2026-09-13T10:13:17Z
[loop] supervisor exit=0 2026-09-13T10:13:20Z
