Adopting existing driver historical_joint 143184
historical_joint {'phase': 'SCORING_COMPLETE', 'pid': 143184, 'updated_unix': 1788886950.97595, 'completed': 245, 'total': 245, 'seconds': 1725.9500615596771}
Reviewed completion: historical_joint
full_sampling {'phase': 'SCORING', 'pid': 145132, 'updated_unix': 1788846688.6950283, 'completed': 337, 'total': 13769, 'active': 2, 'seconds': 2097.6078464984894}
full_sampling {'phase': 'SCORING', 'pid': 142012, 'updated_unix': 1788887416.1297598, 'completed': 339, 'total': 13769, 'active': 2, 'seconds': 29.161041498184204}
full_sampling {'phase': 'SCORING', 'pid': 142012, 'updated_unix': 1788887445.8458688, 'completed': 345, 'total': 13769, 'active': 2, 'seconds': 58.87714910507202}
full_sampling {'phase': 'SCORING', 'pid': 142012, 'updated_unix': 1788887475.0955803, 'completed': 348, 'total': 13769, 'active': 2, 'seconds': 88.12686395645142}
full_sampling {'phase': 'SCORING', 'pid': 142012, 'updated_unix': 1788887497.099968, 'completed': 351, 'total': 13769, 'active': 2, 'seconds': 110.13124370574951}
full_sampling {'phase': 'SCORING', 'pid': 142012, 'updated_unix': 1788887531.8774986, 'completed': 355, 'total': 13769, 'active': 2, 'seconds': 144.90877771377563}
full_sampling {'phase': 'SCORING', 'pid': 142012, 'updated_unix': 1788887554.408423, 'completed': 361, 'total': 13769, 'active': 2, 'seconds': 167.43970489501953}
full_sampling {'phase': 'SCORING', 'pid': 142012, 'updated_unix': 1788887599.017332, 'completed': 366, 'total': 13769, 'active': 2, 'seconds': 212.0486123561859}
full_sampling {'phase': 'SCORING', 'pid': 142012, 'updated_unix': 1788887621.925257, 'completed': 370, 'total': 13769, 'active': 2, 'seconds': 234.9565405845642}
full_sampling {'phase': 'SCORING', 'pid': 142012, 'updated_unix': 1788887659.780017, 'completed': 375, 'total': 13769, 'active': 2, 'seconds': 272.8112711906433}
full_sampling {'phase': 'SCORING', 'pid': 142012, 'updated_unix': 1788887691.6035132, 'completed': 381, 'total': 13769, 'active': 2, 'seconds': 304.6347985267639}
full_sampling {'phase': 'SCORING', 'pid': 142012, 'updated_unix': 1788887721.5281382, 'completed': 386, 'total': 13769, 'active': 2, 'seconds': 334.55942487716675}
full_sampling {'phase': 'SCORING', 'pid': 142012, 'updated_unix': 1788887745.7240748, 'completed': 393, 'total': 13769, 'active': 2, 'seconds': 358.75536012649536}
full_sampling {'phase': 'SCORING', 'pid': 142012, 'updated_unix': 1788887781.4377508, 'completed': 396, 'total': 13769, 'active': 2, 'seconds': 394.46903681755066}
full_sampling {'phase': 'SCORING', 'pid': 142012, 'updated_unix': 1788887811.5592327, 'completed': 402, 'total': 13769, 'active': 2, 'seconds': 424.5905179977417}
full_sampling {'phase': 'SCORING', 'pid': 142012, 'updated_unix': 1788887833.5972075, 'completed': 419, 'total': 13769, 'active': 2, 'seconds': 446.62849020957947}
full_sampling {'phase': 'SCORING', 'pid': 142012, 'updated_unix': 1788887867.9153733, 'completed': 423, 'total': 13769, 'active': 2, 'seconds': 480.9466588497162}
full_sampling {'phase': 'SCORING', 'pid': 142012, 'updated_unix': 1788887902.1672418, 'completed': 428, 'total': 13769, 'active': 2, 'seconds': 515.1985280513763}
full_sampling {'phase': 'SCORING', 'pid': 142012, 'updated_unix': 1788887924.464243, 'completed': 435, 'total': 13769, 'active': 2, 'seconds': 537.4955270290375}
full_sampling {'phase': 'SCORING', 'pid': 142012, 'updated_unix': 1788887961.583972, 'completed': 443, 'total': 13769, 'active': 2, 'seconds': 574.6152539253235}
full_sampling {'phase': 'SCORING', 'pid': 142012, 'updated_unix': 1788887991.5218303, 'completed': 449, 'total': 13769, 'active': 2, 'seconds': 604.5531139373779}
full_sampling {'phase': 'SCORING', 'pid': 142012, 'updated_unix': 1788888021.4694176, 'completed': 455, 'total': 13769, 'active': 2, 'seconds': 634.5006995201111}
full_sampling {'phase': 'SCORING', 'pid': 142012, 'updated_unix': 1788888050.3742573, 'completed': 463, 'total': 13769, 'active': 2, 'seconds': 663.405543088913}
full_sampling {'phase': 'SCORING', 'pid': 142012, 'updated_unix': 1788888070.5787911, 'completed': 465, 'total': 13769, 'active': 2, 'seconds': 683.6100723743439}
full_sampling {'phase': 'SCORING', 'pid': 142012, 'updated_unix': 1788888110.0000408, 'completed': 470, 'total': 13769, 'active': 2, 'seconds': 723.0313260555267}
full_sampling {'phase': 'SCORING', 'pid': 142012, 'updated_unix': 1788888140.6811166, 'completed': 476, 'total': 13769, 'active': 2, 'seconds': 753.7124028205872}
full_sampling {'phase': 'SCORING', 'pid': 142012, 'updated_unix': 1788888165.6018274, 'completed': 480, 'total': 13769, 'active': 2, 'seconds': 778.6331136226654}
full_sampling {'phase': 'SCORING', 'pid': 142012, 'updated_unix': 1788888198.6853895, 'completed': 485, 'total': 13769, 'active': 2, 'seconds': 811.7166721820831}
full_sampling {'phase': 'SCORING', 'pid': 142012, 'updated_unix': 1788888231.5168242, 'completed': 488, 'total': 13769, 'active': 2, 'seconds': 844.5481066703796}
full_sampling {'phase': 'SCORING', 'pid': 142012, 'updated_unix': 1788888253.4058206, 'completed': 492, 'total': 13769, 'active': 2, 'seconds': 866.4371054172516}
full_sampling {'phase': 'SCORING', 'pid': 142012, 'updated_unix': 1788888285.53642, 'completed': 496, 'total': 13769, 'active': 2, 'seconds': 898.5676975250244}
full_sampling {'phase': 'SCORING', 'pid': 142012, 'updated_unix': 1788888318.239572, 'completed': 501, 'total': 13769, 'active': 2, 'seconds': 931.2708582878113}
full_sampling {'phase': 'SCORING', 'pid': 142012, 'updated_unix': 1788888351.6869729, 'completed': 505, 'total': 13769, 'active': 2, 'seconds': 964.71826004982}
full_sampling {'phase': 'SCORING', 'pid': 142012, 'updated_unix': 1788888380.3489769, 'completed': 511, 'total': 13769, 'active': 2, 'seconds': 993.3802630901337}
full_sampling {'phase': 'SCORING', 'pid': 142012, 'updated_unix': 1788888405.8708858, 'completed': 516, 'total': 13769, 'active': 2, 'seconds': 1018.9021718502045}
full_sampling {'phase': 'SCORING', 'pid': 142012, 'updated_unix': 1788888438.9137447, 'completed': 520, 'total': 13769, 'active': 2, 'seconds': 1051.9450318813324}
full_sampling {'phase': 'SCORING', 'pid': 142012, 'updated_unix': 1788888469.0427108, 'completed': 525, 'total': 13769, 'active': 2, 'seconds': 1082.0739974975586}
full_sampling {'phase': 'SCORING', 'pid': 142012, 'updated_unix': 1788888499.0021238, 'completed': 531, 'total': 13769, 'active': 2, 'seconds': 1112.033399105072}
full_sampling {'phase': 'SCORING', 'pid': 142012, 'updated_unix': 1788888519.583317, 'completed': 534, 'total': 13769, 'active': 2, 'seconds': 1132.614599943161}
full_sampling {'phase': 'SCORING', 'pid': 142012, 'updated_unix': 1788888553.3074985, 'completed': 540, 'total': 13769, 'active': 2, 'seconds': 1166.3387825489044}
full_sampling {'phase': 'SCORING', 'pid': 142012, 'updated_unix': 1788888593.1331253, 'completed': 549, 'total': 13769, 'active': 2, 'seconds': 1206.1644024848938}
full_sampling {'phase': 'SCORING', 'pid': 142012, 'updated_unix': 1788888613.628414, 'completed': 551, 'total': 13769, 'active': 2, 'seconds': 1226.6596984863281}
full_sampling {'phase': 'SCORING', 'pid': 142012, 'updated_unix': 1788888647.086834, 'completed': 554, 'total': 13769, 'active': 2, 'seconds': 1260.1181197166443}
full_sampling {'phase': 'SCORING', 'pid': 142012, 'updated_unix': 1788888681.1868062, 'completed': 558, 'total': 13769, 'active': 2, 'seconds': 1294.218089580536}
full_sampling {'phase': 'SCORING', 'pid': 142012, 'updated_unix': 1788888712.592493, 'completed': 562, 'total': 13769, 'active': 2, 'seconds': 1325.623776435852}
full_sampling {'phase': 'SCORING', 'pid': 142012, 'updated_unix': 1788888736.0212405, 'completed': 571, 'total': 13769, 'active': 2, 'seconds': 1349.0525259971619}
full_sampling {'phase': 'SCORING', 'pid': 142012, 'updated_unix': 1788888772.0128565, 'completed': 573, 'total': 13769, 'active': 2, 'seconds': 1385.0441436767578}
full_sampling {'phase': 'SCORING', 'pid': 142012, 'updated_unix': 1788888797.7786427, 'completed': 580, 'total': 13769, 'active': 2, 'seconds': 1410.8099291324615}
full_sampling {'phase': 'SCORING', 'pid': 142012, 'updated_unix': 1788888827.1730113, 'completed': 589, 'total': 13769, 'active': 2, 'seconds': 1440.2042961120605}
full_sampling {'phase': 'SCORING', 'pid': 142012, 'updated_unix': 1788888862.4564457, 'completed': 598, 'total': 13769, 'active': 2, 'seconds': 1475.4877314567566}
full_sampling {'phase': 'SCORING', 'pid': 142012, 'updated_unix': 1788888889.9964585, 'completed': 606, 'total': 13769, 'active': 2, 'seconds': 1503.0277452468872}
full_sampling {'phase': 'SCORING', 'pid': 142012, 'updated_unix': 1788888922.1445894, 'completed': 609, 'total': 13769, 'active': 2, 'seconds': 1535.175875902176}
full_sampling {'phase': 'SCORING', 'pid': 142012, 'updated_unix': 1788888953.310293, 'completed': 619, 'total': 13769, 'active': 2, 'seconds': 1566.3415791988373}
full_sampling {'phase': 'SCORING', 'pid': 142012, 'updated_unix': 1788888974.0983486, 'completed': 627, 'total': 13769, 'active': 2, 'seconds': 1587.1296343803406}
full_sampling {'phase': 'SCORING', 'pid': 142012, 'updated_unix': 1788889013.024991, 'completed': 635, 'total': 13769, 'active': 2, 'seconds': 1626.0562770366669}
full_sampling {'phase': 'SCORING', 'pid': 142012, 'updated_unix': 1788889043.3131742, 'completed': 645, 'total': 13769, 'active': 2, 'seconds': 1656.3444509506226}
full_sampling {'phase': 'SCORING', 'pid': 142012, 'updated_unix': 1788889061.5354588, 'completed': 648, 'total': 13769, 'active': 2, 'seconds': 1674.566742181778}
full_sampling {'phase': 'SCORING', 'pid': 142012, 'updated_unix': 1788889101.346055, 'completed': 653, 'total': 13769, 'active': 2, 'seconds': 1714.377338886261}
full_sampling {'phase': 'SCORING', 'pid': 142012, 'updated_unix': 1788889123.9178078, 'completed': 659, 'total': 13769, 'active': 2, 'seconds': 1736.9490926265717}
full_sampling {'phase': 'SCORING', 'pid': 142012, 'updated_unix': 1788889163.3069499, 'completed': 666, 'total': 13769, 'active': 2, 'seconds': 1776.3382351398468}
full_sampling {'phase': 'SCORING', 'pid': 142012, 'updated_unix': 1788889193.4626992, 'completed': 670, 'total': 13769, 'active': 2, 'seconds': 1806.4939823150635}
full_sampling {'phase': 'SCORING', 'pid': 142012, 'updated_unix': 1788889223.339677, 'completed': 673, 'total': 13769, 'active': 2, 'seconds': 1836.3709619045258}
full_sampling {'phase': 'SCORING', 'pid': 142012, 'updated_unix': 1788889251.9068446, 'completed': 680, 'total': 13769, 'active': 2, 'seconds': 1864.9381306171417}
full_sampling {'phase': 'SCORING', 'pid': 142012, 'updated_unix': 1788889283.6258545, 'completed': 694, 'total': 13769, 'active': 2, 'seconds': 1896.6571397781372}
full_sampling {'phase': 'SCORING', 'pid': 142012, 'updated_unix': 1788889298.5719995, 'completed': 702, 'total': 13769, 'active': 2, 'seconds': 1911.6032445430756}
full_sampling {'phase': 'SCORING', 'pid': 142012, 'updated_unix': 1788889339.4656894, 'completed': 710, 'total': 13769, 'active': 2, 'seconds': 1952.496973991394}
full_sampling {'phase': 'SCORING', 'pid': 142012, 'updated_unix': 1788889372.3225684, 'completed': 720, 'total': 13769, 'active': 2, 'seconds': 1985.3538501262665}
full_sampling {'phase': 'SCORING', 'pid': 142012, 'updated_unix': 1788889396.5486014, 'completed': 724, 'total': 13769, 'active': 2, 'seconds': 2009.5798842906952}
full_sampling {'phase': 'SCORING', 'pid': 142012, 'updated_unix': 1788889426.4610322, 'completed': 728, 'total': 13769, 'active': 2, 'seconds': 2039.4923183918}
full_sampling {'phase': 'SCORING', 'pid': 142012, 'updated_unix': 1788889452.4610088, 'completed': 735, 'total': 13769, 'active': 2, 'seconds': 2065.492292165756}
full_sampling {'phase': 'SCORING', 'pid': 142012, 'updated_unix': 1788889493.3143766, 'completed': 742, 'total': 13769, 'active': 2, 'seconds': 2106.345663547516}
full_sampling {'phase': 'SCORING', 'pid': 142012, 'updated_unix': 1788889523.9221044, 'completed': 754, 'total': 13769, 'active': 2, 'seconds': 2136.9533853530884}
full_sampling {'phase': 'SCORING', 'pid': 142012, 'updated_unix': 1788889551.2042809, 'completed': 761, 'total': 13769, 'active': 2, 'seconds': 2164.2355666160583}
full_sampling {'phase': 'SCORING', 'pid': 142012, 'updated_unix': 1788889578.173054, 'completed': 767, 'total': 13769, 'active': 2, 'seconds': 2191.204337835312}
full_sampling {'phase': 'SCORING', 'pid': 142012, 'updated_unix': 1788889606.1401799, 'completed': 773, 'total': 13769, 'active': 2, 'seconds': 2219.171464443207}
full_sampling {'phase': 'SCORING', 'pid': 142012, 'updated_unix': 1788889643.572248, 'completed': 781, 'total': 13769, 'active': 2, 'seconds': 2256.603534221649}
full_sampling {'phase': 'SCORING', 'pid': 142012, 'updated_unix': 1788889670.5704966, 'completed': 787, 'total': 13769, 'active': 2, 'seconds': 2283.6017832756042}
full_sampling {'phase': 'SCORING', 'pid': 142012, 'updated_unix': 1788889697.068174, 'completed': 806, 'total': 13769, 'active': 2, 'seconds': 2310.099460363388}
full_sampling {'phase': 'SCORING', 'pid': 142012, 'updated_unix': 1788889731.5294118, 'completed': 810, 'total': 13769, 'active': 2, 'seconds': 2344.560696363449}
full_sampling {'phase': 'SCORING', 'pid': 142012, 'updated_unix': 1788889763.6439285, 'completed': 822, 'total': 13769, 'active': 2, 'seconds': 2376.6752157211304}
full_sampling {'phase': 'SCORING', 'pid': 142012, 'updated_unix': 1788889794.1612625, 'completed': 831, 'total': 13769, 'active': 2, 'seconds': 2407.1925468444824}
full_sampling {'phase': 'SCORING', 'pid': 142012, 'updated_unix': 1788889821.5331, 'completed': 840, 'total': 13769, 'active': 2, 'seconds': 2434.5643858909607}
full_sampling {'phase': 'SCORING', 'pid': 142012, 'updated_unix': 1788889850.3056693, 'completed': 846, 'total': 13769, 'active': 2, 'seconds': 2463.336955308914}
full_sampling {'phase': 'SCORING', 'pid': 142012, 'updated_unix': 1788889880.473218, 'completed': 850, 'total': 13769, 'active': 2, 'seconds': 2493.504504442215}
full_sampling {'phase': 'SCORING', 'pid': 142012, 'updated_unix': 1788889913.446696, 'completed': 858, 'total': 13769, 'active': 2, 'seconds': 2526.4779822826385}
full_sampling {'phase': 'SCORING', 'pid': 142012, 'updated_unix': 1788889942.5208178, 'completed': 864, 'total': 13769, 'active': 2, 'seconds': 2555.5521001815796}
full_sampling {'phase': 'SCORING', 'pid': 142012, 'updated_unix': 1788889974.3852093, 'completed': 867, 'total': 13769, 'active': 2, 'seconds': 2587.4164955615997}
full_sampling {'phase': 'SCORING', 'pid': 142012, 'updated_unix': 1788890000.147875, 'completed': 870, 'total': 13769, 'active': 2, 'seconds': 2613.17916059494}
full_sampling {'phase': 'SCORING', 'pid': 142012, 'updated_unix': 1788890030.5860305, 'completed': 875, 'total': 13769, 'active': 2, 'seconds': 2643.61731505394}
full_sampling {'phase': 'SCORING', 'pid': 142012, 'updated_unix': 1788890051.9692986, 'completed': 878, 'total': 13769, 'active': 2, 'seconds': 2665.0005848407745}
full_sampling {'phase': 'SCORING', 'pid': 142012, 'updated_unix': 1788890083.9832294, 'completed': 882, 'total': 13769, 'active': 2, 'seconds': 2697.0145149230957}
full_sampling {'phase': 'SCORING', 'pid': 142012, 'updated_unix': 1788890124.032543, 'completed': 888, 'total': 13769, 'active': 2, 'seconds': 2737.0638270378113}
full_sampling {'phase': 'SCORING', 'pid': 142012, 'updated_unix': 1788890153.870119, 'completed': 894, 'total': 13769, 'active': 2, 'seconds': 2766.9014055728912}
full_sampling {'phase': 'SCORING', 'pid': 142012, 'updated_unix': 1788890181.5341408, 'completed': 899, 'total': 13769, 'active': 2, 'seconds': 2794.565420627594}
full_sampling {'phase': 'SCORING', 'pid': 142012, 'updated_unix': 1788890213.9354954, 'completed': 904, 'total': 13769, 'active': 2, 'seconds': 2826.9667823314667}
full_sampling {'phase': 'SCORING', 'pid': 142012, 'updated_unix': 1788890240.4238868, 'completed': 908, 'total': 13769, 'active': 2, 'seconds': 2853.4551742076874}
full_sampling {'phase': 'SCORING', 'pid': 142012, 'updated_unix': 1788890266.1893573, 'completed': 914, 'total': 13769, 'active': 2, 'seconds': 2879.220643758774}
full_sampling {'phase': 'SCORING', 'pid': 142012, 'updated_unix': 1788890280.0118167, 'completed': 916, 'total': 13769, 'active': 2, 'seconds': 2893.043103456497}
full_sampling {'phase': 'SCORING', 'pid': 142012, 'updated_unix': 1788890327.3677907, 'completed': 920, 'total': 13769, 'active': 2, 'seconds': 2940.3990783691406}
full_sampling {'phase': 'SCORING', 'pid': 142012, 'updated_unix': 1788890359.627958, 'completed': 925, 'total': 13769, 'active': 2, 'seconds': 2972.6592452526093}
full_sampling {'phase': 'SCORING', 'pid': 142012, 'updated_unix': 1788890392.5500748, 'completed': 930, 'total': 13769, 'active': 2, 'seconds': 3005.5813608169556}
full_sampling {'phase': 'SCORING', 'pid': 142012, 'updated_unix': 1788890420.0895846, 'completed': 934, 'total': 13769, 'active': 2, 'seconds': 3033.120868206024}
full_sampling {'phase': 'SCORING', 'pid': 142012, 'updated_unix': 1788890453.2293212, 'completed': 937, 'total': 13769, 'active': 2, 'seconds': 3066.2606031894684}
full_sampling {'phase': 'SCORING', 'pid': 142012, 'updated_unix': 1788890484.8080866, 'completed': 941, 'total': 13769, 'active': 2, 'seconds': 3097.839372396469}
full_sampling {'phase': 'SCORING', 'pid': 142012, 'updated_unix': 1788890513.357057, 'completed': 946, 'total': 13769, 'active': 2, 'seconds': 3126.388340473175}
full_sampling {'phase': 'SCORING', 'pid': 142012, 'updated_unix': 1788890541.1030514, 'completed': 951, 'total': 13769, 'active': 2, 'seconds': 3154.1343383789062}
full_sampling {'phase': 'SCORING', 'pid': 142012, 'updated_unix': 1788890571.4888008, 'completed': 958, 'total': 13769, 'active': 2, 'seconds': 3184.5200877189636}
full_sampling {'phase': 'SCORING', 'pid': 142012, 'updated_unix': 1788890603.2705321, 'completed': 963, 'total': 13769, 'active': 2, 'seconds': 3216.3018140792847}
full_sampling {'phase': 'SCORING', 'pid': 142012, 'updated_unix': 1788890629.1274178, 'completed': 967, 'total': 13769, 'active': 2, 'seconds': 3242.15869474411}
full_sampling {'phase': 'SCORING', 'pid': 142012, 'updated_unix': 1788890664.1496723, 'completed': 972, 'total': 13769, 'active': 2, 'seconds': 3277.1809542179108}
full_sampling {'phase': 'SCORING', 'pid': 142012, 'updated_unix': 1788890690.3270032, 'completed': 976, 'total': 13769, 'active': 2, 'seconds': 3303.3582904338837}
full_sampling {'phase': 'SCORING', 'pid': 142012, 'updated_unix': 1788890717.8258007, 'completed': 980, 'total': 13769, 'active': 2, 'seconds': 3330.8570868968964}
full_sampling {'phase': 'SCORING', 'pid': 142012, 'updated_unix': 1788890746.9031498, 'completed': 984, 'total': 13769, 'active': 2, 'seconds': 3359.9344358444214}
full_sampling {'phase': 'SCORING', 'pid': 142012, 'updated_unix': 1788890782.3874164, 'completed': 987, 'total': 13769, 'active': 2, 'seconds': 3395.418702363968}
full_sampling {'phase': 'SCORING', 'pid': 142012, 'updated_unix': 1788890810.9099543, 'completed': 990, 'total': 13769, 'active': 2, 'seconds': 3423.941236972809}
full_sampling {'phase': 'SCORING', 'pid': 142012, 'updated_unix': 1788890833.1175382, 'completed': 993, 'total': 13769, 'active': 2, 'seconds': 3446.1488201618195}
full_sampling {'phase': 'SCORING', 'pid': 142012, 'updated_unix': 1788890870.5184286, 'completed': 1000, 'total': 13769, 'active': 2, 'seconds': 3483.54971241951}
full_sampling {'phase': 'SCORING', 'pid': 142012, 'updated_unix': 1788890889.9596841, 'completed': 1002, 'total': 13769, 'active': 2, 'seconds': 3502.9909665584564}
full_sampling {'phase': 'SCORING', 'pid': 142012, 'updated_unix': 1788890925.7985837, 'completed': 1006, 'total': 13769, 'active': 2, 'seconds': 3538.829862833023}
full_sampling {'phase': 'SCORING', 'pid': 142012, 'updated_unix': 1788890963.9180608, 'completed': 1011, 'total': 13769, 'active': 2, 'seconds': 3576.9493470191956}
full_sampling {'phase': 'SCORING', 'pid': 142012, 'updated_unix': 1788890983.5781906, 'completed': 1016, 'total': 13769, 'active': 2, 'seconds': 3596.6094777584076}
full_sampling {'phase': 'SCORING', 'pid': 142012, 'updated_unix': 1788891021.9553823, 'completed': 1020, 'total': 13769, 'active': 2, 'seconds': 3634.9866693019867}
full_sampling {'phase': 'SCORING', 'pid': 142012, 'updated_unix': 1788891050.087309, 'completed': 1024, 'total': 13769, 'active': 2, 'seconds': 3663.1185948848724}
full_sampling {'phase': 'SCORING', 'pid': 142012, 'updated_unix': 1788891077.1475692, 'completed': 1029, 'total': 13769, 'active': 2, 'seconds': 3690.178848028183}
full_sampling {'phase': 'SCORING', 'pid': 142012, 'updated_unix': 1788891110.9287043, 'completed': 1033, 'total': 13769, 'active': 2, 'seconds': 3723.9599900245667}
full_sampling {'phase': 'SCORING', 'pid': 142012, 'updated_unix': 1788891139.2112288, 'completed': 1036, 'total': 13769, 'active': 2, 'seconds': 3752.2425129413605}
full_sampling {'phase': 'SCORING', 'pid': 142012, 'updated_unix': 1788891171.9630551, 'completed': 1040, 'total': 13769, 'active': 2, 'seconds': 3784.9943418502808}
full_sampling {'phase': 'SCORING', 'pid': 142012, 'updated_unix': 1788891197.7393255, 'completed': 1045, 'total': 13769, 'active': 2, 'seconds': 3810.7706117630005}
full_sampling {'phase': 'SCORING', 'pid': 142012, 'updated_unix': 1788891224.2866294, 'completed': 1049, 'total': 13769, 'active': 2, 'seconds': 3837.317915916443}
full_sampling {'phase': 'SCORING', 'pid': 142012, 'updated_unix': 1788891255.9058821, 'completed': 1054, 'total': 13769, 'active': 2, 'seconds': 3868.9371688365936}
full_sampling {'phase': 'SCORING', 'pid': 142012, 'updated_unix': 1788891294.79557, 'completed': 1058, 'total': 13769, 'active': 2, 'seconds': 3907.8268563747406}
full_sampling {'phase': 'SCORING', 'pid': 142012, 'updated_unix': 1788891322.015403, 'completed': 1061, 'total': 13769, 'active': 2, 'seconds': 3935.0466854572296}
full_sampling {'phase': 'SCORING', 'pid': 142012, 'updated_unix': 1788891349.262951, 'completed': 1066, 'total': 13769, 'active': 2, 'seconds': 3962.294234752655}
full_sampling {'phase': 'SCORING', 'pid': 142012, 'updated_unix': 1788891379.153759, 'completed': 1070, 'total': 13769, 'active': 2, 'seconds': 3992.185042619705}
full_sampling {'phase': 'SCORING', 'pid': 142012, 'updated_unix': 1788891407.51386, 'completed': 1075, 'total': 13769, 'active': 2, 'seconds': 4020.5451469421387}
full_sampling {'phase': 'SCORING', 'pid': 142012, 'updated_unix': 1788891444.5054913, 'completed': 1081, 'total': 13769, 'active': 2, 'seconds': 4057.536777496338}
full_sampling {'phase': 'SCORING', 'pid': 142012, 'updated_unix': 1788891472.0579162, 'completed': 1087, 'total': 13769, 'active': 2, 'seconds': 4085.0892021656036}
full_sampling {'phase': 'SCORING', 'pid': 142012, 'updated_unix': 1788891505.5460176, 'completed': 1091, 'total': 13769, 'active': 2, 'seconds': 4118.5773022174835}
full_sampling {'phase': 'SCORING', 'pid': 142012, 'updated_unix': 1788891535.4432418, 'completed': 1096, 'total': 13769, 'active': 2, 'seconds': 4148.474520921707}
full_sampling {'phase': 'SCORING', 'pid': 142012, 'updated_unix': 1788891564.5815604, 'completed': 1101, 'total': 13769, 'active': 2, 'seconds': 4177.61284661293}
full_sampling {'phase': 'SCORING', 'pid': 142012, 'updated_unix': 1788891594.1717572, 'completed': 1105, 'total': 13769, 'active': 2, 'seconds': 4207.203043937683}
full_sampling {'phase': 'SCORING', 'pid': 142012, 'updated_unix': 1788891623.8056705, 'completed': 1110, 'total': 13769, 'active': 2, 'seconds': 4236.836953163147}
full_sampling {'phase': 'SCORING', 'pid': 142012, 'updated_unix': 1788891653.151702, 'completed': 1116, 'total': 13769, 'active': 2, 'seconds': 4266.182988882065}
full_sampling {'phase': 'SCORING', 'pid': 142012, 'updated_unix': 1788891680.7621202, 'completed': 1121, 'total': 13769, 'active': 2, 'seconds': 4293.7934057712555}
full_sampling {'phase': 'SCORING', 'pid': 142012, 'updated_unix': 1788891714.90159, 'completed': 1128, 'total': 13769, 'active': 2, 'seconds': 4327.93287396431}
full_sampling {'phase': 'SCORING', 'pid': 142012, 'updated_unix': 1788891741.0017614, 'completed': 1132, 'total': 13769, 'active': 2, 'seconds': 4354.033048152924}
full_sampling {'phase': 'SCORING', 'pid': 142012, 'updated_unix': 1788891765.1804, 'completed': 1138, 'total': 13769, 'active': 2, 'seconds': 4378.211686372757}
full_sampling {'phase': 'SCORING', 'pid': 142012, 'updated_unix': 1788891803.7446623, 'completed': 1144, 'total': 13769, 'active': 2, 'seconds': 4416.775948524475}
full_sampling {'phase': 'SCORING', 'pid': 142012, 'updated_unix': 1788891830.8110218, 'completed': 1149, 'total': 13769, 'active': 2, 'seconds': 4443.842308998108}
full_sampling {'phase': 'SCORING', 'pid': 142012, 'updated_unix': 1788891859.8234448, 'completed': 1154, 'total': 13769, 'active': 2, 'seconds': 4472.854731559753}
full_sampling {'phase': 'SCORING', 'pid': 142012, 'updated_unix': 1788891893.7950268, 'completed': 1159, 'total': 13769, 'active': 2, 'seconds': 4506.826313972473}
full_sampling {'phase': 'SCORING', 'pid': 142012, 'updated_unix': 1788891925.5793536, 'completed': 1167, 'total': 13769, 'active': 2, 'seconds': 4538.610640287399}
full_sampling {'phase': 'SCORING', 'pid': 142012, 'updated_unix': 1788891955.3745756, 'completed': 1176, 'total': 13769, 'active': 2, 'seconds': 4568.40586233139}
full_sampling {'phase': 'SCORING', 'pid': 142012, 'updated_unix': 1788891981.7030964, 'completed': 1180, 'total': 13769, 'active': 2, 'seconds': 4594.734379529953}
full_sampling {'phase': 'SCORING', 'pid': 142012, 'updated_unix': 1788892010.9669554, 'completed': 1185, 'total': 13769, 'active': 2, 'seconds': 4623.998238801956}
full_sampling {'phase': 'SCORING', 'pid': 142012, 'updated_unix': 1788892040.303764, 'completed': 1190, 'total': 13769, 'active': 2, 'seconds': 4653.335050821304}
full_sampling {'phase': 'SCORING', 'pid': 142012, 'updated_unix': 1788892074.0460746, 'completed': 1197, 'total': 13769, 'active': 2, 'seconds': 4687.077357769012}
full_sampling {'phase': 'SCORING', 'pid': 142012, 'updated_unix': 1788892102.78634, 'completed': 1203, 'total': 13769, 'active': 2, 'seconds': 4715.817616224289}
full_sampling {'phase': 'SCORING', 'pid': 142012, 'updated_unix': 1788892127.6056504, 'completed': 1206, 'total': 13769, 'active': 2, 'seconds': 4740.636938095093}
full_sampling {'phase': 'SCORING', 'pid': 142012, 'updated_unix': 1788892162.324756, 'completed': 1211, 'total': 13769, 'active': 2, 'seconds': 4775.356031656265}
full_sampling {'phase': 'SCORING', 'pid': 142012, 'updated_unix': 1788892191.3903987, 'completed': 1215, 'total': 13769, 'active': 2, 'seconds': 4804.4216849803925}
full_sampling {'phase': 'SCORING', 'pid': 142012, 'updated_unix': 1788892216.3129022, 'completed': 1220, 'total': 13769, 'active': 2, 'seconds': 4829.344184875488}
full_sampling {'phase': 'SCORING', 'pid': 142012, 'updated_unix': 1788892253.6115806, 'completed': 1228, 'total': 13769, 'active': 2, 'seconds': 4866.642867803574}
full_sampling {'phase': 'SCORING', 'pid': 142012, 'updated_unix': 1788892284.4138205, 'completed': 1231, 'total': 13769, 'active': 2, 'seconds': 4897.445106267929}
full_sampling {'phase': 'SCORING', 'pid': 142012, 'updated_unix': 1788892315.1417174, 'completed': 1236, 'total': 13769, 'active': 2, 'seconds': 4928.173004150391}
full_sampling {'phase': 'SCORING', 'pid': 142012, 'updated_unix': 1788892343.0407817, 'completed': 1240, 'total': 13769, 'active': 2, 'seconds': 4956.0720682144165}
full_sampling {'phase': 'SCORING', 'pid': 142012, 'updated_unix': 1788892369.8262146, 'completed': 1245, 'total': 13769, 'active': 2, 'seconds': 4982.85750079155}
full_sampling {'phase': 'SCORING', 'pid': 142012, 'updated_unix': 1788892397.170753, 'completed': 1250, 'total': 13769, 'active': 2, 'seconds': 5010.202039718628}
full_sampling {'phase': 'SCORING', 'pid': 142012, 'updated_unix': 1788892434.7904296, 'completed': 1255, 'total': 13769, 'active': 2, 'seconds': 5047.821712970734}
full_sampling {'phase': 'SCORING', 'pid': 142012, 'updated_unix': 1788892465.5275068, 'completed': 1260, 'total': 13769, 'active': 2, 'seconds': 5078.558793067932}
full_sampling {'phase': 'SCORING', 'pid': 142012, 'updated_unix': 1788892493.3022807, 'completed': 1265, 'total': 13769, 'active': 2, 'seconds': 5106.333567619324}
full_sampling {'phase': 'SCORING', 'pid': 142012, 'updated_unix': 1788892522.9059472, 'completed': 1271, 'total': 13769, 'active': 2, 'seconds': 5135.9372301101685}
full_sampling {'phase': 'SCORING', 'pid': 142012, 'updated_unix': 1788892551.5142949, 'completed': 1276, 'total': 13769, 'active': 2, 'seconds': 5164.545581579208}
full_sampling {'phase': 'SCORING', 'pid': 142012, 'updated_unix': 1788892584.836388, 'completed': 1284, 'total': 13769, 'active': 2, 'seconds': 5197.867675304413}
full_sampling {'phase': 'SCORING', 'pid': 142012, 'updated_unix': 1788892609.446795, 'completed': 1288, 'total': 13769, 'active': 2, 'seconds': 5222.478081226349}
full_sampling {'phase': 'SCORING', 'pid': 142012, 'updated_unix': 1788892636.1141567, 'completed': 1292, 'total': 13769, 'active': 2, 'seconds': 5249.145442485809}
full_sampling {'phase': 'SCORING', 'pid': 142012, 'updated_unix': 1788892676.5733824, 'completed': 1297, 'total': 13769, 'active': 2, 'seconds': 5289.6046686172485}
full_sampling {'phase': 'SCORING', 'pid': 142012, 'updated_unix': 1788892704.6709754, 'completed': 1302, 'total': 13769, 'active': 2, 'seconds': 5317.702258825302}
full_sampling {'phase': 'SCORING', 'pid': 142012, 'updated_unix': 1788892729.9098225, 'completed': 1304, 'total': 13769, 'active': 2, 'seconds': 5342.94110918045}
full_sampling {'phase': 'SCORING', 'pid': 142012, 'updated_unix': 1788892758.5354538, 'completed': 1308, 'total': 13769, 'active': 2, 'seconds': 5371.566740274429}
full_sampling {'phase': 'SCORING', 'pid': 142012, 'updated_unix': 1788892794.5506248, 'completed': 1314, 'total': 13769, 'active': 2, 'seconds': 5407.581908941269}
full_sampling {'phase': 'SCORING', 'pid': 142012, 'updated_unix': 1788892824.3106453, 'completed': 1320, 'total': 13769, 'active': 2, 'seconds': 5437.3419325351715}
full_sampling {'phase': 'SCORING', 'pid': 142012, 'updated_unix': 1788892852.2534516, 'completed': 1324, 'total': 13769, 'active': 2, 'seconds': 5465.284738302231}
full_sampling {'phase': 'SCORING', 'pid': 142012, 'updated_unix': 1788892878.132156, 'completed': 1330, 'total': 13769, 'active': 2, 'seconds': 5491.163441896439}
full_sampling {'phase': 'SCORING', 'pid': 142012, 'updated_unix': 1788892916.2808895, 'completed': 1334, 'total': 13769, 'active': 2, 'seconds': 5529.312175989151}
full_sampling {'phase': 'SCORING', 'pid': 142012, 'updated_unix': 1788892945.7167907, 'completed': 1340, 'total': 13769, 'active': 2, 'seconds': 5558.74807715416}
full_sampling {'phase': 'SCORING', 'pid': 142012, 'updated_unix': 1788892973.1043062, 'completed': 1345, 'total': 13769, 'active': 2, 'seconds': 5586.135592699051}
full_sampling {'phase': 'SCORING', 'pid': 142012, 'updated_unix': 1788893006.7016835, 'completed': 1351, 'total': 13769, 'active': 2, 'seconds': 5619.732970237732}
full_sampling {'phase': 'SCORING', 'pid': 142012, 'updated_unix': 1788893034.1775255, 'completed': 1355, 'total': 13769, 'active': 2, 'seconds': 5647.208810806274}
full_sampling {'phase': 'SCORING', 'pid': 142012, 'updated_unix': 1788893064.5229402, 'completed': 1359, 'total': 13769, 'active': 2, 'seconds': 5677.554226398468}
full_sampling {'phase': 'SCORING', 'pid': 142012, 'updated_unix': 1788893088.5657094, 'completed': 1363, 'total': 13769, 'active': 2, 'seconds': 5701.596995592117}
full_sampling {'phase': 'SCORING', 'pid': 142012, 'updated_unix': 1788893125.8956912, 'completed': 1370, 'total': 13769, 'active': 2, 'seconds': 5738.926969051361}
full_sampling {'phase': 'SCORING', 'pid': 142012, 'updated_unix': 1788893155.313183, 'completed': 1375, 'total': 13769, 'active': 2, 'seconds': 5768.344470024109}
full_sampling {'phase': 'SCORING', 'pid': 142012, 'updated_unix': 1788893186.657273, 'completed': 1384, 'total': 13769, 'active': 2, 'seconds': 5799.688559293747}
full_sampling {'phase': 'SCORING', 'pid': 142012, 'updated_unix': 1788893215.3373265, 'completed': 1391, 'total': 13769, 'active': 2, 'seconds': 5828.368614435196}
full_sampling {'phase': 'SCORING', 'pid': 142012, 'updated_unix': 1788893237.1219108, 'completed': 1393, 'total': 13769, 'active': 2, 'seconds': 5850.15319776535}
full_sampling {'phase': 'SCORING', 'pid': 142012, 'updated_unix': 1788893272.7030952, 'completed': 1399, 'total': 13769, 'active': 2, 'seconds': 5885.7343809604645}
full_sampling {'phase': 'SCORING', 'pid': 142012, 'updated_unix': 1788893305.487317, 'completed': 1406, 'total': 13769, 'active': 2, 'seconds': 5918.51860165596}
full_sampling {'phase': 'SCORING', 'pid': 142012, 'updated_unix': 1788893336.9451356, 'completed': 1415, 'total': 13769, 'active': 2, 'seconds': 5949.976419210434}
full_sampling {'phase': 'SCORING', 'pid': 142012, 'updated_unix': 1788893355.7868614, 'completed': 1420, 'total': 13769, 'active': 2, 'seconds': 5968.818148612976}
full_sampling {'phase': 'SCORING', 'pid': 142012, 'updated_unix': 1788893393.720158, 'completed': 1424, 'total': 13769, 'active': 2, 'seconds': 6006.7514452934265}
full_sampling {'phase': 'SCORING', 'pid': 142012, 'updated_unix': 1788893418.345229, 'completed': 1430, 'total': 13769, 'active': 2, 'seconds': 6031.37651348114}
full_sampling {'phase': 'SCORING', 'pid': 142012, 'updated_unix': 1788893455.010986, 'completed': 1440, 'total': 13769, 'active': 2, 'seconds': 6068.042272806168}
full_sampling {'phase': 'SCORING', 'pid': 142012, 'updated_unix': 1788893483.4222918, 'completed': 1446, 'total': 13769, 'active': 2, 'seconds': 6096.4535779953}
full_sampling {'phase': 'SCORING', 'pid': 142012, 'updated_unix': 1788893516.1950274, 'completed': 1452, 'total': 13769, 'active': 2, 'seconds': 6129.226314783096}
full_sampling {'phase': 'SCORING', 'pid': 142012, 'updated_unix': 1788893534.5734684, 'completed': 1455, 'total': 13769, 'active': 2, 'seconds': 6147.604755163193}
full_sampling {'phase': 'SCORING', 'pid': 142012, 'updated_unix': 1788893575.3401837, 'completed': 1462, 'total': 13769, 'active': 2, 'seconds': 6188.371470451355}
full_sampling {'phase': 'SCORING', 'pid': 142012, 'updated_unix': 1788893606.334908, 'completed': 1468, 'total': 13769, 'active': 2, 'seconds': 6219.366190671921}
full_sampling {'phase': 'SCORING', 'pid': 142012, 'updated_unix': 1788893634.9166496, 'completed': 1475, 'total': 13769, 'active': 2, 'seconds': 6247.947934150696}
full_sampling {'phase': 'SCORING', 'pid': 142012, 'updated_unix': 1788893665.829346, 'completed': 1481, 'total': 13769, 'active': 2, 'seconds': 6278.860632419586}
full_sampling {'phase': 'SCORING', 'pid': 142012, 'updated_unix': 1788893696.13874, 'completed': 1486, 'total': 13769, 'active': 2, 'seconds': 6309.170024394989}
full_sampling {'phase': 'SCORING', 'pid': 142012, 'updated_unix': 1788893722.3579981, 'completed': 1491, 'total': 13769, 'active': 2, 'seconds': 6335.389284610748}
full_sampling {'phase': 'SCORING', 'pid': 142012, 'updated_unix': 1788893747.949639, 'completed': 1496, 'total': 13769, 'active': 2, 'seconds': 6360.980926275253}
full_sampling {'phase': 'SCORING', 'pid': 142012, 'updated_unix': 1788893784.5960305, 'completed': 1501, 'total': 13769, 'active': 2, 'seconds': 6397.627316474915}
full_sampling {'phase': 'SCORING', 'pid': 142012, 'updated_unix': 1788893808.0138426, 'completed': 1508, 'total': 13769, 'active': 2, 'seconds': 6421.045129776001}
full_sampling {'phase': 'SCORING', 'pid': 142012, 'updated_unix': 1788893844.8546937, 'completed': 1514, 'total': 13769, 'active': 2, 'seconds': 6457.8859803676605}
full_sampling {'phase': 'SCORING', 'pid': 142012, 'updated_unix': 1788893877.1123588, 'completed': 1518, 'total': 13769, 'active': 2, 'seconds': 6490.143642425537}
full_sampling {'phase': 'SCORING', 'pid': 142012, 'updated_unix': 1788893904.9321015, 'completed': 1524, 'total': 13769, 'active': 2, 'seconds': 6517.963387966156}
full_sampling {'phase': 'SCORING', 'pid': 142012, 'updated_unix': 1788893929.7982066, 'completed': 1528, 'total': 13769, 'active': 2, 'seconds': 6542.82949256897}
full_sampling {'phase': 'SCORING', 'pid': 142012, 'updated_unix': 1788893963.0877235, 'completed': 1537, 'total': 13769, 'active': 2, 'seconds': 6576.119010210037}
full_sampling {'phase': 'SCORING', 'pid': 142012, 'updated_unix': 1788893993.021975, 'completed': 1545, 'total': 13769, 'active': 2, 'seconds': 6606.053262472153}
full_sampling {'phase': 'SCORING', 'pid': 142012, 'updated_unix': 1788894018.2198033, 'completed': 1552, 'total': 13769, 'active': 2, 'seconds': 6631.251084804535}
full_sampling {'phase': 'SCORING', 'pid': 142012, 'updated_unix': 1788894057.389048, 'completed': 1559, 'total': 13769, 'active': 2, 'seconds': 6670.420334100723}
full_sampling {'phase': 'SCORING', 'pid': 142012, 'updated_unix': 1788894082.2832127, 'completed': 1563, 'total': 13769, 'active': 2, 'seconds': 6695.314499378204}
full_sampling {'phase': 'SCORING', 'pid': 142012, 'updated_unix': 1788894113.9988236, 'completed': 1568, 'total': 13769, 'active': 2, 'seconds': 6727.030109882355}
full_sampling {'phase': 'SCORING', 'pid': 142012, 'updated_unix': 1788894142.0132194, 'completed': 1573, 'total': 13769, 'active': 2, 'seconds': 6755.044505596161}
full_sampling {'phase': 'SCORING', 'pid': 142012, 'updated_unix': 1788894167.5113852, 'completed': 1576, 'total': 13769, 'active': 2, 'seconds': 6780.542671203613}
full_sampling {'phase': 'SCORING', 'pid': 142012, 'updated_unix': 1788894199.1595068, 'completed': 1581, 'total': 13769, 'active': 2, 'seconds': 6812.19079041481}
full_sampling {'phase': 'SCORING', 'pid': 142012, 'updated_unix': 1788894237.0692892, 'completed': 1586, 'total': 13769, 'active': 2, 'seconds': 6850.1005709171295}
full_sampling {'phase': 'SCORING', 'pid': 142012, 'updated_unix': 1788894253.4084752, 'completed': 1588, 'total': 13769, 'active': 2, 'seconds': 6866.439761638641}
full_sampling {'phase': 'SCORING', 'pid': 142012, 'updated_unix': 1788894297.1300232, 'completed': 1593, 'total': 13769, 'active': 2, 'seconds': 6910.161309719086}
full_sampling {'phase': 'SCORING', 'pid': 142012, 'updated_unix': 1788894327.537661, 'completed': 1596, 'total': 13769, 'active': 2, 'seconds': 6940.568948030472}
full_sampling {'phase': 'SCORING', 'pid': 142012, 'updated_unix': 1788894352.6789372, 'completed': 1600, 'total': 13769, 'active': 2, 'seconds': 6965.710223436356}
full_sampling {'phase': 'SCORING', 'pid': 142012, 'updated_unix': 1788894387.7010279, 'completed': 1607, 'total': 13769, 'active': 2, 'seconds': 7000.7323117256165}
full_sampling {'phase': 'SCORING', 'pid': 142012, 'updated_unix': 1788894415.8074124, 'completed': 1614, 'total': 13769, 'active': 2, 'seconds': 7028.83869934082}
full_sampling {'phase': 'SCORING', 'pid': 142012, 'updated_unix': 1788894441.1035597, 'completed': 1618, 'total': 13769, 'active': 2, 'seconds': 7054.134846687317}
full_sampling {'phase': 'SCORING', 'pid': 142012, 'updated_unix': 1788894471.8847253, 'completed': 1621, 'total': 13769, 'active': 2, 'seconds': 7084.916011571884}
full_sampling {'phase': 'SCORING', 'pid': 142012, 'updated_unix': 1788894506.8753245, 'completed': 1626, 'total': 13769, 'active': 2, 'seconds': 7119.906611442566}
full_sampling {'phase': 'SCORING', 'pid': 142012, 'updated_unix': 1788894537.5335908, 'completed': 1631, 'total': 13769, 'active': 2, 'seconds': 7150.564877748489}
full_sampling {'phase': 'SCORING', 'pid': 142012, 'updated_unix': 1788894567.2562153, 'completed': 1636, 'total': 13769, 'active': 2, 'seconds': 7180.287502288818}
full_sampling {'phase': 'SCORING', 'pid': 142012, 'updated_unix': 1788894597.5518663, 'completed': 1642, 'total': 13769, 'active': 2, 'seconds': 7210.583152770996}
full_sampling {'phase': 'SCORING', 'pid': 142012, 'updated_unix': 1788894627.3709805, 'completed': 1648, 'total': 13769, 'active': 2, 'seconds': 7240.402266740799}
full_sampling {'phase': 'SCORING', 'pid': 142012, 'updated_unix': 1788894657.8791878, 'completed': 1656, 'total': 13769, 'active': 2, 'seconds': 7270.910473823547}
full_sampling {'phase': 'SCORING', 'pid': 142012, 'updated_unix': 1788894682.056271, 'completed': 1660, 'total': 13769, 'active': 2, 'seconds': 7295.087557792664}
full_sampling {'phase': 'SCORING', 'pid': 142012, 'updated_unix': 1788894711.8490632, 'completed': 1664, 'total': 13769, 'active': 2, 'seconds': 7324.880347490311}
full_sampling {'phase': 'SCORING', 'pid': 142012, 'updated_unix': 1788894746.5351603, 'completed': 1669, 'total': 13769, 'active': 2, 'seconds': 7359.566446781158}
full_sampling {'phase': 'SCORING', 'pid': 142012, 'updated_unix': 1788894770.4478238, 'completed': 1673, 'total': 13769, 'active': 2, 'seconds': 7383.479110479355}
full_sampling {'phase': 'SCORING', 'pid': 142012, 'updated_unix': 1788894803.351132, 'completed': 1677, 'total': 13769, 'active': 2, 'seconds': 7416.38241815567}
full_sampling {'phase': 'SCORING', 'pid': 142012, 'updated_unix': 1788894831.0001357, 'completed': 1683, 'total': 13769, 'active': 2, 'seconds': 7444.0314218997955}
full_sampling {'phase': 'SCORING', 'pid': 142012, 'updated_unix': 1788894860.6783788, 'completed': 1687, 'total': 13769, 'active': 2, 'seconds': 7473.709661483765}
full_sampling {'phase': 'SCORING', 'pid': 142012, 'updated_unix': 1788894896.1601706, 'completed': 1695, 'total': 13769, 'active': 2, 'seconds': 7509.19145488739}
full_sampling {'phase': 'SCORING', 'pid': 142012, 'updated_unix': 1788894924.188207, 'completed': 1700, 'total': 13769, 'active': 2, 'seconds': 7537.219493150711}
full_sampling {'phase': 'SCORING', 'pid': 142012, 'updated_unix': 1788894952.3720593, 'completed': 1708, 'total': 13769, 'active': 2, 'seconds': 7565.403346538544}
full_sampling {'phase': 'SCORING', 'pid': 142012, 'updated_unix': 1788894977.8509076, 'completed': 1712, 'total': 13769, 'active': 2, 'seconds': 7590.882194280624}
full_sampling {'phase': 'SCORING', 'pid': 142012, 'updated_unix': 1788895007.7905798, 'completed': 1717, 'total': 13769, 'active': 2, 'seconds': 7620.82186627388}
full_sampling {'phase': 'SCORING', 'pid': 142012, 'updated_unix': 1788895046.3102286, 'completed': 1724, 'total': 13769, 'active': 2, 'seconds': 7659.341511011124}
full_sampling {'phase': 'SCORING', 'pid': 142012, 'updated_unix': 1788895075.703532, 'completed': 1731, 'total': 13769, 'active': 2, 'seconds': 7688.734819173813}
full_sampling {'phase': 'SCORING', 'pid': 142012, 'updated_unix': 1788895101.5248864, 'completed': 1736, 'total': 13769, 'active': 2, 'seconds': 7714.556173801422}
full_sampling {'phase': 'SCORING', 'pid': 142012, 'updated_unix': 1788895134.6829245, 'completed': 1740, 'total': 13769, 'active': 2, 'seconds': 7747.714211463928}
full_sampling {'phase': 'SCORING', 'pid': 142012, 'updated_unix': 1788895168.6860237, 'completed': 1749, 'total': 13769, 'active': 2, 'seconds': 7781.717310190201}
full_sampling {'phase': 'SCORING', 'pid': 142012, 'updated_unix': 1788895195.2956367, 'completed': 1756, 'total': 13769, 'active': 2, 'seconds': 7808.32692360878}
full_sampling {'phase': 'SCORING', 'pid': 142012, 'updated_unix': 1788895220.1516407, 'completed': 1761, 'total': 13769, 'active': 2, 'seconds': 7833.182926893234}
full_sampling {'phase': 'SCORING', 'pid': 142012, 'updated_unix': 1788895252.3054407, 'completed': 1766, 'total': 13769, 'active': 2, 'seconds': 7865.336726903915}
full_sampling {'phase': 'SCORING', 'pid': 142012, 'updated_unix': 1788895284.7793725, 'completed': 1773, 'total': 13769, 'active': 2, 'seconds': 7897.810659646988}
full_sampling {'phase': 'SCORING', 'pid': 142012, 'updated_unix': 1788895314.3524523, 'completed': 1779, 'total': 13769, 'active': 2, 'seconds': 7927.383738040924}
full_sampling {'phase': 'SCORING', 'pid': 142012, 'updated_unix': 1788895341.126995, 'completed': 1784, 'total': 13769, 'active': 2, 'seconds': 7954.158281803131}
full_sampling {'phase': 'SCORING', 'pid': 142012, 'updated_unix': 1788895374.0758755, 'completed': 1790, 'total': 13769, 'active': 2, 'seconds': 7987.1071627140045}
full_sampling {'phase': 'SCORING', 'pid': 142012, 'updated_unix': 1788895407.4099083, 'completed': 1797, 'total': 13769, 'active': 2, 'seconds': 8020.4411952495575}
full_sampling {'phase': 'SCORING', 'pid': 142012, 'updated_unix': 1788895437.373844, 'completed': 1804, 'total': 13769, 'active': 2, 'seconds': 8050.40512752533}
full_sampling {'phase': 'SCORING', 'pid': 142012, 'updated_unix': 1788895464.1400833, 'completed': 1809, 'total': 13769, 'active': 2, 'seconds': 8077.171369791031}
full_sampling {'phase': 'SCORING', 'pid': 142012, 'updated_unix': 1788895498.8765306, 'completed': 1817, 'total': 13769, 'active': 2, 'seconds': 8111.907817602158}
full_sampling {'phase': 'SCORING', 'pid': 142012, 'updated_unix': 1788895520.5256233, 'completed': 1823, 'total': 13769, 'active': 2, 'seconds': 8133.556910276413}
full_sampling {'phase': 'SCORING', 'pid': 142012, 'updated_unix': 1788895555.2936423, 'completed': 1829, 'total': 13769, 'active': 2, 'seconds': 8168.3249254226685}
full_sampling {'phase': 'SCORING', 'pid': 142012, 'updated_unix': 1788895577.9982526, 'completed': 1832, 'total': 13769, 'active': 2, 'seconds': 8191.029539108276}
full_sampling {'phase': 'SCORING', 'pid': 142012, 'updated_unix': 1788895614.621251, 'completed': 1838, 'total': 13769, 'active': 2, 'seconds': 8227.652537584305}
full_sampling {'phase': 'SCORING', 'pid': 142012, 'updated_unix': 1788895648.6312952, 'completed': 1844, 'total': 13769, 'active': 2, 'seconds': 8261.662581443787}
full_sampling {'phase': 'SCORING', 'pid': 142012, 'updated_unix': 1788895675.6298497, 'completed': 1848, 'total': 13769, 'active': 2, 'seconds': 8288.661129713058}
full_sampling {'phase': 'SCORING', 'pid': 142012, 'updated_unix': 1788895701.3141463, 'completed': 1853, 'total': 13769, 'active': 2, 'seconds': 8314.345433950424}
full_sampling {'phase': 'SCORING', 'pid': 142012, 'updated_unix': 1788895738.5366478, 'completed': 1860, 'total': 13769, 'active': 2, 'seconds': 8351.567916631699}
full_sampling {'phase': 'SCORING', 'pid': 142012, 'updated_unix': 1788895769.1751108, 'completed': 1867, 'total': 13769, 'active': 2, 'seconds': 8382.206398010254}
full_sampling {'phase': 'SCORING', 'pid': 142012, 'updated_unix': 1788895790.9933472, 'completed': 1869, 'total': 13769, 'active': 2, 'seconds': 8404.024634122849}
full_sampling {'phase': 'SCORING', 'pid': 142012, 'updated_unix': 1788895827.5246816, 'completed': 1874, 'total': 13769, 'active': 2, 'seconds': 8440.55596446991}
full_sampling {'phase': 'SCORING', 'pid': 142012, 'updated_unix': 1788895856.1460114, 'completed': 1879, 'total': 13769, 'active': 2, 'seconds': 8469.177298307419}
full_sampling {'phase': 'SCORING', 'pid': 142012, 'updated_unix': 1788895881.244647, 'completed': 1883, 'total': 13769, 'active': 2, 'seconds': 8494.275928020477}
full_sampling {'phase': 'SCORING', 'pid': 142012, 'updated_unix': 1788895915.7211363, 'completed': 1886, 'total': 13769, 'active': 2, 'seconds': 8528.75242304802}
full_sampling {'phase': 'SCORING', 'pid': 142012, 'updated_unix': 1788895936.878741, 'completed': 1889, 'total': 13769, 'active': 2, 'seconds': 8549.91002368927}
full_sampling {'phase': 'SCORING', 'pid': 142012, 'updated_unix': 1788895976.105265, 'completed': 1896, 'total': 13769, 'active': 2, 'seconds': 8589.13655090332}
full_sampling {'phase': 'SCORING', 'pid': 142012, 'updated_unix': 1788896005.6933851, 'completed': 1901, 'total': 13769, 'active': 2, 'seconds': 8618.724672079086}
full_sampling {'phase': 'SCORING', 'pid': 142012, 'updated_unix': 1788896034.3384318, 'completed': 1905, 'total': 13769, 'active': 2, 'seconds': 8647.369718313217}
full_sampling {'phase': 'SCORING', 'pid': 142012, 'updated_unix': 1788896057.2170277, 'completed': 1909, 'total': 13769, 'active': 2, 'seconds': 8670.24831366539}
full_sampling {'phase': 'SCORING', 'pid': 142012, 'updated_unix': 1788896093.3588617, 'completed': 1916, 'total': 13769, 'active': 2, 'seconds': 8706.390147209167}
full_sampling {'phase': 'SCORING', 'pid': 142012, 'updated_unix': 1788896129.5800571, 'completed': 1920, 'total': 13769, 'active': 2, 'seconds': 8742.611335754395}
full_sampling {'phase': 'SCORING', 'pid': 142012, 'updated_unix': 1788896159.0359225, 'completed': 1924, 'total': 13769, 'active': 2, 'seconds': 8772.067209482193}
full_sampling {'phase': 'SCORING', 'pid': 142012, 'updated_unix': 1788896185.2966676, 'completed': 1928, 'total': 13769, 'active': 2, 'seconds': 8798.327954292297}
full_sampling {'phase': 'SCORING', 'pid': 142012, 'updated_unix': 1788896218.7308779, 'completed': 1934, 'total': 13769, 'active': 2, 'seconds': 8831.76216173172}
full_sampling {'phase': 'SCORING', 'pid': 142012, 'updated_unix': 1788896242.981736, 'completed': 1938, 'total': 13769, 'active': 2, 'seconds': 8856.01302266121}
full_sampling {'phase': 'SCORING', 'pid': 142012, 'updated_unix': 1788896266.2546487, 'completed': 1942, 'total': 13769, 'active': 2, 'seconds': 8879.285932302475}
full_sampling {'phase': 'SCORING', 'pid': 142012, 'updated_unix': 1788896304.221373, 'completed': 1947, 'total': 13769, 'active': 2, 'seconds': 8917.252658605576}
full_sampling {'phase': 'SCORING', 'pid': 142012, 'updated_unix': 1788896338.5895712, 'completed': 1954, 'total': 13769, 'active': 2, 'seconds': 8951.620854139328}
full_sampling {'phase': 'SCORING', 'pid': 142012, 'updated_unix': 1788896369.3929148, 'completed': 1960, 'total': 13769, 'active': 2, 'seconds': 8982.424198389053}
full_sampling {'phase': 'SCORING', 'pid': 142012, 'updated_unix': 1788896392.5519068, 'completed': 1965, 'total': 13769, 'active': 2, 'seconds': 9005.583193778992}
full_sampling {'phase': 'SCORING', 'pid': 142012, 'updated_unix': 1788896427.0581143, 'completed': 1970, 'total': 13769, 'active': 2, 'seconds': 9040.08940076828}
full_sampling {'phase': 'SCORING', 'pid': 142012, 'updated_unix': 1788896455.3120453, 'completed': 1974, 'total': 13769, 'active': 2, 'seconds': 9068.343331813812}
full_sampling {'phase': 'SCORING', 'pid': 142012, 'updated_unix': 1788896483.3379147, 'completed': 1977, 'total': 13769, 'active': 2, 'seconds': 9096.36920118332}
full_sampling {'phase': 'SCORING', 'pid': 142012, 'updated_unix': 1788896515.3837395, 'completed': 1982, 'total': 13769, 'active': 2, 'seconds': 9128.41502046585}
full_sampling {'phase': 'SCORING', 'pid': 142012, 'updated_unix': 1788896547.6052232, 'completed': 1987, 'total': 13769, 'active': 2, 'seconds': 9160.63650894165}
full_sampling {'phase': 'SCORING', 'pid': 142012, 'updated_unix': 1788896578.151809, 'completed': 1991, 'total': 13769, 'active': 2, 'seconds': 9191.183095216751}
full_sampling {'phase': 'SCORING', 'pid': 142012, 'updated_unix': 1788896609.2991488, 'completed': 1999, 'total': 13769, 'active': 2, 'seconds': 9222.330435276031}
full_sampling {'phase': 'SCORING', 'pid': 142012, 'updated_unix': 1788896639.2515109, 'completed': 2004, 'total': 13769, 'active': 2, 'seconds': 9252.28279542923}
full_sampling {'phase': 'SCORING', 'pid': 142012, 'updated_unix': 1788896667.6721075, 'completed': 2008, 'total': 13769, 'active': 2, 'seconds': 9280.703394651413}
full_sampling {'phase': 'SCORING', 'pid': 142012, 'updated_unix': 1788896699.9973972, 'completed': 2016, 'total': 13769, 'active': 2, 'seconds': 9313.028684139252}
full_sampling {'phase': 'SCORING', 'pid': 142012, 'updated_unix': 1788896728.1356142, 'completed': 2021, 'total': 13769, 'active': 2, 'seconds': 9341.166900396347}
full_sampling {'phase': 'SCORING', 'pid': 142012, 'updated_unix': 1788896754.7293587, 'completed': 2026, 'total': 13769, 'active': 2, 'seconds': 9367.760642766953}
full_sampling {'phase': 'SCORING', 'pid': 142012, 'updated_unix': 1788896789.528006, 'completed': 2031, 'total': 13769, 'active': 2, 'seconds': 9402.559292078018}
full_sampling {'phase': 'SCORING', 'pid': 142012, 'updated_unix': 1788896820.1000335, 'completed': 2036, 'total': 13769, 'active': 2, 'seconds': 9433.131319761276}
full_sampling {'phase': 'SCORING', 'pid': 142012, 'updated_unix': 1788896845.1049862, 'completed': 2041, 'total': 13769, 'active': 2, 'seconds': 9458.136272192001}
full_sampling {'phase': 'SCORING', 'pid': 142012, 'updated_unix': 1788896873.0370288, 'completed': 2045, 'total': 13769, 'active': 2, 'seconds': 9486.068314552307}
full_sampling {'phase': 'SCORING', 'pid': 142012, 'updated_unix': 1788896908.9884155, 'completed': 2051, 'total': 13769, 'active': 2, 'seconds': 9522.019700288773}
full_sampling {'phase': 'SCORING', 'pid': 142012, 'updated_unix': 1788896936.0588968, 'completed': 2053, 'total': 13769, 'active': 2, 'seconds': 9549.090183258057}
full_sampling {'phase': 'SCORING', 'pid': 142012, 'updated_unix': 1788896966.2308455, 'completed': 2058, 'total': 13769, 'active': 2, 'seconds': 9579.262132167816}
full_sampling {'phase': 'SCORING', 'pid': 142012, 'updated_unix': 1788896993.8570635, 'completed': 2062, 'total': 13769, 'active': 2, 'seconds': 9606.888350248337}
full_sampling {'phase': 'SCORING', 'pid': 142012, 'updated_unix': 1788897028.0768993, 'completed': 2067, 'total': 13769, 'active': 2, 'seconds': 9641.108186244965}
full_sampling {'phase': 'SCORING', 'pid': 142012, 'updated_unix': 1788897057.3107123, 'completed': 2073, 'total': 13769, 'active': 2, 'seconds': 9670.341990709305}
full_sampling {'phase': 'SCORING', 'pid': 142012, 'updated_unix': 1788897085.2935245, 'completed': 2078, 'total': 13769, 'active': 2, 'seconds': 9698.32480931282}
full_sampling {'phase': 'SCORING', 'pid': 142012, 'updated_unix': 1788897117.0499966, 'completed': 2085, 'total': 13769, 'active': 2, 'seconds': 9730.081283330917}
full_sampling {'phase': 'SCORING', 'pid': 142012, 'updated_unix': 1788897141.1283069, 'completed': 2089, 'total': 13769, 'active': 2, 'seconds': 9754.15959405899}
full_sampling {'phase': 'SCORING', 'pid': 142012, 'updated_unix': 1788897180.0672817, 'completed': 2096, 'total': 13769, 'active': 2, 'seconds': 9793.09856748581}
full_sampling {'phase': 'SCORING', 'pid': 142012, 'updated_unix': 1788897205.2166145, 'completed': 2100, 'total': 13769, 'active': 2, 'seconds': 9818.24790096283}
full_sampling {'phase': 'SCORING', 'pid': 142012, 'updated_unix': 1788897232.2626092, 'completed': 2105, 'total': 13769, 'active': 2, 'seconds': 9845.293895959854}
full_sampling {'phase': 'SCORING', 'pid': 142012, 'updated_unix': 1788897261.718432, 'completed': 2111, 'total': 13769, 'active': 2, 'seconds': 9874.749719142914}
full_sampling {'phase': 'SCORING', 'pid': 142012, 'updated_unix': 1788897300.5594833, 'completed': 2118, 'total': 13769, 'active': 2, 'seconds': 9913.59076166153}
full_sampling {'phase': 'SCORING', 'pid': 142012, 'updated_unix': 1788897321.8722172, 'completed': 2123, 'total': 13769, 'active': 2, 'seconds': 9934.903502464294}
full_sampling {'phase': 'SCORING', 'pid': 142012, 'updated_unix': 1788897358.1228867, 'completed': 2127, 'total': 13769, 'active': 2, 'seconds': 9971.154174089432}
full_sampling {'phase': 'SCORING', 'pid': 142012, 'updated_unix': 1788897387.0690644, 'completed': 2134, 'total': 13769, 'active': 2, 'seconds': 10000.100350856781}
full_sampling {'phase': 'SCORING', 'pid': 142012, 'updated_unix': 1788897410.6927338, 'completed': 2138, 'total': 13769, 'active': 2, 'seconds': 10023.724020242691}
full_sampling {'phase': 'SCORING', 'pid': 142012, 'updated_unix': 1788897450.4855082, 'completed': 2146, 'total': 13769, 'active': 2, 'seconds': 10063.516794681549}
full_sampling {'phase': 'SCORING', 'pid': 142012, 'updated_unix': 1788897474.2843492, 'completed': 2150, 'total': 13769, 'active': 2, 'seconds': 10087.315604686737}
full_sampling {'phase': 'SCORING', 'pid': 142012, 'updated_unix': 1788897510.0312426, 'completed': 2157, 'total': 13769, 'active': 2, 'seconds': 10123.062529563904}
full_sampling {'phase': 'SCORING', 'pid': 142012, 'updated_unix': 1788897539.0529912, 'completed': 2163, 'total': 13769, 'active': 2, 'seconds': 10152.084278345108}
full_sampling {'phase': 'SCORING', 'pid': 142012, 'updated_unix': 1788897567.7722473, 'completed': 2168, 'total': 13769, 'active': 2, 'seconds': 10180.803533792496}
full_sampling {'phase': 'SCORING', 'pid': 142012, 'updated_unix': 1788897596.5656338, 'completed': 2173, 'total': 13769, 'active': 2, 'seconds': 10209.596916437149}
full_sampling {'phase': 'SCORING', 'pid': 142012, 'updated_unix': 1788897615.0208063, 'completed': 2176, 'total': 13769, 'active': 2, 'seconds': 10228.05209350586}
full_sampling {'phase': 'SCORING', 'pid': 142012, 'updated_unix': 1788897660.621878, 'completed': 2182, 'total': 13769, 'active': 2, 'seconds': 10273.653164625168}
full_sampling {'phase': 'SCORING', 'pid': 142012, 'updated_unix': 1788897688.740878, 'completed': 2188, 'total': 13769, 'active': 2, 'seconds': 10301.772165298462}
full_sampling {'phase': 'SCORING', 'pid': 142012, 'updated_unix': 1788897715.3524206, 'completed': 2193, 'total': 13769, 'active': 2, 'seconds': 10328.383708000183}
full_sampling {'phase': 'SCORING', 'pid': 142012, 'updated_unix': 1788897748.8055675, 'completed': 2198, 'total': 13769, 'active': 2, 'seconds': 10361.8368537426}
full_sampling {'phase': 'SCORING', 'pid': 142012, 'updated_unix': 1788897775.4049869, 'completed': 2203, 'total': 13769, 'active': 2, 'seconds': 10388.436270475388}
full_sampling {'phase': 'SCORING', 'pid': 142012, 'updated_unix': 1788897798.616792, 'completed': 2206, 'total': 13769, 'active': 2, 'seconds': 10411.648079395294}
full_sampling {'phase': 'SCORING', 'pid': 142012, 'updated_unix': 1788897839.2942286, 'completed': 2212, 'total': 13769, 'active': 2, 'seconds': 10452.325515270233}
full_sampling {'phase': 'SCORING', 'pid': 142012, 'updated_unix': 1788897866.2685788, 'completed': 2218, 'total': 13769, 'active': 2, 'seconds': 10479.299865722656}
full_sampling {'phase': 'SCORING', 'pid': 142012, 'updated_unix': 1788897900.178827, 'completed': 2223, 'total': 13769, 'active': 2, 'seconds': 10513.21011376381}
full_sampling {'phase': 'SCORING', 'pid': 142012, 'updated_unix': 1788897926.3095589, 'completed': 2227, 'total': 13769, 'active': 2, 'seconds': 10539.34084534645}
full_sampling {'phase': 'SCORING', 'pid': 142012, 'updated_unix': 1788897955.6083791, 'completed': 2231, 'total': 13769, 'active': 2, 'seconds': 10568.639666557312}
full_sampling {'phase': 'SCORING', 'pid': 142012, 'updated_unix': 1788897985.289483, 'completed': 2237, 'total': 13769, 'active': 2, 'seconds': 10598.320770025253}
full_sampling {'phase': 'SCORING', 'pid': 142012, 'updated_unix': 1788898007.7770352, 'completed': 2241, 'total': 13769, 'active': 2, 'seconds': 10620.80832195282}
full_sampling {'phase': 'SCORING', 'pid': 142012, 'updated_unix': 1788898047.2524123, 'completed': 2248, 'total': 13769, 'active': 2, 'seconds': 10660.283699035645}
full_sampling {'phase': 'SCORING', 'pid': 142012, 'updated_unix': 1788898080.577892, 'completed': 2253, 'total': 13769, 'active': 2, 'seconds': 10693.609145402908}
full_sampling {'phase': 'SCORING', 'pid': 142012, 'updated_unix': 1788898108.1293392, 'completed': 2258, 'total': 13769, 'active': 2, 'seconds': 10721.1606259346}
full_sampling {'phase': 'SCORING', 'pid': 142012, 'updated_unix': 1788898138.2452826, 'completed': 2264, 'total': 13769, 'active': 2, 'seconds': 10751.27657032013}
full_sampling {'phase': 'SCORING', 'pid': 142012, 'updated_unix': 1788898170.4802651, 'completed': 2270, 'total': 13769, 'active': 2, 'seconds': 10783.511551141739}
full_sampling {'phase': 'SCORING', 'pid': 142012, 'updated_unix': 1788898195.3700714, 'completed': 2276, 'total': 13769, 'active': 2, 'seconds': 10808.401358366013}
full_sampling {'phase': 'SCORING', 'pid': 142012, 'updated_unix': 1788898225.0102828, 'completed': 2278, 'total': 13769, 'active': 2, 'seconds': 10838.041569709778}
full_sampling {'phase': 'SCORING', 'pid': 142012, 'updated_unix': 1788898249.3898857, 'completed': 2282, 'total': 13769, 'active': 2, 'seconds': 10862.421172618866}
full_sampling {'phase': 'SCORING', 'pid': 142012, 'updated_unix': 1788898283.8845673, 'completed': 2285, 'total': 13769, 'active': 2, 'seconds': 10896.915853023529}
full_sampling {'phase': 'SCORING', 'pid': 142012, 'updated_unix': 1788898319.7682405, 'completed': 2288, 'total': 13769, 'active': 2, 'seconds': 10932.7995262146}
full_sampling {'phase': 'SCORING', 'pid': 142012, 'updated_unix': 1788898350.7664244, 'completed': 2292, 'total': 13769, 'active': 2, 'seconds': 10963.797710418701}
full_sampling {'phase': 'SCORING', 'pid': 142012, 'updated_unix': 1788898380.437472, 'completed': 2296, 'total': 13769, 'active': 2, 'seconds': 10993.468757629395}
full_sampling {'phase': 'SCORING', 'pid': 142012, 'updated_unix': 1788898408.939231, 'completed': 2299, 'total': 13769, 'active': 2, 'seconds': 11021.97050833702}
full_sampling {'phase': 'SCORING', 'pid': 142012, 'updated_unix': 1788898431.8399644, 'completed': 2303, 'total': 13769, 'active': 2, 'seconds': 11044.87124991417}
full_sampling {'phase': 'SCORING', 'pid': 142012, 'updated_unix': 1788898471.0969064, 'completed': 2309, 'total': 13769, 'active': 2, 'seconds': 11084.128193855286}
full_sampling {'phase': 'SCORING', 'pid': 142012, 'updated_unix': 1788898496.0725293, 'completed': 2313, 'total': 13769, 'active': 2, 'seconds': 11109.103816747665}
full_sampling {'phase': 'SCORING', 'pid': 142012, 'updated_unix': 1788898522.4649434, 'completed': 2318, 'total': 13769, 'active': 2, 'seconds': 11135.496229410172}
full_sampling {'phase': 'SCORING', 'pid': 142012, 'updated_unix': 1788898558.04107, 'completed': 2322, 'total': 13769, 'active': 2, 'seconds': 11171.072357177734}
full_sampling {'phase': 'SCORING', 'pid': 142012, 'updated_unix': 1788898590.388991, 'completed': 2328, 'total': 13769, 'active': 2, 'seconds': 11203.420278549194}
full_sampling {'phase': 'SCORING', 'pid': 142012, 'updated_unix': 1788898611.8374004, 'completed': 2332, 'total': 13769, 'active': 2, 'seconds': 11224.868684053421}
full_sampling {'phase': 'SCORING', 'pid': 142012, 'updated_unix': 1788898650.837378, 'completed': 2339, 'total': 13769, 'active': 2, 'seconds': 11263.868665218353}
full_sampling {'phase': 'SCORING', 'pid': 142012, 'updated_unix': 1788898677.6514983, 'completed': 2343, 'total': 13769, 'active': 2, 'seconds': 11290.68278503418}
full_sampling {'phase': 'SCORING', 'pid': 142012, 'updated_unix': 1788898703.9252968, 'completed': 2347, 'total': 13769, 'active': 2, 'seconds': 11316.956583976746}
full_sampling {'phase': 'SCORING', 'pid': 142012, 'updated_unix': 1788898738.5730333, 'completed': 2352, 'total': 13769, 'active': 2, 'seconds': 11351.604320049286}
full_sampling {'phase': 'SCORING', 'pid': 142012, 'updated_unix': 1788898769.3449225, 'completed': 2359, 'total': 13769, 'active': 2, 'seconds': 11382.376209497452}
full_sampling {'phase': 'SCORING', 'pid': 142012, 'updated_unix': 1788898795.3861003, 'completed': 2364, 'total': 13769, 'active': 2, 'seconds': 11408.417383670807}
full_sampling {'phase': 'SCORING', 'pid': 142012, 'updated_unix': 1788898822.6116202, 'completed': 2372, 'total': 13769, 'active': 2, 'seconds': 11435.642907381058}
full_sampling {'phase': 'SCORING', 'pid': 142012, 'updated_unix': 1788898858.6452892, 'completed': 2381, 'total': 13769, 'active': 2, 'seconds': 11471.676576137543}
full_sampling {'phase': 'SCORING', 'pid': 142012, 'updated_unix': 1788898886.48416, 'completed': 2386, 'total': 13769, 'active': 2, 'seconds': 11499.515446662903}
full_sampling {'phase': 'SCORING', 'pid': 142012, 'updated_unix': 1788898915.1356685, 'completed': 2391, 'total': 13769, 'active': 2, 'seconds': 11528.166953802109}
full_sampling {'phase': 'SCORING', 'pid': 142012, 'updated_unix': 1788898947.7259555, 'completed': 2396, 'total': 13769, 'active': 2, 'seconds': 11560.757237434387}
full_sampling {'phase': 'SCORING', 'pid': 142012, 'updated_unix': 1788898979.0785503, 'completed': 2403, 'total': 13769, 'active': 2, 'seconds': 11592.10983657837}
full_sampling {'phase': 'SCORING', 'pid': 142012, 'updated_unix': 1788899007.2512987, 'completed': 2408, 'total': 13769, 'active': 2, 'seconds': 11620.282581329346}
full_sampling {'phase': 'SCORING', 'pid': 142012, 'updated_unix': 1788899029.2015755, 'completed': 2412, 'total': 13769, 'active': 2, 'seconds': 11642.232862234116}
full_sampling {'phase': 'SCORING', 'pid': 142012, 'updated_unix': 1788899071.0582826, 'completed': 2421, 'total': 13769, 'active': 2, 'seconds': 11684.089569568634}
full_sampling {'phase': 'SCORING', 'pid': 142012, 'updated_unix': 1788899100.7299294, 'completed': 2426, 'total': 13769, 'active': 2, 'seconds': 11713.761213302612}
full_sampling {'phase': 'SCORING', 'pid': 142012, 'updated_unix': 1788899126.3408542, 'completed': 2431, 'total': 13769, 'active': 2, 'seconds': 11739.372138023376}
full_sampling {'phase': 'SCORING', 'pid': 142012, 'updated_unix': 1788899157.3766527, 'completed': 2435, 'total': 13769, 'active': 2, 'seconds': 11770.407939434052}
full_sampling {'phase': 'SCORING', 'pid': 142012, 'updated_unix': 1788899190.1219983, 'completed': 2440, 'total': 13769, 'active': 2, 'seconds': 11803.15328502655}
full_sampling {'phase': 'SCORING', 'pid': 142012, 'updated_unix': 1788899219.8132195, 'completed': 2443, 'total': 13769, 'active': 2, 'seconds': 11832.84450674057}
full_sampling {'phase': 'SCORING', 'pid': 142012, 'updated_unix': 1788899248.294991, 'completed': 2448, 'total': 13769, 'active': 2, 'seconds': 11861.326277971268}
full_sampling {'phase': 'SCORING', 'pid': 142012, 'updated_unix': 1788899281.6788275, 'completed': 2454, 'total': 13769, 'active': 2, 'seconds': 11894.710114240646}
full_sampling {'phase': 'SCORING', 'pid': 142012, 'updated_unix': 1788899310.6774795, 'completed': 2461, 'total': 13769, 'active': 2, 'seconds': 11923.708765983582}
full_sampling {'phase': 'SCORING', 'pid': 142012, 'updated_unix': 1788899340.564065, 'completed': 2466, 'total': 13769, 'active': 2, 'seconds': 11953.595350980759}
full_sampling {'phase': 'SCORING', 'pid': 142012, 'updated_unix': 1788899370.601165, 'completed': 2472, 'total': 13769, 'active': 2, 'seconds': 11983.632448673248}
full_sampling {'phase': 'SCORING', 'pid': 142012, 'updated_unix': 1788899394.177702, 'completed': 2477, 'total': 13769, 'active': 2, 'seconds': 12007.20898938179}
full_sampling {'phase': 'SCORING', 'pid': 142012, 'updated_unix': 1788899427.8383434, 'completed': 2482, 'total': 13769, 'active': 2, 'seconds': 12040.869629859924}
full_sampling {'phase': 'SCORING', 'pid': 142012, 'updated_unix': 1788899457.576801, 'completed': 2488, 'total': 13769, 'active': 2, 'seconds': 12070.608086585999}
full_sampling {'phase': 'SCORING', 'pid': 142012, 'updated_unix': 1788899488.6555843, 'completed': 2494, 'total': 13769, 'active': 2, 'seconds': 12101.686866044998}
full_sampling {'phase': 'SCORING', 'pid': 142012, 'updated_unix': 1788899507.2843623, 'completed': 2496, 'total': 13769, 'active': 2, 'seconds': 12120.315648555756}
full_sampling {'phase': 'SCORING', 'pid': 142012, 'updated_unix': 1788899551.8897164, 'completed': 2500, 'total': 13769, 'active': 2, 'seconds': 12164.920998573303}
full_sampling {'phase': 'SCORING', 'pid': 142012, 'updated_unix': 1788899581.9391074, 'completed': 2504, 'total': 13769, 'active': 2, 'seconds': 12194.970393896103}
full_sampling {'phase': 'SCORING', 'pid': 142012, 'updated_unix': 1788899610.928676, 'completed': 2509, 'total': 13769, 'active': 2, 'seconds': 12223.95995926857}
full_sampling {'phase': 'SCORING', 'pid': 142012, 'updated_unix': 1788899628.7610264, 'completed': 2511, 'total': 13769, 'active': 2, 'seconds': 12241.792312860489}
full_sampling {'phase': 'SCORING', 'pid': 142012, 'updated_unix': 1788899667.2721233, 'completed': 2517, 'total': 13769, 'active': 2, 'seconds': 12280.303410291672}
full_sampling {'phase': 'SCORING', 'pid': 142012, 'updated_unix': 1788899698.325823, 'completed': 2526, 'total': 13769, 'active': 2, 'seconds': 12311.357110023499}
full_sampling {'phase': 'SCORING', 'pid': 142012, 'updated_unix': 1788899730.616065, 'completed': 2535, 'total': 13769, 'active': 2, 'seconds': 12343.64735198021}
full_sampling {'phase': 'SCORING', 'pid': 142012, 'updated_unix': 1788899760.5989115, 'completed': 2541, 'total': 13769, 'active': 2, 'seconds': 12373.630198478699}
full_sampling {'phase': 'SCORING', 'pid': 142012, 'updated_unix': 1788899788.0509267, 'completed': 2544, 'total': 13769, 'active': 2, 'seconds': 12401.082213878632}
full_sampling {'phase': 'SCORING', 'pid': 142012, 'updated_unix': 1788899820.6854446, 'completed': 2550, 'total': 13769, 'active': 2, 'seconds': 12433.71673130989}
full_sampling {'phase': 'SCORING', 'pid': 142012, 'updated_unix': 1788899848.3235717, 'completed': 2555, 'total': 13769, 'active': 2, 'seconds': 12461.354856967926}
full_sampling {'phase': 'SCORING', 'pid': 142012, 'updated_unix': 1788899878.0218213, 'completed': 2560, 'total': 13769, 'active': 2, 'seconds': 12491.053107976913}
full_sampling {'phase': 'SCORING', 'pid': 142012, 'updated_unix': 1788899910.537117, 'completed': 2566, 'total': 13769, 'active': 2, 'seconds': 12523.56837105751}
full_sampling {'phase': 'SCORING', 'pid': 142012, 'updated_unix': 1788899933.5038562, 'completed': 2570, 'total': 13769, 'active': 2, 'seconds': 12546.53514289856}
full_sampling {'phase': 'SCORING', 'pid': 142012, 'updated_unix': 1788899970.8798468, 'completed': 2576, 'total': 13769, 'active': 2, 'seconds': 12583.911130905151}
full_sampling {'phase': 'SCORING', 'pid': 142012, 'updated_unix': 1788900002.4378886, 'completed': 2581, 'total': 13769, 'active': 2, 'seconds': 12615.469175338745}
full_sampling {'phase': 'SCORING', 'pid': 142012, 'updated_unix': 1788900029.1121156, 'completed': 2583, 'total': 13769, 'active': 2, 'seconds': 12642.14340209961}
full_sampling {'phase': 'SCORING', 'pid': 142012, 'updated_unix': 1788900061.948416, 'completed': 2591, 'total': 13769, 'active': 2, 'seconds': 12674.979701757431}
full_sampling {'phase': 'SCORING', 'pid': 142012, 'updated_unix': 1788900090.242875, 'completed': 2596, 'total': 13769, 'active': 2, 'seconds': 12703.274160861969}
full_sampling {'phase': 'SCORING', 'pid': 142012, 'updated_unix': 1788900120.363452, 'completed': 2603, 'total': 13769, 'active': 2, 'seconds': 12733.394737482071}
full_sampling {'phase': 'SCORING', 'pid': 142012, 'updated_unix': 1788900150.419595, 'completed': 2607, 'total': 13769, 'active': 2, 'seconds': 12763.450879335403}
full_sampling {'phase': 'SCORING', 'pid': 142012, 'updated_unix': 1788900176.734886, 'completed': 2612, 'total': 13769, 'active': 2, 'seconds': 12789.766172409058}
full_sampling {'phase': 'SCORING', 'pid': 142012, 'updated_unix': 1788900204.918173, 'completed': 2618, 'total': 13769, 'active': 2, 'seconds': 12817.949459791183}
full_sampling {'phase': 'SCORING', 'pid': 142012, 'updated_unix': 1788900236.7815871, 'completed': 2622, 'total': 13769, 'active': 2, 'seconds': 12849.812861442566}
full_sampling {'phase': 'SCORING', 'pid': 142012, 'updated_unix': 1788900270.8263144, 'completed': 2629, 'total': 13769, 'active': 2, 'seconds': 12883.85759973526}
full_sampling {'phase': 'SCORING', 'pid': 142012, 'updated_unix': 1788900299.8189328, 'completed': 2637, 'total': 13769, 'active': 2, 'seconds': 12912.850219249725}
full_sampling {'phase': 'SCORING', 'pid': 142012, 'updated_unix': 1788900329.490075, 'completed': 2640, 'total': 13769, 'active': 2, 'seconds': 12942.521363019943}
full_sampling {'phase': 'SCORING', 'pid': 142012, 'updated_unix': 1788900361.7067878, 'completed': 2645, 'total': 13769, 'active': 2, 'seconds': 12974.738075256348}
full_sampling {'phase': 'SCORING', 'pid': 142012, 'updated_unix': 1788900392.9400508, 'completed': 2651, 'total': 13769, 'active': 2, 'seconds': 13005.971336841583}
full_sampling {'phase': 'SCORING', 'pid': 142012, 'updated_unix': 1788900417.2030997, 'completed': 2656, 'total': 13769, 'active': 2, 'seconds': 13030.234383821487}
full_sampling {'phase': 'SCORING', 'pid': 142012, 'updated_unix': 1788900448.4560041, 'completed': 2660, 'total': 13769, 'active': 2, 'seconds': 13061.487290859222}
full_sampling {'phase': 'SCORING', 'pid': 142012, 'updated_unix': 1788900472.5641892, 'completed': 2666, 'total': 13769, 'active': 2, 'seconds': 13085.595475196838}
full_sampling {'phase': 'SCORING', 'pid': 142012, 'updated_unix': 1788900502.2537677, 'completed': 2673, 'total': 13769, 'active': 2, 'seconds': 13115.285054922104}
full_sampling {'phase': 'SCORING', 'pid': 142012, 'updated_unix': 1788900542.0077562, 'completed': 2680, 'total': 13769, 'active': 2, 'seconds': 13155.03904223442}
full_sampling {'phase': 'SCORING', 'pid': 142012, 'updated_unix': 1788900571.4758666, 'completed': 2688, 'total': 13769, 'active': 2, 'seconds': 13184.507153987885}
full_sampling {'phase': 'SCORING', 'pid': 142012, 'updated_unix': 1788900598.587605, 'completed': 2692, 'total': 13769, 'active': 2, 'seconds': 13211.618888378143}
full_sampling {'phase': 'SCORING', 'pid': 142012, 'updated_unix': 1788900631.06895, 'completed': 2697, 'total': 13769, 'active': 2, 'seconds': 13244.100236654282}
full_sampling {'phase': 'SCORING', 'pid': 142012, 'updated_unix': 1788900662.9689808, 'completed': 2706, 'total': 13769, 'active': 2, 'seconds': 13276.000267505646}
full_sampling {'phase': 'SCORING', 'pid': 142012, 'updated_unix': 1788900692.8343785, 'completed': 2711, 'total': 13769, 'active': 2, 'seconds': 13305.865660190582}
full_sampling {'phase': 'SCORING', 'pid': 142012, 'updated_unix': 1788900711.8400471, 'completed': 2715, 'total': 13769, 'active': 2, 'seconds': 13324.87133383751}
full_sampling {'phase': 'SCORING', 'pid': 142012, 'updated_unix': 1788900751.435281, 'completed': 2719, 'total': 13769, 'active': 2, 'seconds': 13364.466564178467}
full_sampling {'phase': 'SCORING', 'pid': 142012, 'updated_unix': 1788900782.3735583, 'completed': 2726, 'total': 13769, 'active': 2, 'seconds': 13395.404845237732}
full_sampling {'phase': 'SCORING', 'pid': 142012, 'updated_unix': 1788900813.4560058, 'completed': 2734, 'total': 13769, 'active': 2, 'seconds': 13426.487292528152}
full_sampling {'phase': 'SCORING', 'pid': 142012, 'updated_unix': 1788900836.324931, 'completed': 2738, 'total': 13769, 'active': 2, 'seconds': 13449.356212615967}
full_sampling {'phase': 'SCORING', 'pid': 142012, 'updated_unix': 1788900870.6912768, 'completed': 2742, 'total': 13769, 'active': 2, 'seconds': 13483.722563028336}
full_sampling {'phase': 'SCORING', 'pid': 142012, 'updated_unix': 1788900901.4034255, 'completed': 2749, 'total': 13769, 'active': 2, 'seconds': 13514.434710979462}
full_sampling {'phase': 'SCORING', 'pid': 142012, 'updated_unix': 1788900933.1746984, 'completed': 2754, 'total': 13769, 'active': 2, 'seconds': 13546.205984592438}
full_sampling {'phase': 'SCORING', 'pid': 142012, 'updated_unix': 1788900963.537558, 'completed': 2761, 'total': 13769, 'active': 2, 'seconds': 13576.568844795227}
full_sampling {'phase': 'SCORING', 'pid': 142012, 'updated_unix': 1788900991.7779968, 'completed': 2767, 'total': 13769, 'active': 2, 'seconds': 13604.80928349495}
full_sampling {'phase': 'SCORING', 'pid': 142012, 'updated_unix': 1788901022.4775326, 'completed': 2773, 'total': 13769, 'active': 2, 'seconds': 13635.508819580078}
full_sampling {'phase': 'SCORING', 'pid': 142012, 'updated_unix': 1788901042.0893915, 'completed': 2776, 'total': 13769, 'active': 2, 'seconds': 13655.120676517487}
full_sampling {'phase': 'SCORING', 'pid': 142012, 'updated_unix': 1788901079.4231513, 'completed': 2783, 'total': 13769, 'active': 2, 'seconds': 13692.454435825348}
full_sampling {'phase': 'SCORING', 'pid': 142012, 'updated_unix': 1788901104.8832269, 'completed': 2788, 'total': 13769, 'active': 2, 'seconds': 13717.914513111115}
full_sampling {'phase': 'SCORING', 'pid': 142012, 'updated_unix': 1788901140.6665645, 'completed': 2795, 'total': 13769, 'active': 2, 'seconds': 13753.697848796844}
full_sampling {'phase': 'SCORING', 'pid': 142012, 'updated_unix': 1788901166.3900206, 'completed': 2803, 'total': 13769, 'active': 2, 'seconds': 13779.421306848526}
full_sampling {'phase': 'SCORING', 'pid': 142012, 'updated_unix': 1788901192.5582132, 'completed': 2807, 'total': 13769, 'active': 2, 'seconds': 13805.589498281479}
full_sampling {'phase': 'SCORING', 'pid': 142012, 'updated_unix': 1788901227.4441063, 'completed': 2811, 'total': 13769, 'active': 2, 'seconds': 13840.475392103195}
full_sampling {'phase': 'SCORING', 'pid': 142012, 'updated_unix': 1788901261.5336752, 'completed': 2817, 'total': 13769, 'active': 2, 'seconds': 13874.56495642662}
full_sampling {'phase': 'SCORING', 'pid': 142012, 'updated_unix': 1788901287.982834, 'completed': 2821, 'total': 13769, 'active': 2, 'seconds': 13901.014120578766}
full_sampling {'phase': 'SCORING', 'pid': 142012, 'updated_unix': 1788901316.9261963, 'completed': 2824, 'total': 13769, 'active': 2, 'seconds': 13929.957483530045}
full_sampling {'phase': 'SCORING', 'pid': 142012, 'updated_unix': 1788901345.2231746, 'completed': 2829, 'total': 13769, 'active': 2, 'seconds': 13958.25446009636}
full_sampling {'phase': 'SCORING', 'pid': 142012, 'updated_unix': 1788901380.252938, 'completed': 2835, 'total': 13769, 'active': 2, 'seconds': 13993.284224748611}
full_sampling {'phase': 'SCORING', 'pid': 142012, 'updated_unix': 1788901410.755483, 'completed': 2841, 'total': 13769, 'active': 2, 'seconds': 14023.786769390106}
full_sampling {'phase': 'SCORING', 'pid': 142012, 'updated_unix': 1788901438.9467828, 'completed': 2845, 'total': 13769, 'active': 2, 'seconds': 14051.978066444397}
full_sampling {'phase': 'SCORING', 'pid': 142012, 'updated_unix': 1788901463.9746058, 'completed': 2851, 'total': 13769, 'active': 2, 'seconds': 14077.005892276764}
full_sampling {'phase': 'SCORING', 'pid': 142012, 'updated_unix': 1788901500.9067202, 'completed': 2856, 'total': 13769, 'active': 2, 'seconds': 14113.938005924225}
full_sampling {'phase': 'SCORING', 'pid': 142012, 'updated_unix': 1788901526.2225096, 'completed': 2861, 'total': 13769, 'active': 2, 'seconds': 14139.253796815872}
full_sampling {'phase': 'SCORING', 'pid': 142012, 'updated_unix': 1788901563.2211757, 'completed': 2868, 'total': 13769, 'active': 2, 'seconds': 14176.252462625504}
full_sampling {'phase': 'SCORING', 'pid': 142012, 'updated_unix': 1788901592.7273996, 'completed': 2873, 'total': 13769, 'active': 2, 'seconds': 14205.75868320465}
full_sampling {'phase': 'SCORING', 'pid': 142012, 'updated_unix': 1788901623.5097053, 'completed': 2878, 'total': 13769, 'active': 2, 'seconds': 14236.540989398956}
full_sampling {'phase': 'SCORING', 'pid': 142012, 'updated_unix': 1788901648.6688392, 'completed': 2882, 'total': 13769, 'active': 2, 'seconds': 14261.700125694275}
full_sampling {'phase': 'SCORING', 'pid': 142012, 'updated_unix': 1788901678.14987, 'completed': 2886, 'total': 13769, 'active': 2, 'seconds': 14291.1811439991}
full_sampling {'phase': 'SCORING', 'pid': 142012, 'updated_unix': 1788901703.4388125, 'completed': 2890, 'total': 13769, 'active': 2, 'seconds': 14316.47009897232}
full_sampling {'phase': 'SCORING', 'pid': 142012, 'updated_unix': 1788901738.5318801, 'completed': 2896, 'total': 13769, 'active': 2, 'seconds': 14351.563159227371}
full_sampling {'phase': 'SCORING', 'pid': 142012, 'updated_unix': 1788901763.823097, 'completed': 2899, 'total': 13769, 'active': 2, 'seconds': 14376.85438323021}
full_sampling {'phase': 'SCORING', 'pid': 142012, 'updated_unix': 1788901802.9064717, 'completed': 2904, 'total': 13769, 'active': 2, 'seconds': 14415.93775844574}
full_sampling {'phase': 'SCORING', 'pid': 142012, 'updated_unix': 1788901826.758401, 'completed': 2908, 'total': 13769, 'active': 2, 'seconds': 14439.789684057236}
full_sampling {'phase': 'SCORING', 'pid': 142012, 'updated_unix': 1788901856.371763, 'completed': 2911, 'total': 13769, 'active': 2, 'seconds': 14469.403040885925}
full_sampling {'phase': 'SCORING', 'pid': 142012, 'updated_unix': 1788901893.851674, 'completed': 2916, 'total': 13769, 'active': 2, 'seconds': 14506.882960557938}
full_sampling {'phase': 'SCORING', 'pid': 142012, 'updated_unix': 1788901922.2243962, 'completed': 2920, 'total': 13769, 'active': 2, 'seconds': 14535.255682229996}
full_sampling {'phase': 'SCORING', 'pid': 142012, 'updated_unix': 1788901954.3933928, 'completed': 2925, 'total': 13769, 'active': 2, 'seconds': 14567.424676656723}
full_sampling {'phase': 'SCORING', 'pid': 142012, 'updated_unix': 1788901982.365571, 'completed': 2930, 'total': 13769, 'active': 2, 'seconds': 14595.396857976913}
full_sampling {'phase': 'SCORING', 'pid': 142012, 'updated_unix': 1788902008.4776123, 'completed': 2934, 'total': 13769, 'active': 2, 'seconds': 14621.508895874023}
full_sampling {'phase': 'SCORING', 'pid': 142012, 'updated_unix': 1788902031.9862964, 'completed': 2938, 'total': 13769, 'active': 2, 'seconds': 14645.017582416534}
full_sampling {'phase': 'SCORING', 'pid': 142012, 'updated_unix': 1788902072.3025901, 'completed': 2943, 'total': 13769, 'active': 2, 'seconds': 14685.333875894547}
full_sampling {'phase': 'SCORING', 'pid': 142012, 'updated_unix': 1788902097.4139292, 'completed': 2947, 'total': 13769, 'active': 2, 'seconds': 14710.445215463638}
full_sampling {'phase': 'SCORING', 'pid': 142012, 'updated_unix': 1788902133.3396816, 'completed': 2952, 'total': 13769, 'active': 2, 'seconds': 14746.37096786499}
full_sampling {'phase': 'SCORING', 'pid': 142012, 'updated_unix': 1788902161.251182, 'completed': 2957, 'total': 13769, 'active': 2, 'seconds': 14774.282468557358}
full_sampling {'phase': 'SCORING', 'pid': 142012, 'updated_unix': 1788902186.2895844, 'completed': 2961, 'total': 13769, 'active': 2, 'seconds': 14799.32087111473}
full_sampling {'phase': 'SCORING', 'pid': 142012, 'updated_unix': 1788902221.990409, 'completed': 2966, 'total': 13769, 'active': 2, 'seconds': 14835.021694660187}
full_sampling {'phase': 'SCORING', 'pid': 142012, 'updated_unix': 1788902250.1790876, 'completed': 2970, 'total': 13769, 'active': 2, 'seconds': 14863.210374593735}
full_sampling {'phase': 'SCORING', 'pid': 142012, 'updated_unix': 1788902275.6874437, 'completed': 2974, 'total': 13769, 'active': 2, 'seconds': 14888.718728780746}
full_sampling {'phase': 'SCORING', 'pid': 142012, 'updated_unix': 1788902311.387261, 'completed': 2979, 'total': 13769, 'active': 2, 'seconds': 14924.418548107147}
full_sampling {'phase': 'SCORING', 'pid': 142012, 'updated_unix': 1788902340.0493078, 'completed': 2985, 'total': 13769, 'active': 2, 'seconds': 14953.080591917038}
full_sampling {'phase': 'SCORING', 'pid': 142012, 'updated_unix': 1788902364.5924165, 'completed': 2989, 'total': 13769, 'active': 2, 'seconds': 14977.62370300293}
full_sampling {'phase': 'SCORING', 'pid': 142012, 'updated_unix': 1788902403.710634, 'completed': 2994, 'total': 13769, 'active': 2, 'seconds': 15016.741919994354}
full_sampling {'phase': 'SCORING', 'pid': 142012, 'updated_unix': 1788902428.5649288, 'completed': 2998, 'total': 13769, 'active': 2, 'seconds': 15041.596173286438}
full_sampling {'phase': 'SCORING', 'pid': 142012, 'updated_unix': 1788902461.088607, 'completed': 3001, 'total': 13769, 'active': 2, 'seconds': 15074.119890451431}
full_sampling {'phase': 'SCORING', 'pid': 142012, 'updated_unix': 1788902491.6230855, 'completed': 3004, 'total': 13769, 'active': 2, 'seconds': 15104.65436911583}
full_sampling {'phase': 'SCORING', 'pid': 142012, 'updated_unix': 1788902520.6027021, 'completed': 3009, 'total': 13769, 'active': 2, 'seconds': 15133.633988380432}
full_sampling {'phase': 'SCORING', 'pid': 142012, 'updated_unix': 1788902552.422598, 'completed': 3013, 'total': 13769, 'active': 2, 'seconds': 15165.453884124756}
full_sampling {'phase': 'SCORING', 'pid': 142012, 'updated_unix': 1788902576.7181773, 'completed': 3017, 'total': 13769, 'active': 2, 'seconds': 15189.749463558197}
full_sampling {'phase': 'SCORING', 'pid': 142012, 'updated_unix': 1788902607.762435, 'completed': 3020, 'total': 13769, 'active': 2, 'seconds': 15220.793710708618}
full_sampling {'phase': 'SCORING', 'pid': 142012, 'updated_unix': 1788902641.315899, 'completed': 3025, 'total': 13769, 'active': 2, 'seconds': 15254.34718489647}
full_sampling {'phase': 'SCORING', 'pid': 142012, 'updated_unix': 1788902671.1063442, 'completed': 3028, 'total': 13769, 'active': 2, 'seconds': 15284.13763165474}
full_sampling {'phase': 'SCORING', 'pid': 142012, 'updated_unix': 1788902702.1907177, 'completed': 3033, 'total': 13769, 'active': 2, 'seconds': 15315.222000837326}
