Loading 25 in-scope cells...
[iter_cells] qa/spectral_phase9_cache_webq_traces_T1.0: single-class labels — skipped
Loaded 25/25 cells for Stage 2 Anchor Audit.
VALIDITY: GOOD_6 macro = 0.7594 (expected 0.7594 +/- 0.002) -> PASS
  [    unit] ars_gsm8k_r1distill8b        K=4 | upcr.all 0.6821  cross 0.4692  hier 0.6169 | rank +0.387->+0.296 top5 3->1
  [    unit] epr_triviaqa_mistral24b      K=8 | upcr.all 0.7435  cross 0.6953  hier 0.5481 | rank +0.245->+0.162 top5 1->2
  [    unit] inside_coqa_llama7b          K=6 | upcr.all 0.5424  cross 0.5456  hier 0.4971 | rank +0.401->+0.401 top5 2->2
  [    unit] internalstates_gsm8k_qwen25_ K=8 | upcr.all 0.6555  cross 0.6334  hier 0.5640 | rank +0.200->+0.060 top5 1->1
  [    unit] lapeigvals_gsm8k_llama3b     K=6 | upcr.all 0.7081  cross 0.6542  hier 0.5857 | rank +0.160->+0.141 top5 1->1
  [    unit] lapeigvals_gsm8k_llama8b     K=8 | upcr.all 0.7882  cross 0.8097  hier 0.7229 | rank -0.084->-0.033 top5 0->0
  [    unit] lapeigvals_gsm8k_mistral24b  K=7 | upcr.all 0.8460  cross 0.8212  hier 0.5584 | rank -0.039->+0.057 top5 0->1
  [    unit] lapeigvals_gsm8k_nemo        K=8 | upcr.all 0.7727  cross 0.6280  hier 0.5043 | rank +0.117->-0.239 top5 1->1
  [    unit] lapeigvals_gsm8k_phi35       K=7 | upcr.all 0.7785  cross 0.5090  hier 0.5848 | rank +0.496->+0.108 top5 1->1
  [    unit] losnet_hotpotqa_mistral7b    K=8 | upcr.all 0.5686  cross 0.5658  hier 0.4751 | rank +0.097->-0.086 top5 1->1
  [    unit] math500_dsmath7b             K=4 | upcr.all 0.7707  cross 0.7318  hier 0.4877 | rank +0.045->-0.195 top5 0->1
  [    unit] math500_qwenmath7b           K=7 | upcr.all 0.8528  cross 0.9220  hier 0.9149 | rank -0.036->+0.352 top5 1->2
  [    unit] math500_r1distill8b          K=6 | upcr.all 0.8387  cross 0.8505  hier 0.8437 | rank +0.170->+0.368 top5 1->3
  [    unit] math500_r1distill8b_mn4096   K=4 | upcr.all 0.8471  cross 0.8187  hier 0.8213 | rank -0.162->+0.298 top5 0->1
  [    unit] noise_gsm8k_mistral7b        K=4 | upcr.all 0.7506  cross 0.7047  hier 0.6073 | rank -0.227->-0.131 top5 0->0
  [    unit] noise_gsm8k_phi3mini         K=5 | upcr.all 0.6720  cross 0.5853  hier 0.6456 | rank +0.014->+0.351 top5 1->0
  [    unit] sciq_llama8b                 K=7 | upcr.all 0.7430  cross 0.7239  hier 0.5472 | rank +0.338->+0.085 top5 3->1
  [    unit] se_nq_open_llama8b           K=8 | upcr.all 0.7489  cross 0.5944  hier 0.5598 | rank +0.438->-0.067 top5 3->0
  [    unit] se_squad_v2_llama8b          K=6 | upcr.all 0.7647  cross 0.5356  hier 0.6736 | rank +0.272->+0.275 top5 1->2
  [    unit] seiclr_triviaqa_opt30b       K=7 | upcr.all 0.5747  cross 0.5408  hier 0.5692 | rank +0.138->+0.069 top5 2->1
  [    unit] semenergy_triviaqa_qwen3_8b  K=7 | upcr.all 0.7952  cross 0.7054  hier 0.5704 | rank +0.705->+0.700 top5 4->4
  [    unit] spilled_triviaqa_llama8b     K=8 | upcr.all 0.9067  cross 0.9527  hier 0.9393 | rank -0.173->+0.140 top5 0->3
  [    unit] trace_gsm8k_llama8b_k10      K=8 | upcr.all 0.7921  cross 0.8053  hier 0.6816 | rank +0.214->+0.035 top5 1->1
  [    unit] trace_math500_qwenmath15b_k1 K=7 | upcr.all 0.6560  cross 0.6885  hier 0.6701 | rank -0.173->-0.132 top5 1->1
  [    unit] truthfulqa_llama8b           K=6 | upcr.all 0.6441  cross 0.6692  hier 0.5348 | rank +0.365->-0.269 top5 3->0
  [   eigen] ars_gsm8k_r1distill8b        K=5 | upcr.all 0.6821  cross 0.5653  hier 0.5840 | rank +0.387->+0.491 top5 3->2
  [   eigen] epr_triviaqa_mistral24b      K=4 | upcr.all 0.7435  cross 0.7030  hier 0.6036 | rank +0.245->-0.189 top5 1->0
  [   eigen] inside_coqa_llama7b          K=6 | upcr.all 0.5424  cross 0.5456  hier 0.4971 | rank +0.401->+0.401 top5 2->2
  [   eigen] internalstates_gsm8k_qwen25_ K=6 | upcr.all 0.6555  cross 0.6448  hier 0.6383 | rank +0.200->+0.012 top5 1->0
  [   eigen] lapeigvals_gsm8k_llama3b     K=2 | upcr.all 0.7081  cross nan  hier nan | rank +0.160->+nan top5 1->nan
  [   eigen] lapeigvals_gsm8k_llama8b     K=6 | upcr.all 0.7882  cross 0.6824  hier 0.7131 | rank -0.084->+0.076 top5 0->1
  [   eigen] lapeigvals_gsm8k_mistral24b  K=2 | upcr.all 0.8460  cross nan  hier nan | rank -0.039->+nan top5 0->nan
  [   eigen] lapeigvals_gsm8k_nemo        K=4 | upcr.all 0.7727  cross 0.7043  hier 0.8073 | rank +0.117->-0.299 top5 1->0
  [   eigen] lapeigvals_gsm8k_phi35       K=6 | upcr.all 0.7785  cross 0.5090  hier 0.6034 | rank +0.496->+0.108 top5 1->1
  [   eigen] losnet_hotpotqa_mistral7b    K=5 | upcr.all 0.5686  cross 0.5183  hier 0.5339 | rank +0.097->+0.191 top5 1->1
  [   eigen] math500_dsmath7b             K=4 | upcr.all 0.7707  cross 0.7318  hier 0.4877 | rank +0.045->-0.195 top5 0->1
  [   eigen] math500_qwenmath7b           K=2 | upcr.all 0.8528  cross nan  hier nan | rank -0.036->+nan top5 1->nan
  [   eigen] math500_r1distill8b          K=7 | upcr.all 0.8387  cross 0.8505  hier 0.8499 | rank +0.170->+0.368 top5 1->3
  [   eigen] math500_r1distill8b_mn4096   K=3 | upcr.all 0.8471  cross 0.6950  hier 0.4245 | rank -0.162->+0.133 top5 0->0
  [   eigen] noise_gsm8k_mistral7b        K=6 | upcr.all 0.7506  cross 0.7498  hier 0.7231 | rank -0.227->+0.131 top5 0->1
  [   eigen] noise_gsm8k_phi3mini         K=5 | upcr.all 0.6720  cross 0.5853  hier 0.6456 | rank +0.014->+0.351 top5 1->0
  [   eigen] sciq_llama8b                 K=2 | upcr.all 0.7430  cross nan  hier nan | rank +0.338->+nan top5 3->nan
  [   eigen] se_nq_open_llama8b           K=4 | upcr.all 0.7489  cross 0.6689  hier 0.7060 | rank +0.438->+0.385 top5 3->2
  [   eigen] se_squad_v2_llama8b          K=5 | upcr.all 0.7647  cross 0.8223  hier 0.5699 | rank +0.272->-0.037 top5 1->1
  [   eigen] seiclr_triviaqa_opt30b       K=3 | upcr.all 0.5747  cross 0.5429  hier 0.5955 | rank +0.138->-0.045 top5 2->1
  [   eigen] semenergy_triviaqa_qwen3_8b  K=5 | upcr.all 0.7952  cross 0.6132  hier 0.6998 | rank +0.705->-0.165 top5 4->0
  [   eigen] spilled_triviaqa_llama8b     K=2 | upcr.all 0.9067  cross nan  hier nan | rank -0.173->+nan top5 0->nan
  [   eigen] trace_gsm8k_llama8b_k10      K=5 | upcr.all 0.7921  cross 0.6421  hier 0.7005 | rank +0.214->-0.252 top5 1->0
  [   eigen] trace_math500_qwenmath15b_k1 K=2 | upcr.all 0.6560  cross nan  hier nan | rank -0.173->+nan top5 1->nan
  [   eigen] truthfulqa_llama8b           K=4 | upcr.all 0.6441  cross 0.6515  hier 0.6518 | rank +0.365->-0.135 top5 3->1
  [complete] ars_gsm8k_r1distill8b        K=5 | upcr.all 0.6821  cross 0.5653  hier 0.5840 | rank +0.387->+0.491 top5 3->2
  [complete] epr_triviaqa_mistral24b      K=5 | upcr.all 0.7435  cross 0.6871  hier 0.7122 | rank +0.245->+0.190 top5 1->1
  [complete] inside_coqa_llama7b          K=6 | upcr.all 0.5424  cross 0.5456  hier 0.4971 | rank +0.401->+0.401 top5 2->2
  [complete] internalstates_gsm8k_qwen25_ K=5 | upcr.all 0.6555  cross 0.7134  hier 0.5063 | rank +0.200->-0.003 top5 1->1
  [complete] lapeigvals_gsm8k_llama3b     K=8 | upcr.all 0.7081  cross 0.6944  hier 0.5802 | rank +0.160->+0.133 top5 1->2
  [complete] lapeigvals_gsm8k_llama8b     K=5 | upcr.all 0.7882  cross 0.6941  hier 0.7936 | rank -0.084->-0.061 top5 0->1
  [complete] lapeigvals_gsm8k_mistral24b  K=8 | upcr.all 0.8460  cross 0.8083  hier 0.5620 | rank -0.039->-0.007 top5 0->2
  [complete] lapeigvals_gsm8k_nemo        K=4 | upcr.all 0.7727  cross 0.7043  hier 0.8073 | rank +0.117->-0.299 top5 1->0
  [complete] lapeigvals_gsm8k_phi35       K=5 | upcr.all 0.7785  cross 0.4042  hier 0.6228 | rank +0.496->+0.050 top5 1->1
  [complete] losnet_hotpotqa_mistral7b    K=5 | upcr.all 0.5686  cross 0.5183  hier 0.5339 | rank +0.097->+0.191 top5 1->1
  [complete] math500_dsmath7b             K=4 | upcr.all 0.7707  cross 0.7318  hier 0.4877 | rank +0.045->-0.195 top5 0->1
  [complete] math500_qwenmath7b           K=4 | upcr.all 0.8528  cross 0.8856  hier 0.8865 | rank -0.036->+0.041 top5 1->0
  [complete] math500_r1distill8b          K=3 | upcr.all 0.8387  cross 0.8407  hier 0.7344 | rank +0.170->+0.087 top5 1->0
  [complete] math500_r1distill8b_mn4096   K=3 | upcr.all 0.8471  cross 0.6950  hier 0.4245 | rank -0.162->+0.133 top5 0->0
  [complete] noise_gsm8k_mistral7b        K=6 | upcr.all 0.7506  cross 0.7498  hier 0.7231 | rank -0.227->+0.131 top5 0->1
  [complete] noise_gsm8k_phi3mini         K=5 | upcr.all 0.6720  cross 0.5853  hier 0.6456 | rank +0.014->+0.351 top5 1->0
  [complete] sciq_llama8b                 K=5 | upcr.all 0.7430  cross 0.7226  hier 0.7483 | rank +0.338->-0.145 top5 3->1
  [complete] se_nq_open_llama8b           K=5 | upcr.all 0.7489  cross 0.7165  hier 0.6761 | rank +0.438->-0.088 top5 3->1
  [complete] se_squad_v2_llama8b          K=5 | upcr.all 0.7647  cross 0.8223  hier 0.5699 | rank +0.272->-0.037 top5 1->1
  [complete] seiclr_triviaqa_opt30b       K=3 | upcr.all 0.5747  cross 0.5429  hier 0.5955 | rank +0.138->-0.045 top5 2->1
  [complete] semenergy_triviaqa_qwen3_8b  K=5 | upcr.all 0.7952  cross 0.6132  hier 0.6998 | rank +0.705->-0.165 top5 4->0
  [complete] spilled_triviaqa_llama8b     K=5 | upcr.all 0.9067  cross 0.9567  hier 0.4580 | rank -0.173->+0.209 top5 0->2
  [complete] trace_gsm8k_llama8b_k10      K=7 | upcr.all 0.7921  cross 0.7955  hier 0.6068 | rank +0.214->+0.039 top5 1->1
  [complete] trace_math500_qwenmath15b_k1 K=5 | upcr.all 0.6560  cross 0.6838  hier 0.6199 | rank -0.173->+0.154 top5 1->2
  [complete] truthfulqa_llama8b           K=4 | upcr.all 0.6441  cross 0.6515  hier 0.6518 | rank +0.365->-0.135 top5 3->1
  saved results\upcr_study\05_cluster_variant\per_cell.csv  (75 rows)

========================================================================
PHASE D RESULTS
========================================================================

  ALL THREE LOADING SCALES (no single scale is 'the' answer)
    scale  upcr.all  upcr.cross  upcr.hier  L-SML 30   GOOD_6    ident   gates
     unit    0.7377      0.6864     0.6290    0.7457   0.7594    25/25    FAIL
    eigen    0.7377      0.6540     0.6334    0.7444   0.7548    19/25    FAIL
 complete    0.7377      0.6931     0.6291    0.7452   0.7582    25/25    FAIL

  headline block below = 'complete' scale; identifiable 25/25

  macro AUROC
    upcr_all       0.7377
    upcr_cross     0.6931
    upcr_hier      0.6291
    lsml_all30     0.7452
    good6          0.7582

  MECHANISM GATE (must clear before any performance claim)
    gate 1  rank agreement  +0.160 (all pairs) -> +0.041 (cross only)   bar +0.186 -> FAIL
    gate 2  top-5 overlap   1.0/5 -> 1.0/5   bar >1/5 -> FAIL
    rank shift  -9.95pp mean / -5.50pp median, 10W/14L over 25 test sets, p=0.179
    top5 shift  -28.00pp mean / +0.00pp median, 7W/10L over 25 test sets, p=0.365

  PERFORMANCE
    cross_vs_all       -4.46pp mean / -3.18pp median, 9W/16L over 25 test sets, p=0.030
    hier_vs_all        -10.86pp mean / -7.27pp median, 6W/19L over 25 test sets, p=0.000
    cross_vs_lsml      -5.21pp mean / -3.33pp median, 6W/19L over 25 test sets, p=0.001
    cross_vs_good6     -6.51pp mean / -4.05pp median, 5W/20L over 25 test sets, p=0.000

  VERDICT: MECHANISM GATE FAILS - the variant does not move the estimator toward the supervised weights, so any AUROC difference is not evidence for the proposed mechanism. Report the failure; do not go hunting for a win.
  saved results\upcr_study\05_cluster_variant\summary.json
  saved results\upcr_study\05_cluster_variant\index.html

Wrote -> C:\Users\omris\TAU\hallucination_detection\results\upcr_study\05_cluster_variant
