group features and tail indicators built
fold 0 done (4s)
fold 1 done (2s)
fold 2 done (2s)
fold 3 done (2s)
fold 4 done (2s)
metric                 pb_sla_macro8  prm_within_auc  prmscore
method                                                        
B11_lsml                      0.3480          0.7645    0.6412
S3_M15_cov_sml                0.3615          0.7622    0.6379
S3_M15_equal                  0.3651          0.7659    0.6422
S3_M15_tail1_lsml             0.3501          0.7512    0.6338
S3_M15_tail1_sml              0.3502          0.7599    0.6365
S3_M15_tail20_lsml            0.3715          0.7632    0.6410
S3_M15_tail20_sml             0.3522          0.7596    0.6376
S4_M16_cov_sml                0.3567          0.7595    0.6365
S4_M16_equal                  0.3633          0.7651    0.6419
S4_M16_tail1_lsml             0.3498          0.7496    0.6329
S4_M16_tail1_sml              0.3516          0.7576    0.6346
S4_M16_tail20_lsml            0.3705          0.7632    0.6416
S4_M16_tail20_sml             0.3505          0.7569    0.6354
all48_equal                   0.3464          0.7372    0.6238
ct7                           0.3989          0.7724    0.6458
kept28_oriented_equal         0.3607          0.7617    0.6402
                                contrast        endpoint   delta  ci95_lo  ci95_hi
0          S3_M15_cov_sml - S3_M15_equal  prm_within_auc -0.0037  -0.0052  -0.0022
1          S3_M15_cov_sml - S3_M15_equal        prmscore -0.0043  -0.0062  -0.0024
2          S3_M15_cov_sml - S3_M15_equal   pb_sla_pooled -0.0041  -0.0106   0.0025
3       S3_M15_tail20_sml - S3_M15_equal  prm_within_auc -0.0063  -0.0083  -0.0043
4       S3_M15_tail20_sml - S3_M15_equal        prmscore -0.0046  -0.0071  -0.0020
5       S3_M15_tail20_sml - S3_M15_equal   pb_sla_pooled -0.0126  -0.0211  -0.0040
6        S3_M15_tail1_sml - S3_M15_equal  prm_within_auc -0.0059  -0.0080  -0.0039
7        S3_M15_tail1_sml - S3_M15_equal        prmscore -0.0056  -0.0081  -0.0030
8        S3_M15_tail1_sml - S3_M15_equal   pb_sla_pooled -0.0155  -0.0245  -0.0065
9      S3_M15_tail20_lsml - S3_M15_equal  prm_within_auc -0.0027  -0.0045  -0.0009
10     S3_M15_tail20_lsml - S3_M15_equal        prmscore -0.0011  -0.0033   0.0010
11     S3_M15_tail20_lsml - S3_M15_equal   pb_sla_pooled  0.0068  -0.0018   0.0153
12      S3_M15_tail1_lsml - S3_M15_equal  prm_within_auc -0.0147  -0.0170  -0.0124
13      S3_M15_tail1_lsml - S3_M15_equal        prmscore -0.0084  -0.0110  -0.0057
14      S3_M15_tail1_lsml - S3_M15_equal   pb_sla_pooled -0.0158  -0.0261  -0.0055
15         S4_M16_cov_sml - S4_M16_equal  prm_within_auc -0.0056  -0.0071  -0.0040
16         S4_M16_cov_sml - S4_M16_equal        prmscore -0.0054  -0.0074  -0.0034
17         S4_M16_cov_sml - S4_M16_equal   pb_sla_pooled -0.0070  -0.0137  -0.0002
18      S4_M16_tail20_sml - S4_M16_equal  prm_within_auc -0.0081  -0.0102  -0.0061
19      S4_M16_tail20_sml - S4_M16_equal        prmscore -0.0065  -0.0090  -0.0041
20      S4_M16_tail20_sml - S4_M16_equal   pb_sla_pooled -0.0128  -0.0209  -0.0047
21       S4_M16_tail1_sml - S4_M16_equal  prm_within_auc -0.0075  -0.0098  -0.0053
22       S4_M16_tail1_sml - S4_M16_equal        prmscore -0.0073  -0.0097  -0.0049
23       S4_M16_tail1_sml - S4_M16_equal   pb_sla_pooled -0.0133  -0.0215  -0.0050
24     S4_M16_tail20_lsml - S4_M16_equal  prm_within_auc -0.0019  -0.0037  -0.0001
25     S4_M16_tail20_lsml - S4_M16_equal        prmscore -0.0003  -0.0025   0.0018
26     S4_M16_tail20_lsml - S4_M16_equal   pb_sla_pooled  0.0088  -0.0002   0.0177
27      S4_M16_tail1_lsml - S4_M16_equal  prm_within_auc -0.0155  -0.0178  -0.0132
28      S4_M16_tail1_lsml - S4_M16_equal        prmscore -0.0090  -0.0116  -0.0064
29      S4_M16_tail1_lsml - S4_M16_equal   pb_sla_pooled -0.0144  -0.0246  -0.0043
30    S3_M15_tail20_sml - S3_M15_cov_sml  prm_within_auc -0.0026  -0.0038  -0.0014
31    S3_M15_tail20_sml - S3_M15_cov_sml        prmscore -0.0003  -0.0019   0.0014
32    S3_M15_tail20_sml - S3_M15_cov_sml   pb_sla_pooled -0.0086  -0.0142  -0.0029
33     S3_M15_tail1_sml - S3_M15_cov_sml  prm_within_auc -0.0023  -0.0036  -0.0010
34     S3_M15_tail1_sml - S3_M15_cov_sml        prmscore -0.0013  -0.0029   0.0003
35     S3_M15_tail1_sml - S3_M15_cov_sml   pb_sla_pooled -0.0115  -0.0175  -0.0055
36   S3_M15_tail20_lsml - S3_M15_cov_sml  prm_within_auc  0.0010  -0.0015   0.0034
37   S3_M15_tail20_lsml - S3_M15_cov_sml        prmscore  0.0032   0.0003   0.0061
38   S3_M15_tail20_lsml - S3_M15_cov_sml   pb_sla_pooled  0.0108   0.0002   0.0213
39    S3_M15_tail1_lsml - S3_M15_cov_sml  prm_within_auc -0.0110  -0.0130  -0.0090
40    S3_M15_tail1_lsml - S3_M15_cov_sml        prmscore -0.0041  -0.0064  -0.0017
41    S3_M15_tail1_lsml - S3_M15_cov_sml   pb_sla_pooled -0.0117  -0.0207  -0.0025
42    S4_M16_tail20_sml - S4_M16_cov_sml  prm_within_auc -0.0026  -0.0037  -0.0015
43    S4_M16_tail20_sml - S4_M16_cov_sml        prmscore -0.0011  -0.0025   0.0002
44    S4_M16_tail20_sml - S4_M16_cov_sml   pb_sla_pooled -0.0059  -0.0105  -0.0011
45     S4_M16_tail1_sml - S4_M16_cov_sml  prm_within_auc -0.0020  -0.0032  -0.0008
46     S4_M16_tail1_sml - S4_M16_cov_sml        prmscore -0.0019  -0.0033  -0.0006
47     S4_M16_tail1_sml - S4_M16_cov_sml   pb_sla_pooled -0.0063  -0.0113  -0.0014
48   S4_M16_tail20_lsml - S4_M16_cov_sml  prm_within_auc  0.0037   0.0011   0.0062
49   S4_M16_tail20_lsml - S4_M16_cov_sml        prmscore  0.0051   0.0021   0.0080
50   S4_M16_tail20_lsml - S4_M16_cov_sml   pb_sla_pooled  0.0158   0.0046   0.0268
51    S4_M16_tail1_lsml - S4_M16_cov_sml  prm_within_auc -0.0100  -0.0120  -0.0080
52    S4_M16_tail1_lsml - S4_M16_cov_sml        prmscore -0.0036  -0.0059  -0.0014
53    S4_M16_tail1_lsml - S4_M16_cov_sml   pb_sla_pooled -0.0074  -0.0162   0.0016
54                    S3_M15_equal - ct7  prm_within_auc -0.0065  -0.0101  -0.0030
55                    S3_M15_equal - ct7        prmscore -0.0037  -0.0075   0.0000
56                    S3_M15_equal - ct7   pb_sla_pooled -0.0380  -0.0532  -0.0228
57               S3_M15_equal - B11_lsml  prm_within_auc  0.0013  -0.0016   0.0043
58               S3_M15_equal - B11_lsml        prmscore  0.0010  -0.0022   0.0041
59               S3_M15_equal - B11_lsml   pb_sla_pooled  0.0180   0.0072   0.0289
60                  S3_M15_cov_sml - ct7  prm_within_auc -0.0102  -0.0136  -0.0068
61                  S3_M15_cov_sml - ct7        prmscore -0.0080  -0.0117  -0.0043
62                  S3_M15_cov_sml - ct7   pb_sla_pooled -0.0421  -0.0573  -0.0267
63             S3_M15_cov_sml - B11_lsml  prm_within_auc -0.0023  -0.0049   0.0002
64             S3_M15_cov_sml - B11_lsml        prmscore -0.0033  -0.0062  -0.0005
65             S3_M15_cov_sml - B11_lsml   pb_sla_pooled  0.0140   0.0038   0.0241
66               S3_M15_tail20_sml - ct7  prm_within_auc -0.0128  -0.0162  -0.0094
67               S3_M15_tail20_sml - ct7        prmscore -0.0083  -0.0119  -0.0046
68               S3_M15_tail20_sml - ct7   pb_sla_pooled -0.0507  -0.0658  -0.0350
69          S3_M15_tail20_sml - B11_lsml  prm_within_auc -0.0049  -0.0071  -0.0027
70          S3_M15_tail20_sml - B11_lsml        prmscore -0.0036  -0.0060  -0.0013
71          S3_M15_tail20_sml - B11_lsml   pb_sla_pooled  0.0054  -0.0041   0.0151
72                S3_M15_tail1_sml - ct7  prm_within_auc -0.0125  -0.0160  -0.0090
73                S3_M15_tail1_sml - ct7        prmscore -0.0093  -0.0131  -0.0055
74                S3_M15_tail1_sml - ct7   pb_sla_pooled -0.0536  -0.0692  -0.0378
75           S3_M15_tail1_sml - B11_lsml  prm_within_auc -0.0046  -0.0069  -0.0023
76           S3_M15_tail1_sml - B11_lsml        prmscore -0.0046  -0.0072  -0.0021
77           S3_M15_tail1_sml - B11_lsml   pb_sla_pooled  0.0025  -0.0078   0.0128
78              S3_M15_tail20_lsml - ct7  prm_within_auc -0.0092  -0.0132  -0.0052
79              S3_M15_tail20_lsml - ct7        prmscore -0.0048  -0.0090  -0.0007
80              S3_M15_tail20_lsml - ct7   pb_sla_pooled -0.0313  -0.0472  -0.0152
81         S3_M15_tail20_lsml - B11_lsml  prm_within_auc -0.0013  -0.0050   0.0023
82         S3_M15_tail20_lsml - B11_lsml        prmscore -0.0002  -0.0038   0.0034
83         S3_M15_tail20_lsml - B11_lsml   pb_sla_pooled  0.0248   0.0121   0.0375
84               S3_M15_tail1_lsml - ct7  prm_within_auc -0.0212  -0.0246  -0.0179
85               S3_M15_tail1_lsml - ct7        prmscore -0.0121  -0.0157  -0.0085
86               S3_M15_tail1_lsml - ct7   pb_sla_pooled -0.0538  -0.0689  -0.0385
87          S3_M15_tail1_lsml - B11_lsml  prm_within_auc -0.0134  -0.0159  -0.0108
88          S3_M15_tail1_lsml - B11_lsml        prmscore -0.0074  -0.0102  -0.0047
89          S3_M15_tail1_lsml - B11_lsml   pb_sla_pooled  0.0023  -0.0066   0.0109
90                    S4_M16_equal - ct7  prm_within_auc -0.0073  -0.0108  -0.0039
91                    S4_M16_equal - ct7        prmscore -0.0039  -0.0075  -0.0004
92                    S4_M16_equal - ct7   pb_sla_pooled -0.0401  -0.0552  -0.0248
93               S4_M16_equal - B11_lsml  prm_within_auc  0.0006  -0.0023   0.0034
94               S4_M16_equal - B11_lsml        prmscore  0.0007  -0.0022   0.0037
95               S4_M16_equal - B11_lsml   pb_sla_pooled  0.0160   0.0054   0.0267
96                  S4_M16_cov_sml - ct7  prm_within_auc -0.0129  -0.0162  -0.0095
97                  S4_M16_cov_sml - ct7        prmscore -0.0093  -0.0130  -0.0058
98                  S4_M16_cov_sml - ct7   pb_sla_pooled -0.0471  -0.0623  -0.0317
99             S4_M16_cov_sml - B11_lsml  prm_within_auc -0.0050  -0.0074  -0.0026
100            S4_M16_cov_sml - B11_lsml        prmscore -0.0047  -0.0073  -0.0021
101            S4_M16_cov_sml - B11_lsml   pb_sla_pooled  0.0090  -0.0011   0.0191
102              S4_M16_tail20_sml - ct7  prm_within_auc -0.0154  -0.0189  -0.0121
103              S4_M16_tail20_sml - ct7        prmscore -0.0105  -0.0142  -0.0069
104              S4_M16_tail20_sml - ct7   pb_sla_pooled -0.0529  -0.0681  -0.0374
105         S4_M16_tail20_sml - B11_lsml  prm_within_auc -0.0076  -0.0098  -0.0053
106         S4_M16_tail20_sml - B11_lsml        prmscore -0.0058  -0.0083  -0.0033
107         S4_M16_tail20_sml - B11_lsml   pb_sla_pooled  0.0032  -0.0066   0.0131
108               S4_M16_tail1_sml - ct7  prm_within_auc -0.0148  -0.0184  -0.0113
109               S4_M16_tail1_sml - ct7        prmscore -0.0113  -0.0150  -0.0076
110               S4_M16_tail1_sml - ct7   pb_sla_pooled -0.0534  -0.0688  -0.0378
111          S4_M16_tail1_sml - B11_lsml  prm_within_auc -0.0070  -0.0094  -0.0045
112          S4_M16_tail1_sml - B11_lsml        prmscore -0.0066  -0.0092  -0.0041
113          S4_M16_tail1_sml - B11_lsml   pb_sla_pooled  0.0027  -0.0076   0.0131
114             S4_M16_tail20_lsml - ct7  prm_within_auc -0.0092  -0.0131  -0.0054
115             S4_M16_tail20_lsml - ct7        prmscore -0.0042  -0.0082  -0.0004
116             S4_M16_tail20_lsml - ct7   pb_sla_pooled -0.0313  -0.0470  -0.0154
117        S4_M16_tail20_lsml - B11_lsml  prm_within_auc -0.0013  -0.0048   0.0021
118        S4_M16_tail20_lsml - B11_lsml        prmscore  0.0004  -0.0031   0.0038
119        S4_M16_tail20_lsml - B11_lsml   pb_sla_pooled  0.0248   0.0122   0.0373
120              S4_M16_tail1_lsml - ct7  prm_within_auc -0.0228  -0.0261  -0.0195
121              S4_M16_tail1_lsml - ct7        prmscore -0.0130  -0.0165  -0.0094
122              S4_M16_tail1_lsml - ct7   pb_sla_pooled -0.0545  -0.0696  -0.0393
123         S4_M16_tail1_lsml - B11_lsml  prm_within_auc -0.0150  -0.0175  -0.0124
124         S4_M16_tail1_lsml - B11_lsml        prmscore -0.0083  -0.0110  -0.0056
125         S4_M16_tail1_lsml - B11_lsml   pb_sla_pooled  0.0016  -0.0077   0.0108
{"status": "COMPLETE", "started": "2026-09-24T13:36:46", "finished": "2026-09-24T13:38:04", "failures": [], "methods": ["S3_M15_equal", "S3_M15_cov_sml", "S3_M15_tail20_sml", "S3_M15_tail1_sml", "S3_M15_tail20_lsml", "S3_M15_tail1_lsml", "S4_M16_equal", "S4_M16_cov_sml", "S4_M16_tail20_sml", "S4_M16_tail1_sml", "S4_M16_tail20_lsml", "S4_M16_tail1_lsml", "kept28_oriented_equal", "B11_lsml", "all48_equal", "ct7"], "seconds": 77.75095920000058}
