setup 40s
  fold 0 B16: POS pi 0.582 kept True | CUM pi 0.668 kept True | POS group share 0.094 CUM group share 0.197
  fold 0 B23: POS pi 0.566 kept True | CUM pi 0.674 kept True | POS group share 0.050 CUM group share 0.140
  fold 0 B35: POS pi 0.573 kept True | CUM pi 0.651 kept True | POS group share 0.074 CUM group share 0.171
  fold 0 B54: POS pi 0.555 kept True | CUM pi 0.667 kept True | POS group share 0.047 CUM group share 0.157
fold 0 done (41s)
        method  within_auc  prmscore  pb_sla_macro8
           ct7      0.7670    0.6434         0.3821
        fam421      0.7740    0.6495         0.3769
     B16__BASE      0.7792    0.6525         0.3836
 B16__BASE_POS      0.7896    0.6581         0.3690
 B16__BASE_CUM      0.7832    0.6507         0.3880
      B16__GRP      0.7817    0.6559         0.3724
  B16__GRP_POS      0.7914    0.6581         0.3554
  B16__GRP_CUM      0.7817    0.6446         0.3626
B16__POS_ALONE      0.6579    0.5244         0.0327
     B23__BASE      0.7573    0.6348         0.3827
 B23__BASE_POS      0.7633    0.6392         0.3859
 B23__BASE_CUM      0.7566    0.6315         0.3754
      B23__GRP      0.7542    0.6343         0.3549
  B23__GRP_POS      0.7589    0.6337         0.3504
  B23__GRP_CUM      0.7482    0.6242         0.3400
B23__POS_ALONE      0.6579    0.5244         0.0327
     B35__BASE      0.7528    0.6252         0.3350
 B35__BASE_POS      0.7602    0.6287         0.3332
 B35__BASE_CUM      0.7533    0.6246         0.3322
      B35__GRP      0.7635    0.6402         0.3419
  B35__GRP_POS      0.7717    0.6412         0.3422
  B35__GRP_CUM      0.7630    0.6298         0.3296
B35__POS_ALONE      0.6579    0.5244         0.0327
     B54__BASE      0.7563    0.6365         0.3413
 B54__BASE_POS      0.7603    0.6368         0.3407
 B54__BASE_CUM      0.7554    0.6341         0.3332
      B54__GRP      0.7562    0.6336         0.3476
  B54__GRP_POS      0.7641    0.6357         0.3566
  B54__GRP_CUM      0.7516    0.6199         0.3212
B54__POS_ALONE      0.6579    0.5244         0.0327
               contrast_id  within_auc_delta  within_auc_lo95  within_auc_hi95  prmscore_delta  pb_sla_macro8_delta
 B16__BASE_POS - B16__BASE            0.0104           0.0074           0.0133          0.0056              -0.0146
   B16__GRP_POS - B16__GRP            0.0097           0.0060           0.0134          0.0022              -0.0170
 B23__BASE_POS - B23__BASE            0.0059           0.0032           0.0085          0.0044               0.0032
   B23__GRP_POS - B23__GRP            0.0046           0.0021           0.0071         -0.0006              -0.0046
 B35__BASE_POS - B35__BASE            0.0074           0.0052           0.0097          0.0035              -0.0018
   B35__GRP_POS - B35__GRP            0.0082           0.0047           0.0117          0.0011               0.0003
 B54__BASE_POS - B54__BASE            0.0041           0.0027           0.0055          0.0003              -0.0006
   B54__GRP_POS - B54__GRP            0.0079           0.0052           0.0106          0.0021               0.0091
 B16__BASE_CUM - B16__BASE            0.0039           0.0015           0.0064         -0.0018               0.0044
   B16__GRP_CUM - B16__GRP            0.0000          -0.0049           0.0052         -0.0113              -0.0099
  B16__GRP_POS - B16__BASE            0.0122           0.0076           0.0170          0.0056              -0.0282
B16__POS_ALONE - B16__BASE           -0.1213          -0.1410          -0.1018         -0.1281              -0.3509
      B16__GRP - B16__BASE            0.0025          -0.0011           0.0062          0.0034              -0.0112
 B23__BASE_CUM - B23__BASE           -0.0007          -0.0029           0.0013         -0.0033              -0.0073
   B23__GRP_CUM - B23__GRP           -0.0060          -0.0104          -0.0016         -0.0102              -0.0149
  B23__GRP_POS - B23__BASE            0.0015          -0.0028           0.0060         -0.0010              -0.0323
B23__POS_ALONE - B23__BASE           -0.0994          -0.1198          -0.0782         -0.1104              -0.3500
      B23__GRP - B23__BASE           -0.0031          -0.0072           0.0011         -0.0004              -0.0277
 B35__BASE_CUM - B35__BASE            0.0005          -0.0012           0.0022         -0.0006              -0.0028
   B35__GRP_CUM - B35__GRP           -0.0006          -0.0061           0.0046         -0.0104              -0.0122
  B35__GRP_POS - B35__BASE            0.0189           0.0114           0.0266          0.0161               0.0072
B35__POS_ALONE - B35__BASE           -0.0949          -0.1157          -0.0744         -0.1008              -0.3023
      B35__GRP - B35__BASE            0.0107           0.0042           0.0174          0.0150               0.0069
 B54__BASE_CUM - B54__BASE           -0.0008          -0.0020           0.0002         -0.0024              -0.0080
   B54__GRP_CUM - B54__GRP           -0.0046          -0.0095           0.0006         -0.0137              -0.0263
  B54__GRP_POS - B54__BASE            0.0078           0.0041           0.0118         -0.0008               0.0154
B54__POS_ALONE - B54__BASE           -0.0983          -0.1196          -0.0760         -0.1121              -0.3086
      B54__GRP - B54__BASE           -0.0000          -0.0047           0.0043         -0.0029               0.0063
{
"B16__BASE_POS - B16__BASE": {
"obs": 0.0104,
"swap": 0.0154,
"content_share": -0.471418882543279
},
"B16__GRP_POS - B16__GRP": {
"obs": 0.0097,
"swap": 0.02,
"content_share": -1.0699798268075547
},
"B23__BASE_POS - B23__BASE": {
"obs": 0.0059,
"swap": 0.0115,
"content_share": -0.9439576725949634
},
"B23__GRP_POS - B23__GRP": {
"obs": 0.0046,
"swap": 0.0106,
"content_share": -1.284386753177242
},
"B35__BASE_POS - B35__BASE": {
"obs": 0.0074,
"swap": 0.0116,
"content_share": -0.5666580631291394
},
"B35__GRP_POS - B35__GRP": {
"obs": 0.0082,
"swap": 0.0189,
"content_share": -1.3061773494591642
},
"B54__BASE_POS - B54__BASE": {
"obs": 0.0041,
"swap": 0.0065,
"content_share": -0.5935946266185956
},
"B54__GRP_POS - B54__GRP": {
"obs": 0.0079,
"swap": 0.0132,
"content_share": -0.6707078937372021
},
"B16__BASE_CUM - B16__BASE": {
"obs": 0.0039,
"swap": 0.0045,
"content_share": -0.13699854900301603
},
"B23__BASE_CUM - B23__BASE": {
"obs": -0.0007,
"swap": 0.0014,
"content_share": 2.9464441348784933
},
"B35__BASE_CUM - B35__BASE": {
"obs": 0.0005,
"swap": 0.0036,
"content_share": -6.251320765189901
},
"B54__BASE_CUM - B54__BASE": {
"obs": -0.0008,
"swap": 0.0007,
"content_share": 1.8685078729994247
}
}
{"setup_s": 39.81067569999141, "fit_s": 81.31160879999516, "eval_s": 6.267610000009881, "bootstrap_s": 0.6979682999954093, "total_s": 90.51786550000543}
