fold 0 done (30s)
fold 1 done (28s)
fold 2 done (30s)
fold 3 done (32s)
fold 4 done (28s)
metric                 pb_sla_macro8  prm_within_auc  prmscore
method                                                        
B11_equal                     0.3495          0.7496    0.6333
B11_lsml                      0.3480          0.7645    0.6412
S3_M15_mean_equal             0.3651          0.7659    0.6422
S3_M15_mean_lsml              0.3653          0.7615    0.6385
S3_M15_mean_sml               0.3615          0.7622    0.6379
S3_M15_sml_equal              0.3655          0.7658    0.6422
S3_M15_sml_lsml               0.3655          0.7614    0.6385
S3_M15_sml_sml                0.3611          0.7622    0.6378
S4_M16_mean_equal             0.3633          0.7651    0.6419
S4_M16_mean_lsml              0.3591          0.7641    0.6393
S4_M16_mean_sml               0.3567          0.7595    0.6365
S4_M16_sml_equal              0.3631          0.7651    0.6420
S4_M16_sml_lsml               0.3594          0.7642    0.6394
S4_M16_sml_sml                0.3567          0.7594    0.6365
all48_equal                   0.3464          0.7372    0.6238
all48_lsml                    0.3285          0.7017    0.5965
all48_oriented_equal          0.3551          0.7561    0.6362
all48_oriented_lsml           0.3285          0.7017    0.5965
ct7                           0.3989          0.7724    0.6458
kept28_oriented_equal         0.3607          0.7617    0.6402
kept28_oriented_lsml          0.3631          0.7591    0.6358
                                         contrast        endpoint   delta  ci95_lo  ci95_hi
0       S3_M15_mean_equal - kept28_oriented_equal  prm_within_auc  0.0042   0.0022   0.0062
1       S3_M15_mean_equal - kept28_oriented_equal        prmscore  0.0020  -0.0003   0.0043
2       S3_M15_mean_equal - kept28_oriented_equal   pb_sla_pooled  0.0038  -0.0052   0.0130
3         S3_M15_mean_sml - kept28_oriented_equal  prm_within_auc  0.0005  -0.0011   0.0021
4         S3_M15_mean_sml - kept28_oriented_equal        prmscore -0.0023  -0.0043  -0.0004
5         S3_M15_mean_sml - kept28_oriented_equal   pb_sla_pooled -0.0002  -0.0085   0.0079
6        S3_M15_mean_lsml - kept28_oriented_equal  prm_within_auc -0.0002  -0.0025   0.0020
7        S3_M15_mean_lsml - kept28_oriented_equal        prmscore -0.0017  -0.0043   0.0008
8        S3_M15_mean_lsml - kept28_oriented_equal   pb_sla_pooled  0.0054  -0.0045   0.0153
9        S3_M15_sml_equal - kept28_oriented_equal  prm_within_auc  0.0042   0.0022   0.0061
10       S3_M15_sml_equal - kept28_oriented_equal        prmscore  0.0020  -0.0003   0.0043
11       S3_M15_sml_equal - kept28_oriented_equal   pb_sla_pooled  0.0043  -0.0048   0.0135
12         S3_M15_sml_sml - kept28_oriented_equal  prm_within_auc  0.0005  -0.0011   0.0020
13         S3_M15_sml_sml - kept28_oriented_equal        prmscore -0.0024  -0.0043  -0.0004
14         S3_M15_sml_sml - kept28_oriented_equal   pb_sla_pooled -0.0007  -0.0088   0.0074
15        S3_M15_sml_lsml - kept28_oriented_equal  prm_within_auc -0.0003  -0.0026   0.0019
16        S3_M15_sml_lsml - kept28_oriented_equal        prmscore -0.0017  -0.0043   0.0008
17        S3_M15_sml_lsml - kept28_oriented_equal   pb_sla_pooled  0.0056  -0.0043   0.0155
18      S4_M16_mean_equal - kept28_oriented_equal  prm_within_auc  0.0034   0.0017   0.0052
19      S4_M16_mean_equal - kept28_oriented_equal        prmscore  0.0017  -0.0003   0.0037
20      S4_M16_mean_equal - kept28_oriented_equal   pb_sla_pooled  0.0018  -0.0066   0.0103
21        S4_M16_mean_sml - kept28_oriented_equal  prm_within_auc -0.0021  -0.0035  -0.0008
22        S4_M16_mean_sml - kept28_oriented_equal        prmscore -0.0037  -0.0054  -0.0019
23        S4_M16_mean_sml - kept28_oriented_equal   pb_sla_pooled -0.0052  -0.0132   0.0027
24       S4_M16_mean_lsml - kept28_oriented_equal  prm_within_auc  0.0025   0.0005   0.0044
25       S4_M16_mean_lsml - kept28_oriented_equal        prmscore -0.0008  -0.0032   0.0015
26       S4_M16_mean_lsml - kept28_oriented_equal   pb_sla_pooled -0.0016  -0.0104   0.0073
27       S4_M16_sml_equal - kept28_oriented_equal  prm_within_auc  0.0034   0.0017   0.0052
28       S4_M16_sml_equal - kept28_oriented_equal        prmscore  0.0018  -0.0001   0.0038
29       S4_M16_sml_equal - kept28_oriented_equal   pb_sla_pooled  0.0016  -0.0069   0.0101
30         S4_M16_sml_sml - kept28_oriented_equal  prm_within_auc -0.0023  -0.0036  -0.0009
31         S4_M16_sml_sml - kept28_oriented_equal        prmscore -0.0037  -0.0054  -0.0020
32         S4_M16_sml_sml - kept28_oriented_equal   pb_sla_pooled -0.0052  -0.0132   0.0027
33        S4_M16_sml_lsml - kept28_oriented_equal  prm_within_auc  0.0025   0.0005   0.0044
34        S4_M16_sml_lsml - kept28_oriented_equal        prmscore -0.0008  -0.0032   0.0016
35        S4_M16_sml_lsml - kept28_oriented_equal   pb_sla_pooled -0.0011  -0.0100   0.0078
36                S3_M15_mean_equal - all48_equal  prm_within_auc  0.0287   0.0248   0.0325
37                S3_M15_mean_equal - all48_equal        prmscore  0.0184   0.0145   0.0222
38                S3_M15_mean_equal - all48_equal   pb_sla_pooled  0.0189   0.0027   0.0350
39                  S3_M15_mean_sml - all48_equal  prm_within_auc  0.0250   0.0212   0.0287
40                  S3_M15_mean_sml - all48_equal        prmscore  0.0141   0.0103   0.0180
41                  S3_M15_mean_sml - all48_equal   pb_sla_pooled  0.0149  -0.0014   0.0306
42                 S3_M15_mean_lsml - all48_equal  prm_within_auc  0.0243   0.0208   0.0276
43                 S3_M15_mean_lsml - all48_equal        prmscore  0.0147   0.0111   0.0183
44                 S3_M15_mean_lsml - all48_equal   pb_sla_pooled  0.0205   0.0043   0.0364
45                 S3_M15_sml_equal - all48_equal  prm_within_auc  0.0287   0.0248   0.0324
46                 S3_M15_sml_equal - all48_equal        prmscore  0.0184   0.0146   0.0223
47                 S3_M15_sml_equal - all48_equal   pb_sla_pooled  0.0194   0.0031   0.0355
48                   S3_M15_sml_sml - all48_equal  prm_within_auc  0.0250   0.0212   0.0287
49                   S3_M15_sml_sml - all48_equal        prmscore  0.0140   0.0102   0.0179
50                   S3_M15_sml_sml - all48_equal   pb_sla_pooled  0.0144  -0.0018   0.0302
51                  S3_M15_sml_lsml - all48_equal  prm_within_auc  0.0242   0.0208   0.0275
52                  S3_M15_sml_lsml - all48_equal        prmscore  0.0147   0.0111   0.0183
53                  S3_M15_sml_lsml - all48_equal   pb_sla_pooled  0.0207   0.0045   0.0366
54                S4_M16_mean_equal - all48_equal  prm_within_auc  0.0279   0.0240   0.0317
55                S4_M16_mean_equal - all48_equal        prmscore  0.0181   0.0143   0.0220
56                S4_M16_mean_equal - all48_equal   pb_sla_pooled  0.0169   0.0005   0.0329
57                  S4_M16_mean_sml - all48_equal  prm_within_auc  0.0224   0.0183   0.0263
58                  S4_M16_mean_sml - all48_equal        prmscore  0.0127   0.0088   0.0167
59                  S4_M16_mean_sml - all48_equal   pb_sla_pooled  0.0099  -0.0065   0.0262
60                 S4_M16_mean_lsml - all48_equal  prm_within_auc  0.0270   0.0232   0.0306
61                 S4_M16_mean_lsml - all48_equal        prmscore  0.0156   0.0118   0.0194
62                 S4_M16_mean_lsml - all48_equal   pb_sla_pooled  0.0135  -0.0025   0.0293
63                 S4_M16_sml_equal - all48_equal  prm_within_auc  0.0279   0.0240   0.0318
64                 S4_M16_sml_equal - all48_equal        prmscore  0.0182   0.0144   0.0221
65                 S4_M16_sml_equal - all48_equal   pb_sla_pooled  0.0167   0.0002   0.0328
66                   S4_M16_sml_sml - all48_equal  prm_within_auc  0.0223   0.0182   0.0262
67                   S4_M16_sml_sml - all48_equal        prmscore  0.0127   0.0087   0.0167
68                   S4_M16_sml_sml - all48_equal   pb_sla_pooled  0.0099  -0.0065   0.0261
69                  S4_M16_sml_lsml - all48_equal  prm_within_auc  0.0270   0.0233   0.0307
70                  S4_M16_sml_lsml - all48_equal        prmscore  0.0156   0.0119   0.0194
71                  S4_M16_sml_lsml - all48_equal   pb_sla_pooled  0.0140  -0.0020   0.0298
72                        S3_M15_mean_equal - ct7  prm_within_auc -0.0065  -0.0101  -0.0030
73                        S3_M15_mean_equal - ct7        prmscore -0.0037  -0.0075   0.0000
74                        S3_M15_mean_equal - ct7   pb_sla_pooled -0.0380  -0.0532  -0.0228
75                          S3_M15_mean_sml - ct7  prm_within_auc -0.0102  -0.0136  -0.0068
76                          S3_M15_mean_sml - ct7        prmscore -0.0080  -0.0117  -0.0043
77                          S3_M15_mean_sml - ct7   pb_sla_pooled -0.0421  -0.0573  -0.0267
78                         S3_M15_mean_lsml - ct7  prm_within_auc -0.0109  -0.0146  -0.0073
79                         S3_M15_mean_lsml - ct7        prmscore -0.0074  -0.0112  -0.0037
80                         S3_M15_mean_lsml - ct7   pb_sla_pooled -0.0365  -0.0520  -0.0210
81                         S3_M15_sml_equal - ct7  prm_within_auc -0.0065  -0.0101  -0.0030
82                         S3_M15_sml_equal - ct7        prmscore -0.0036  -0.0074   0.0001
83                         S3_M15_sml_equal - ct7   pb_sla_pooled -0.0376  -0.0528  -0.0222
84                           S3_M15_sml_sml - ct7  prm_within_auc -0.0102  -0.0137  -0.0068
85                           S3_M15_sml_sml - ct7        prmscore -0.0080  -0.0118  -0.0044
86                           S3_M15_sml_sml - ct7   pb_sla_pooled -0.0425  -0.0578  -0.0272
87                          S3_M15_sml_lsml - ct7  prm_within_auc -0.0110  -0.0147  -0.0074
88                          S3_M15_sml_lsml - ct7        prmscore -0.0074  -0.0112  -0.0036
89                          S3_M15_sml_lsml - ct7   pb_sla_pooled -0.0362  -0.0517  -0.0207
90                        S4_M16_mean_equal - ct7  prm_within_auc -0.0073  -0.0108  -0.0039
91                        S4_M16_mean_equal - ct7        prmscore -0.0039  -0.0075  -0.0004
92                        S4_M16_mean_equal - ct7   pb_sla_pooled -0.0401  -0.0552  -0.0248
93                          S4_M16_mean_sml - ct7  prm_within_auc -0.0129  -0.0162  -0.0095
94                          S4_M16_mean_sml - ct7        prmscore -0.0093  -0.0130  -0.0058
95                          S4_M16_mean_sml - ct7   pb_sla_pooled -0.0471  -0.0623  -0.0317
96                         S4_M16_mean_lsml - ct7  prm_within_auc -0.0083  -0.0120  -0.0046
97                         S4_M16_mean_lsml - ct7        prmscore -0.0065  -0.0104  -0.0026
98                         S4_M16_mean_lsml - ct7   pb_sla_pooled -0.0434  -0.0587  -0.0281
99                         S4_M16_sml_equal - ct7  prm_within_auc -0.0073  -0.0108  -0.0039
100                        S4_M16_sml_equal - ct7        prmscore -0.0038  -0.0074  -0.0003
101                        S4_M16_sml_equal - ct7   pb_sla_pooled -0.0403  -0.0554  -0.0251
102                          S4_M16_sml_sml - ct7  prm_within_auc -0.0130  -0.0163  -0.0096
103                          S4_M16_sml_sml - ct7        prmscore -0.0094  -0.0130  -0.0058
104                          S4_M16_sml_sml - ct7   pb_sla_pooled -0.0471  -0.0622  -0.0316
105                         S4_M16_sml_lsml - ct7  prm_within_auc -0.0082  -0.0119  -0.0046
106                         S4_M16_sml_lsml - ct7        prmscore -0.0064  -0.0103  -0.0026
107                         S4_M16_sml_lsml - ct7   pb_sla_pooled -0.0430  -0.0582  -0.0277
108                  S3_M15_mean_equal - B11_lsml  prm_within_auc  0.0013  -0.0016   0.0043
109                  S3_M15_mean_equal - B11_lsml        prmscore  0.0010  -0.0022   0.0041
110                  S3_M15_mean_equal - B11_lsml   pb_sla_pooled  0.0180   0.0072   0.0289
111                    S3_M15_mean_sml - B11_lsml  prm_within_auc -0.0023  -0.0049   0.0002
112                    S3_M15_mean_sml - B11_lsml        prmscore -0.0033  -0.0062  -0.0005
113                    S3_M15_mean_sml - B11_lsml   pb_sla_pooled  0.0140   0.0038   0.0241
114                   S3_M15_mean_lsml - B11_lsml  prm_within_auc -0.0030  -0.0062   0.0001
115                   S3_M15_mean_lsml - B11_lsml        prmscore -0.0027  -0.0061   0.0005
116                   S3_M15_mean_lsml - B11_lsml   pb_sla_pooled  0.0196   0.0083   0.0310
117                   S3_M15_sml_equal - B11_lsml  prm_within_auc  0.0013  -0.0017   0.0043
118                   S3_M15_sml_equal - B11_lsml        prmscore  0.0010  -0.0022   0.0042
119                   S3_M15_sml_equal - B11_lsml   pb_sla_pooled  0.0185   0.0077   0.0294
120                     S3_M15_sml_sml - B11_lsml  prm_within_auc -0.0023  -0.0049   0.0002
121                     S3_M15_sml_sml - B11_lsml        prmscore -0.0034  -0.0062  -0.0005
122                     S3_M15_sml_sml - B11_lsml   pb_sla_pooled  0.0135   0.0034   0.0237
123                    S3_M15_sml_lsml - B11_lsml  prm_within_auc -0.0031  -0.0063   0.0001
124                    S3_M15_sml_lsml - B11_lsml        prmscore -0.0027  -0.0060   0.0006
125                    S3_M15_sml_lsml - B11_lsml   pb_sla_pooled  0.0198   0.0086   0.0312
126                  S4_M16_mean_equal - B11_lsml  prm_within_auc  0.0006  -0.0023   0.0034
127                  S4_M16_mean_equal - B11_lsml        prmscore  0.0007  -0.0022   0.0037
128                  S4_M16_mean_equal - B11_lsml   pb_sla_pooled  0.0160   0.0054   0.0267
129                    S4_M16_mean_sml - B11_lsml  prm_within_auc -0.0050  -0.0074  -0.0026
130                    S4_M16_mean_sml - B11_lsml        prmscore -0.0047  -0.0073  -0.0021
131                    S4_M16_mean_sml - B11_lsml   pb_sla_pooled  0.0090  -0.0011   0.0191
132                   S4_M16_mean_lsml - B11_lsml  prm_within_auc -0.0004  -0.0032   0.0024
133                   S4_M16_mean_lsml - B11_lsml        prmscore -0.0019  -0.0049   0.0011
134                   S4_M16_mean_lsml - B11_lsml   pb_sla_pooled  0.0126   0.0023   0.0230
135                   S4_M16_sml_equal - B11_lsml  prm_within_auc  0.0006  -0.0023   0.0034
136                   S4_M16_sml_equal - B11_lsml        prmscore  0.0008  -0.0021   0.0038
137                   S4_M16_sml_equal - B11_lsml   pb_sla_pooled  0.0158   0.0052   0.0265
138                     S4_M16_sml_sml - B11_lsml  prm_within_auc -0.0051  -0.0075  -0.0027
139                     S4_M16_sml_sml - B11_lsml        prmscore -0.0047  -0.0073  -0.0021
140                     S4_M16_sml_sml - B11_lsml   pb_sla_pooled  0.0090  -0.0009   0.0191
141                    S4_M16_sml_lsml - B11_lsml  prm_within_auc -0.0003  -0.0032   0.0025
142                    S4_M16_sml_lsml - B11_lsml        prmscore -0.0018  -0.0048   0.0012
143                    S4_M16_sml_lsml - B11_lsml   pb_sla_pooled  0.0131   0.0027   0.0235
144           S3_M15_mean_sml - S3_M15_mean_equal  prm_within_auc -0.0037  -0.0052  -0.0022
145           S3_M15_mean_sml - S3_M15_mean_equal        prmscore -0.0043  -0.0062  -0.0024
146           S3_M15_mean_sml - S3_M15_mean_equal   pb_sla_pooled -0.0041  -0.0106   0.0025
147          S3_M15_mean_lsml - S3_M15_mean_equal  prm_within_auc -0.0044  -0.0056  -0.0031
148          S3_M15_mean_lsml - S3_M15_mean_equal        prmscore -0.0037  -0.0052  -0.0022
149          S3_M15_mean_lsml - S3_M15_mean_equal   pb_sla_pooled  0.0016  -0.0038   0.0069
150             S3_M15_sml_sml - S3_M15_sml_equal  prm_within_auc -0.0037  -0.0052  -0.0022
151             S3_M15_sml_sml - S3_M15_sml_equal        prmscore -0.0044  -0.0063  -0.0024
152             S3_M15_sml_sml - S3_M15_sml_equal   pb_sla_pooled -0.0050  -0.0115   0.0016
153            S3_M15_sml_lsml - S3_M15_sml_equal  prm_within_auc -0.0045  -0.0057  -0.0032
154            S3_M15_sml_lsml - S3_M15_sml_equal        prmscore -0.0037  -0.0053  -0.0022
155            S3_M15_sml_lsml - S3_M15_sml_equal   pb_sla_pooled  0.0014  -0.0039   0.0066
156           S4_M16_mean_sml - S4_M16_mean_equal  prm_within_auc -0.0056  -0.0071  -0.0040
157           S4_M16_mean_sml - S4_M16_mean_equal        prmscore -0.0054  -0.0074  -0.0034
158           S4_M16_mean_sml - S4_M16_mean_equal   pb_sla_pooled -0.0070  -0.0137  -0.0002
159          S4_M16_mean_lsml - S4_M16_mean_equal  prm_within_auc -0.0010  -0.0023   0.0004
160          S4_M16_mean_lsml - S4_M16_mean_equal        prmscore -0.0026  -0.0043  -0.0009
161          S4_M16_mean_lsml - S4_M16_mean_equal   pb_sla_pooled -0.0034  -0.0090   0.0023
162             S4_M16_sml_sml - S4_M16_sml_equal  prm_within_auc -0.0057  -0.0072  -0.0041
163             S4_M16_sml_sml - S4_M16_sml_equal        prmscore -0.0055  -0.0075  -0.0035
164             S4_M16_sml_sml - S4_M16_sml_equal   pb_sla_pooled -0.0068  -0.0134   0.0000
165            S4_M16_sml_lsml - S4_M16_sml_equal  prm_within_auc -0.0009  -0.0023   0.0005
166            S4_M16_sml_lsml - S4_M16_sml_equal        prmscore -0.0026  -0.0043  -0.0009
167            S4_M16_sml_lsml - S4_M16_sml_equal   pb_sla_pooled -0.0027  -0.0084   0.0029
168          S3_M15_sml_equal - S3_M15_mean_equal  prm_within_auc -0.0000  -0.0001   0.0001
169          S3_M15_sml_equal - S3_M15_mean_equal        prmscore  0.0000  -0.0000   0.0001
170          S3_M15_sml_equal - S3_M15_mean_equal   pb_sla_pooled  0.0005   0.0000   0.0011
171              S3_M15_sml_sml - S3_M15_mean_sml  prm_within_auc -0.0000  -0.0002   0.0001
172              S3_M15_sml_sml - S3_M15_mean_sml        prmscore -0.0000  -0.0002   0.0001
173              S3_M15_sml_sml - S3_M15_mean_sml   pb_sla_pooled -0.0005  -0.0011   0.0000
174            S3_M15_sml_lsml - S3_M15_mean_lsml  prm_within_auc -0.0001  -0.0002   0.0000
175            S3_M15_sml_lsml - S3_M15_mean_lsml        prmscore  0.0000  -0.0001   0.0001
176            S3_M15_sml_lsml - S3_M15_mean_lsml   pb_sla_pooled  0.0002   0.0000   0.0007
177          S4_M16_sml_equal - S4_M16_mean_equal  prm_within_auc  0.0000  -0.0001   0.0001
178          S4_M16_sml_equal - S4_M16_mean_equal        prmscore  0.0001  -0.0000   0.0003
179          S4_M16_sml_equal - S4_M16_mean_equal   pb_sla_pooled -0.0002  -0.0007   0.0000
180              S4_M16_sml_sml - S4_M16_mean_sml  prm_within_auc -0.0001  -0.0002  -0.0000
181              S4_M16_sml_sml - S4_M16_mean_sml        prmscore -0.0000  -0.0002   0.0001
182              S4_M16_sml_sml - S4_M16_mean_sml   pb_sla_pooled  0.0000  -0.0009   0.0009
183            S4_M16_sml_lsml - S4_M16_mean_lsml  prm_within_auc  0.0001  -0.0001   0.0002
184            S4_M16_sml_lsml - S4_M16_mean_lsml        prmscore  0.0001  -0.0001   0.0002
185            S4_M16_sml_lsml - S4_M16_mean_lsml   pb_sla_pooled  0.0005   0.0000   0.0011
186  kept28_oriented_lsml - kept28_oriented_equal  prm_within_auc -0.0026  -0.0040  -0.0012
187  kept28_oriented_lsml - kept28_oriented_equal        prmscore -0.0043  -0.0060  -0.0027
188  kept28_oriented_lsml - kept28_oriented_equal   pb_sla_pooled  0.0018  -0.0051   0.0086
{"status": "COMPLETE", "started": "2026-09-24T13:14:45", "finished": "2026-09-24T13:18:10", "failures": [], "methods": ["S3_M15_mean_equal", "S3_M15_mean_sml", "S3_M15_mean_lsml", "S3_M15_sml_equal", "S3_M15_sml_sml", "S3_M15_sml_lsml", "S4_M16_mean_equal", "S4_M16_mean_sml", "S4_M16_mean_lsml", "S4_M16_sml_equal", "S4_M16_sml_sml", "S4_M16_sml_lsml", "all48_equal", "all48_lsml", "all48_oriented_equal", "all48_oriented_lsml", "kept28_oriented_equal", "kept28_oriented_lsml", "B11_equal", "B11_lsml", "ct7"], "seconds": 205.46151439999994}
