Anchor parity: 25 shared methods, worst |diff| 0.00e+00, all within tolerance
PRMScore evidence30__all__seed__equal complete
PRMScore evidence30__all__plain__equal complete
PRMScore evidence30__all__position__equal complete
PRMScore evidence30__all__plain2__equal complete
PRMScore evidence30__all__position2__equal complete
PRMScore evidence30__all__randomseed__equal complete
PRMScore evidence30__all__randomseed_position__equal complete
PRMScore evidence30__all__prioronly__equal complete
PRMScore evidence30__all__ceiling__equal complete
PRMScore evidence30__all__ceiling_position__equal complete
PRMScore evidence30__all__plain__equal_std complete
PRMScore evidence30__all__plain__spectral complete
PRMScore evidence30__all__plain__continuous_lsml complete
PRMScore evidence30__all__position__equal_std complete
PRMScore evidence30__all__position__spectral complete
PRMScore evidence30__all__position__continuous_lsml complete
PRMScore evidence__all__seed__equal complete
PRMScore evidence__all__plain__equal complete
PRMScore evidence__all__position__equal complete
PRMScore evidence__all__plain2__equal complete
PRMScore evidence__all__position2__equal complete
PRMScore evidence__all__randomseed__equal complete
PRMScore evidence__all__randomseed_position__equal complete
PRMScore evidence__all__prioronly__equal complete
PRMScore evidence__all__ceiling__equal complete
PRMScore evidence__all__ceiling_position__equal complete
PRMScore evidence__all__plain__equal_std complete
PRMScore evidence__all__plain__spectral complete
PRMScore evidence__all__plain__continuous_lsml complete
PRMScore evidence__all__position__equal_std complete
PRMScore evidence__all__position__spectral complete
PRMScore evidence__all__position__continuous_lsml complete
PRMScore ct7 complete
PRMScore token_lsml complete
PRMScore token_equal complete
PRMScore mindgap_previous_unadjusted complete
PRMScore mindgap complete
PRMScore dual__iu complete
PRMScore dual__joint0 complete
PRMScore dual__equal complete
PRMScore context__iu complete
PRMScore single__joint0 complete
PRMScore single__q15_H1 complete
PRMScore single__q15_VE1 complete
PRMScore single__chosen_surprisal complete
PRMScore single__logprob_margin complete
PRMScore single__true_tail50 complete
PRMScore single__energy_level complete
PRMScore single__energy_innovation complete
PRMScore single__top15_turnover complete
PRMScore single__top50_js complete
PRMScore single__dominant_freq16 complete
PRMScore single__bocpd_p0 complete
PRMScore control__longest_step complete
PRMScore control__relative_position_0.0 complete
PRMScore control__relative_position_0.5 complete
PRMScore control__relative_position_1.0 complete
paired source bootstrap 0/10000
paired source bootstrap 2048/10000
paired source bootstrap 4096/10000
paired source bootstrap 6144/10000
paired source bootstrap 8192/10000
Report complete: C:\Users\omris\TAU\hallucination_detection\.worktrees\readout-quickest-detection-v1\results\step_evidence_v1\REPORT_HE.html
exit 0
