indicators built
fold 0 done (55s): cov_lsml K=3 w=[0.15, 0.14, 0.2, 0.2, 0.14, 0.13, 0.04], tail_top20pct_lsml K=3 w=[0.14, 0.13, 0.16, 0.16, 0.14, 0.13, 0.13], tail_top30tok_lsml K=3 w=[0.17, 0.16, 0.17, 0.16, 0.15, 0.15, 0.04], tail_top10tok_lsml K=4 w=[0.16, 0.16, 0.16, 0.16, 0.17, 0.17, 0.01]
fold 1 done (44s): cov_lsml K=3 w=[0.15, 0.14, 0.2, 0.2, 0.14, 0.13, 0.04], tail_top20pct_lsml K=3 w=[0.14, 0.13, 0.16, 0.16, 0.14, 0.13, 0.13], tail_top30tok_lsml K=3 w=[0.17, 0.16, 0.17, 0.16, 0.15, 0.15, 0.05], tail_top10tok_lsml K=4 w=[0.16, 0.16, 0.16, 0.16, 0.17, 0.17, 0.01]
fold 2 done (42s): cov_lsml K=3 w=[0.15, 0.14, 0.2, 0.2, 0.14, 0.13, 0.04], tail_top20pct_lsml K=3 w=[0.14, 0.13, 0.16, 0.16, 0.14, 0.13, 0.13], tail_top30tok_lsml K=3 w=[0.2, 0.2, 0.14, 0.15, 0.13, 0.15, 0.04], tail_top10tok_lsml K=4 w=[0.16, 0.16, 0.16, 0.16, 0.17, 0.17, 0.01]
fold 3 done (39s): cov_lsml K=3 w=[0.15, 0.14, 0.2, 0.2, 0.14, 0.13, 0.04], tail_top20pct_lsml K=3 w=[0.14, 0.13, 0.16, 0.16, 0.14, 0.13, 0.13], tail_top30tok_lsml K=3 w=[0.17, 0.16, 0.17, 0.16, 0.15, 0.15, 0.05], tail_top10tok_lsml K=4 w=[0.16, 0.16, 0.16, 0.16, 0.17, 0.17, 0.01]
fold 4 done (36s): cov_lsml K=3 w=[0.15, 0.14, 0.2, 0.2, 0.15, 0.13, 0.03], tail_top20pct_lsml K=3 w=[0.14, 0.13, 0.16, 0.16, 0.14, 0.13, 0.13], tail_top30tok_lsml K=3 w=[0.17, 0.16, 0.17, 0.16, 0.15, 0.15, 0.05], tail_top10tok_lsml K=4 w=[0.16, 0.16, 0.16, 0.16, 0.18, 0.18, 0.01]
paired source bootstrap 0/10000
paired source bootstrap 2048/10000
paired source bootstrap 4096/10000
paired source bootstrap 6144/10000
paired source bootstrap 8192/10000
PRMScore ct7 complete
PRMScore ct7_top10_equal7 complete
PRMScore equal_r10 complete
PRMScore equal_r30 complete
PRMScore cov_lsml_r10 complete
PRMScore cov_lsml_r30 complete
PRMScore tail_top20pct_lsml_r10 complete
PRMScore tail_top20pct_lsml_r30 complete
PRMScore tail_top30tok_lsml_r10 complete
PRMScore tail_top30tok_lsml_r30 complete
PRMScore tail_top10tok_lsml_r10 complete
PRMScore tail_top10tok_lsml_r30 complete
method                           SLA      F1  within
ct7                            39.89   41.19  0.7724
ct7_top10_equal7               41.04   41.45  0.7750
equal_r10                      38.02   39.55  0.7679
equal_r30                      39.79   40.79  0.7089
cov_lsml_r10                   37.20   39.03  0.7554
cov_lsml_r30                   38.71   39.99  0.6991
tail_top20pct_lsml_r10         37.60   39.22  0.7652
tail_top20pct_lsml_r30         39.36   40.37  0.7073
tail_top30tok_lsml_r10         36.81   38.75  0.7577
tail_top30tok_lsml_r30         38.81   40.03  0.7004
tail_top10tok_lsml_r10         37.57   39.16  0.7546
tail_top10tok_lsml_r30         39.06   40.12  0.6981
      pb_sla     tail_top20pct_lsml_r10 - cov_lsml_r10           +0.0040 [-0.0055, +0.0135]
      pb_sla     tail_top20pct_lsml_r10 - equal_r10              -0.0043 [-0.0096, +0.0010]
      pb_sla     tail_top20pct_lsml_r10 - ct7                    -0.0229 [-0.0356, -0.0104]
      pb_sla     tail_top30tok_lsml_r10 - cov_lsml_r10           -0.0039 [-0.0085, +0.0005]
      pb_sla     tail_top30tok_lsml_r10 - equal_r10              -0.0121 [-0.0228, -0.0016]
      pb_sla     tail_top30tok_lsml_r10 - ct7                    -0.0308 [-0.0444, -0.0175]
      pb_sla     tail_top10tok_lsml_r10 - cov_lsml_r10           +0.0038 [-0.0026, +0.0105]
      pb_sla     tail_top10tok_lsml_r10 - equal_r10              -0.0045 [-0.0163, +0.0071]
      pb_sla     tail_top10tok_lsml_r10 - ct7                    -0.0231 [-0.0372, -0.0093]
      pb_sla               cov_lsml_r10 - equal_r10              -0.0083 [-0.0193, +0.0025]
      pb_sla     tail_top20pct_lsml_r30 - cov_lsml_r30           +0.0065 [+0.0003, +0.0129]
      pb_sla     tail_top20pct_lsml_r30 - equal_r30              -0.0043 [-0.0076, -0.0009]
      pb_sla     tail_top20pct_lsml_r30 - ct7                    -0.0053 [-0.0186, +0.0079]
      pb_sla     tail_top30tok_lsml_r30 - cov_lsml_r30           +0.0010 [-0.0026, +0.0045]
      pb_sla     tail_top30tok_lsml_r30 - equal_r30              -0.0098 [-0.0164, -0.0032]
      pb_sla     tail_top30tok_lsml_r30 - ct7                    -0.0108 [-0.0243, +0.0026]
      pb_sla     tail_top10tok_lsml_r30 - cov_lsml_r30           +0.0035 [-0.0006, +0.0078]
      pb_sla     tail_top10tok_lsml_r30 - equal_r30              -0.0073 [-0.0146, +0.0001]
      pb_sla     tail_top10tok_lsml_r30 - ct7                    -0.0083 [-0.0219, +0.0053]
      pb_sla               cov_lsml_r30 - equal_r30              -0.0108 [-0.0182, -0.0037]
      pb_sla                  equal_r30 - equal_r10              +0.0176 [+0.0031, +0.0323]
      pb_sla           ct7_top10_equal7 - ct7                    +0.0115 [+0.0006, +0.0225]
pb_common_gate_f1     tail_top20pct_lsml_r10 - cov_lsml_r10           +0.0018 [-0.0056, +0.0094]
pb_common_gate_f1     tail_top20pct_lsml_r10 - equal_r10              -0.0034 [-0.0079, +0.0011]
pb_common_gate_f1     tail_top20pct_lsml_r10 - ct7                    -0.0197 [-0.0299, -0.0095]
pb_common_gate_f1     tail_top30tok_lsml_r10 - cov_lsml_r10           -0.0028 [-0.0067, +0.0009]
pb_common_gate_f1     tail_top30tok_lsml_r10 - equal_r10              -0.0080 [-0.0166, +0.0004]
pb_common_gate_f1     tail_top30tok_lsml_r10 - ct7                    -0.0244 [-0.0354, -0.0136]
pb_common_gate_f1     tail_top10tok_lsml_r10 - cov_lsml_r10           +0.0013 [-0.0036, +0.0064]
pb_common_gate_f1     tail_top10tok_lsml_r10 - equal_r10              -0.0039 [-0.0134, +0.0054]
pb_common_gate_f1     tail_top10tok_lsml_r10 - ct7                    -0.0203 [-0.0313, -0.0092]
pb_common_gate_f1               cov_lsml_r10 - equal_r10              -0.0052 [-0.0141, +0.0036]
pb_common_gate_f1     tail_top20pct_lsml_r30 - cov_lsml_r30           +0.0038 [-0.0011, +0.0089]
pb_common_gate_f1     tail_top20pct_lsml_r30 - equal_r30              -0.0042 [-0.0073, -0.0012]
pb_common_gate_f1     tail_top20pct_lsml_r30 - ct7                    -0.0082 [-0.0184, +0.0019]
pb_common_gate_f1     tail_top30tok_lsml_r30 - cov_lsml_r30           +0.0004 [-0.0023, +0.0031]
pb_common_gate_f1     tail_top30tok_lsml_r30 - equal_r30              -0.0077 [-0.0133, -0.0022]
pb_common_gate_f1     tail_top30tok_lsml_r30 - ct7                    -0.0116 [-0.0224, -0.0011]
pb_common_gate_f1     tail_top10tok_lsml_r30 - cov_lsml_r30           +0.0013 [-0.0020, +0.0047]
pb_common_gate_f1     tail_top10tok_lsml_r30 - equal_r30              -0.0067 [-0.0128, -0.0006]
pb_common_gate_f1     tail_top10tok_lsml_r30 - ct7                    -0.0107 [-0.0215, -0.0002]
pb_common_gate_f1               cov_lsml_r30 - equal_r30              -0.0080 [-0.0141, -0.0022]
pb_common_gate_f1                  equal_r30 - equal_r10              +0.0124 [+0.0016, +0.0233]
pb_common_gate_f1           ct7_top10_equal7 - ct7                    +0.0026 [-0.0057, +0.0108]
prm_within_auc     tail_top20pct_lsml_r10 - cov_lsml_r10           +0.0098 [+0.0084, +0.0112]
prm_within_auc     tail_top20pct_lsml_r10 - equal_r10              -0.0027 [-0.0034, -0.0019]
prm_within_auc     tail_top20pct_lsml_r10 - ct7                    -0.0072 [-0.0089, -0.0055]
prm_within_auc     tail_top30tok_lsml_r10 - cov_lsml_r10           +0.0023 [+0.0016, +0.0031]
prm_within_auc     tail_top30tok_lsml_r10 - equal_r10              -0.0101 [-0.0117, -0.0086]
prm_within_auc     tail_top30tok_lsml_r10 - ct7                    -0.0147 [-0.0166, -0.0127]
prm_within_auc     tail_top10tok_lsml_r10 - cov_lsml_r10           -0.0008 [-0.0019, +0.0003]
prm_within_auc     tail_top10tok_lsml_r10 - equal_r10              -0.0133 [-0.0151, -0.0114]
prm_within_auc     tail_top10tok_lsml_r10 - ct7                    -0.0178 [-0.0199, -0.0157]
prm_within_auc               cov_lsml_r10 - equal_r10              -0.0125 [-0.0142, -0.0108]
prm_within_auc     tail_top20pct_lsml_r30 - cov_lsml_r30           +0.0082 [+0.0071, +0.0092]
prm_within_auc     tail_top20pct_lsml_r30 - equal_r30              -0.0016 [-0.0022, -0.0010]
prm_within_auc     tail_top20pct_lsml_r30 - ct7                    -0.0651 [-0.0704, -0.0599]
prm_within_auc     tail_top30tok_lsml_r30 - cov_lsml_r30           +0.0013 [+0.0007, +0.0020]
prm_within_auc     tail_top30tok_lsml_r30 - equal_r30              -0.0085 [-0.0096, -0.0074]
prm_within_auc     tail_top30tok_lsml_r30 - ct7                    -0.0720 [-0.0774, -0.0666]
prm_within_auc     tail_top10tok_lsml_r30 - cov_lsml_r30           -0.0010 [-0.0019, -0.0002]
prm_within_auc     tail_top10tok_lsml_r30 - equal_r30              -0.0108 [-0.0121, -0.0096]
prm_within_auc     tail_top10tok_lsml_r30 - ct7                    -0.0743 [-0.0796, -0.0690]
prm_within_auc               cov_lsml_r30 - equal_r30              -0.0098 [-0.0110, -0.0085]
prm_within_auc                  equal_r30 - equal_r10              -0.0590 [-0.0639, -0.0540]
prm_within_auc           ct7_top10_equal7 - ct7                    +0.0026 [+0.0013, +0.0039]
written: C:\Users\omris\TAU\hallucination_detection\.worktrees\lsml-ct7-levers-run\results\ct7_token_tail_lsml_v1 (475.2s)
