[iter_cells] qa/spectral_phase9_cache_webq_traces_T1.0: single-class labels — skipped
VALIDITY: GOOD_6 macro = 0.7733 (expected 0.7733 +/- 0.002) -> PASS

timing probe: ~1.17s per draw-pair -> projected 7.8 h for 24 cells at B=1000

  [epr_triviaqa_mistral24b]
      draws 200/1000
      draws 400/1000
      draws 600/1000
      draws 800/1000
      draws 1000/1000
    op-norm ratio obs=0.1050 null-a mean=0.0532 pct=97.8
  [losnet_hotpotqa_mistral7b]
      draws 200/1000
      draws 400/1000
      draws 600/1000
      draws 800/1000
      draws 1000/1000
    op-norm ratio obs=0.1380 null-a mean=0.0241 pct=100.0
  [sciq_llama8b]
      draws 200/1000
      draws 400/1000
      draws 600/1000
      draws 800/1000
      draws 1000/1000
C:\Users\omris\TAU\hallucination_detection\scripts\residual_identifiability_study.py:300: RuntimeWarning: All-NaN slice encountered
  "splithalf_jaccard_median": float(np.nanmedian(jacc)) if jacc else float("nan"),
C:\Users\DELL\AppData\Local\Programs\Python\Python313\Lib\site-packages\numpy\lib\_nanfunctions_impl.py:1409: RuntimeWarning: All-NaN slice encountered
  return _nanquantile_unchecked(
C:\Users\omris\TAU\hallucination_detection\scripts\residual_identifiability_study.py:303: RuntimeWarning: All-NaN slice encountered
  "splithalf_sign_agreement_median": float(np.nanmedian(signs)) if signs else float("nan"),
    op-norm ratio obs=0.1460 null-a mean=0.0266 pct=100.0
  [se_nq_open_llama8b]
      draws 200/1000
      draws 400/1000
      draws 600/1000
      draws 800/1000
      draws 1000/1000
    op-norm ratio obs=0.0912 null-a mean=0.0409 pct=100.0
  [se_squad_v2_llama8b]
      draws 200/1000
      draws 400/1000
      draws 600/1000
      draws 800/1000
      draws 1000/1000
    op-norm ratio obs=0.1147 null-a mean=0.0093 pct=100.0
  [seiclr_triviaqa_opt30b]
      draws 200/1000
      draws 400/1000
      draws 600/1000
      draws 800/1000
      draws 1000/1000
    op-norm ratio obs=0.1424 null-a mean=0.0282 pct=100.0
  [semenergy_triviaqa_qwen3_8b]
      draws 200/1000
      draws 400/1000
      draws 600/1000
      draws 800/1000
      draws 1000/1000
    op-norm ratio obs=0.1443 null-a mean=0.0841 pct=100.0
  [spilled_triviaqa_llama8b]
      draws 200/1000
      draws 400/1000
      draws 600/1000
      draws 800/1000
      draws 1000/1000
    op-norm ratio obs=0.1063 null-a mean=0.0338 pct=100.0
  [truthfulqa_llama8b]
      draws 200/1000
      draws 400/1000
      draws 600/1000
      draws 800/1000
      draws 1000/1000
    op-norm ratio obs=0.1366 null-a mean=0.0072 pct=100.0
  [ars_gsm8k_r1distill8b]
      draws 200/1000
      draws 400/1000
      draws 600/1000
      draws 800/1000
      draws 1000/1000
    op-norm ratio obs=0.1472 null-a mean=0.0314 pct=100.0
  [internalstates_gsm8k_qwen25_7b]
      draws 200/1000
      draws 400/1000
      draws 600/1000
      draws 800/1000
      draws 1000/1000
    op-norm ratio obs=0.1122 null-a mean=0.0222 pct=100.0
  [lapeigvals_gsm8k_llama3b]
      draws 200/1000
      draws 400/1000
      draws 600/1000
      draws 800/1000
      draws 1000/1000
    op-norm ratio obs=0.0818 null-a mean=0.0104 pct=100.0
  [lapeigvals_gsm8k_llama8b]
      draws 200/1000
      draws 400/1000
      draws 600/1000
      draws 800/1000
      draws 1000/1000
    op-norm ratio obs=0.1042 null-a mean=0.0157 pct=100.0
  [lapeigvals_gsm8k_mistral24b]
      draws 200/1000
      draws 400/1000
      draws 600/1000
      draws 800/1000
      draws 1000/1000
    op-norm ratio obs=0.0877 null-a mean=0.0109 pct=99.4
  [lapeigvals_gsm8k_nemo]
      draws 200/1000
      draws 400/1000
      draws 600/1000
      draws 800/1000
      draws 1000/1000
    op-norm ratio obs=0.1328 null-a mean=0.0136 pct=100.0
  [lapeigvals_gsm8k_phi35]
      draws 200/1000
      draws 400/1000
      draws 600/1000
      draws 800/1000
      draws 1000/1000
    op-norm ratio obs=0.1360 null-a mean=0.0158 pct=100.0
  [noise_gsm8k_mistral7b]
      draws 200/1000
      draws 400/1000
      draws 600/1000
      draws 800/1000
      draws 1000/1000
    op-norm ratio obs=0.1310 null-a mean=0.0118 pct=100.0
  [noise_gsm8k_phi3mini]
      draws 200/1000
      draws 400/1000
      draws 600/1000
      draws 800/1000
      draws 1000/1000
    op-norm ratio obs=0.1534 null-a mean=0.0182 pct=100.0
  [math500_dsmath7b]
      draws 200/1000
      draws 400/1000
      draws 600/1000
      draws 800/1000
      draws 1000/1000
    op-norm ratio obs=0.1994 null-a mean=0.0328 pct=100.0
  [math500_qwenmath7b]
      draws 200/1000
      draws 400/1000
      draws 600/1000
      draws 800/1000
      draws 1000/1000
    op-norm ratio obs=0.1030 null-a mean=0.0280 pct=100.0
  [math500_r1distill8b]
      draws 200/1000
      draws 400/1000
      draws 600/1000
      draws 800/1000
      draws 1000/1000
    op-norm ratio obs=0.0758 null-a mean=0.0178 pct=100.0
  [math500_r1distill8b_mn4096]
      draws 200/1000
      draws 400/1000
      draws 600/1000
      draws 800/1000
      draws 1000/1000
    op-norm ratio obs=0.0575 null-a mean=0.0151 pct=100.0
  [trace_gsm8k_llama8b_k10]
      draws 200/1000
      draws 400/1000
      draws 600/1000
      draws 800/1000
      draws 1000/1000
    op-norm ratio obs=0.0977 null-a mean=0.0049 pct=100.0
  [trace_math500_qwenmath15b_k10]
      draws 200/1000
      draws 400/1000
      draws 600/1000
      draws 800/1000
      draws 1000/1000
    op-norm ratio obs=0.0935 null-a mean=0.0062 pct=100.0
C:\Users\omris\TAU\hallucination_detection\scripts\residual_identifiability_study.py:425: RuntimeWarning: All-NaN slice encountered
  med = lambda key: float(np.nanmedian([r[key] for r in rows if r["family"] == f]))

global primary endpoint T = +64.016, p = 0.000999 (B=1000, floor 0.000999)
families passing BH q=0.1 AND stability: 1/8 (required 5)
  gsm8k        n=10 z=+69.87 p=0.000999 BH=Y stable=n
  hotpotqa     n= 1 z=+43.84 p=0.000999 BH=Y stable=n
  math500      n= 5 z=+48.22 p=0.000999 BH=Y stable=n
  nq_open      n= 1 z= +3.52 p=0.000999 BH=Y stable=n
  sciq         n= 1 z=+35.17 p=0.000999 BH=Y stable=n
  squad_v2     n= 1 z=+114.49 p=0.000999 BH=Y stable=n
  triviaqa     n= 4 z= +3.79 p=0.000999 BH=Y stable=n
  truthfulqa   n= 1 z=+193.24 p=0.000999 BH=Y stable=Y

LOFO worst p = 0.000999

VERDICT: residual dependency is NOT identifiable at this sample size: stop building covariance decompositions

wrote C:\Users\omris\TAU\hallucination_detection\results\residual_identifiability  (1568.8s)
