channels ready (2s); checks {'input_hashes_equal_stage_A': True, 'joined_uid_order_equals_oof': True, 'joined_step_counts_equal_oof': True, 'ct7_profile_mean_vs_oof_ct7': 1.3322676295501878e-15, 'marks_exact_count': True}
banks ready: {'B13': 13, 'B20': 20, 'B32': 32, 'B51': 51} (28s)
fold 0: fit [2, 3, 4] cal 1
   B13: 13 ch; DS dropped ['energy_innovation', 'top50_js']; truly anti ['energy_innovation', 'top50_js']; dropped good []; SF dropped ['energy_innovation']; bin groups 4, cont groups 5
   B20: 20 ch; DS dropped ['energy_innovation', 'top50_js']; truly anti ['energy_innovation', 'top50_js']; dropped good []; SF dropped ['energy_innovation']; bin groups 7, cont groups 5
   B32: 32 ch; DS dropped ['energy_innovation', 'top50_js', 'lf__ct7_chosen_std_excess', 'lf__hist_entropy_rolling_spectral_entropy', 'lf__hist_spilled_rolling_min']; truly anti ['energy_innovation', 'top50_js', 'lf__ct7_chosen_std_excess', 'lf__hist_entropy_rolling_spectral_entropy', 'lf__hist_spilled_rolling_min']; dropped good []; SF dropped ['lf__hist_entropy_rolling_spectral_entropy', 'lf__hist_spilled_sw_var_series', 'lf__hist_energy_sw_var_series', 'lf__hist_top1_logprob_series']; bin groups 6, cont groups 8
   B51: 51 ch; DS dropped ['energy_innovation', 'top50_js', 'hist_entropy_rolling_spectral_entropy', 'hist_energy_series', 'hist_energy_rolling_min', 'hist_energy_sw_var_series', 'hist_top1_logprob_series', 'hist_logprob_margin_series']; truly anti ['energy_innovation', 'top50_js', 'hist_energy_series', 'hist_energy_rolling_min', 'hist_energy_sw_var_series', 'hist_top1_logprob_series', 'hist_logprob_margin_series']; dropped good []; SF dropped ['hist_spilled_rolling_min']; bin groups 8, cont groups 7 (31s)
fold 1: fit [0, 3, 4] cal 2
   B13: 13 ch; DS dropped ['energy_innovation', 'top50_js']; truly anti ['energy_innovation', 'top50_js']; dropped good []; SF dropped ['energy_innovation']; bin groups 4, cont groups 5
   B20: 20 ch; DS dropped ['energy_innovation', 'top50_js']; truly anti ['energy_innovation', 'top50_js']; dropped good []; SF dropped ['energy_innovation']; bin groups 4, cont groups 5
   B32: 32 ch; DS dropped ['energy_innovation', 'top50_js', 'lf__ct7_chosen_std_excess', 'lf__hist_entropy_rolling_spectral_entropy', 'lf__hist_spilled_rolling_min']; truly anti ['energy_innovation', 'top50_js', 'lf__ct7_chosen_std_excess', 'lf__hist_entropy_rolling_spectral_entropy', 'lf__hist_spilled_rolling_min']; dropped good []; SF dropped ['lf__hist_entropy_rolling_spectral_entropy', 'lf__hist_spilled_sw_var_series', 'lf__hist_energy_sw_var_series', 'lf__hist_top1_logprob_series']; bin groups 6, cont groups 8
   B51: 51 ch; DS dropped ['energy_innovation', 'top50_js', 'hist_entropy_rolling_spectral_entropy', 'hist_energy_series', 'hist_energy_rolling_min', 'hist_energy_sw_var_series', 'hist_top1_logprob_series', 'hist_logprob_margin_series']; truly anti ['energy_innovation', 'top50_js', 'hist_energy_series', 'hist_energy_rolling_min', 'hist_energy_sw_var_series', 'hist_top1_logprob_series', 'hist_logprob_margin_series']; dropped good []; SF dropped ['hist_spilled_rolling_min']; bin groups 8, cont groups 7 (29s)
fold 2: fit [0, 1, 4] cal 3
   B13: 13 ch; DS dropped ['energy_innovation', 'top50_js']; truly anti ['energy_innovation', 'top50_js']; dropped good []; SF dropped ['energy_innovation']; bin groups 4, cont groups 5
   B20: 20 ch; DS dropped ['energy_innovation', 'top50_js']; truly anti ['energy_innovation', 'top50_js']; dropped good []; SF dropped ['energy_innovation']; bin groups 7, cont groups 6
   B32: 32 ch; DS dropped ['energy_innovation', 'top50_js', 'lf__ct7_chosen_std_excess', 'lf__hist_entropy_rolling_spectral_entropy', 'lf__hist_spilled_rolling_min']; truly anti ['energy_innovation', 'top50_js', 'lf__ct7_chosen_std_excess', 'lf__hist_entropy_rolling_spectral_entropy', 'lf__hist_spilled_rolling_min']; dropped good []; SF dropped ['lf__hist_entropy_rolling_spectral_entropy', 'lf__hist_spilled_sw_var_series', 'lf__hist_energy_sw_var_series', 'lf__hist_top1_logprob_series']; bin groups 6, cont groups 8
   B51: 51 ch; DS dropped ['energy_innovation', 'top50_js', 'hist_entropy_rolling_spectral_entropy', 'hist_energy_series', 'hist_energy_rolling_min', 'hist_energy_sw_var_series', 'hist_top1_logprob_series', 'hist_logprob_margin_series']; truly anti ['energy_innovation', 'top50_js', 'hist_energy_series', 'hist_energy_rolling_min', 'hist_top1_logprob_series', 'hist_logprob_margin_series']; dropped good []; SF dropped ['hist_spilled_rolling_min']; bin groups 8, cont groups 8 (30s)
fold 3: fit [0, 1, 2] cal 4
   B13: 13 ch; DS dropped ['energy_innovation', 'top50_js']; truly anti ['energy_innovation', 'top50_js']; dropped good []; SF dropped ['energy_innovation']; bin groups 4, cont groups 5
   B20: 20 ch; DS dropped ['energy_innovation', 'top50_js']; truly anti ['energy_innovation', 'top50_js']; dropped good []; SF dropped ['energy_innovation']; bin groups 7, cont groups 6
   B32: 32 ch; DS dropped ['energy_innovation', 'top50_js', 'lf__ct7_chosen_std_excess', 'lf__hist_spilled_rolling_min']; truly anti ['energy_innovation', 'top50_js', 'lf__ct7_chosen_std_excess', 'lf__hist_entropy_rolling_spectral_entropy', 'lf__hist_spilled_rolling_min']; dropped good []; SF dropped ['lf__hist_entropy_rolling_spectral_entropy', 'lf__hist_spilled_sw_var_series', 'lf__hist_energy_sw_var_series', 'lf__hist_top1_logprob_series']; bin groups 6, cont groups 6
   B51: 51 ch; DS dropped ['energy_innovation', 'top50_js', 'hist_entropy_rolling_spectral_entropy', 'hist_energy_series', 'hist_energy_rolling_min', 'hist_energy_sw_var_series', 'hist_top1_logprob_series', 'hist_logprob_margin_series']; truly anti ['energy_innovation', 'top50_js', 'hist_energy_series', 'hist_energy_rolling_min', 'hist_top1_logprob_series', 'hist_logprob_margin_series']; dropped good []; SF dropped []; bin groups 8, cont groups 7 (29s)
fold 4: fit [1, 2, 3] cal 0
   B13: 13 ch; DS dropped ['energy_innovation', 'top50_js']; truly anti ['energy_innovation', 'top50_js']; dropped good []; SF dropped ['energy_innovation']; bin groups 4, cont groups 5
   B20: 20 ch; DS dropped ['energy_innovation', 'top50_js']; truly anti ['energy_innovation', 'top50_js']; dropped good []; SF dropped ['energy_innovation']; bin groups 7, cont groups 7
   B32: 32 ch; DS dropped ['energy_innovation', 'top50_js', 'lf__ct7_chosen_std_excess', 'lf__hist_entropy_rolling_spectral_entropy', 'lf__hist_spilled_rolling_min']; truly anti ['energy_innovation', 'top50_js', 'lf__ct7_chosen_std_excess', 'lf__hist_entropy_rolling_spectral_entropy', 'lf__hist_spilled_rolling_min', 'lf__hist_energy_sw_var_series']; dropped good []; SF dropped ['lf__hist_entropy_rolling_spectral_entropy', 'lf__hist_spilled_sw_var_series', 'lf__hist_energy_sw_var_series', 'lf__hist_top1_logprob_series']; bin groups 6, cont groups 8
   B51: 51 ch; DS dropped ['energy_innovation', 'top50_js', 'hist_entropy_rolling_spectral_entropy', 'hist_energy_series', 'hist_energy_rolling_min', 'hist_energy_sw_var_series', 'hist_top1_logprob_series', 'hist_logprob_margin_series']; truly anti ['energy_innovation', 'top50_js', 'hist_energy_series', 'hist_energy_rolling_min', 'hist_top1_logprob_series', 'hist_logprob_margin_series']; dropped good []; SF dropped ['hist_spilled_rolling_min']; bin groups 8, cont groups 7 (29s)
checks: {'input_hashes_equal_stage_A': True, 'joined_uid_order_equals_oof': True, 'joined_step_counts_equal_oof': True, 'ct7_profile_mean_vs_oof_ct7': 1.3322676295501878e-15, 'marks_exact_count': True, 'pool_hashes_equal_step439': True, 'pool_dead_channels': ['hist_trace_length_series'], 'B13_marks_equal_stage_B': True, 'B13_replay_max_abs_diff': 8.881784197001252e-16, 'replays_pass': True}
metric              within_auc  prmscore     sla
method                                          
B13__ALL_equal          0.7749    0.6527  0.3698
B13__ALL_equal_pos      0.7579    0.6423  0.3407
B13__ALL_lsml           0.7765    0.6504  0.3579
B13__DSF_Gbin           0.7797    0.6552  0.3708
B13__DSF_Gcont          0.7748    0.6497  0.3695
B13__DSF_equal          0.7802    0.6565  0.3750
B13__DSF_equal_pos      0.7622    0.6452  0.3466
B13__DSF_lsml           0.7751    0.6491  0.3594
B13__SF_equal           0.7803    0.6568  0.3744
B13__SF_equal_pos       0.7622    0.6452  0.3466
B20__ALL_equal          0.7532    0.6353  0.3612
B20__ALL_equal_pos      0.7465    0.6319  0.3479
B20__ALL_lsml           0.7599    0.6386  0.3696
B20__DSF_Gbin           0.7472    0.6329  0.3494
B20__DSF_Gcont          0.7419    0.6299  0.3443
B20__DSF_equal          0.7540    0.6358  0.3629
B20__DSF_equal_pos      0.7466    0.6322  0.3498
B20__DSF_lsml           0.7556    0.6362  0.3677
B20__SF_equal           0.7557    0.6373  0.3636
B20__SF_equal_pos       0.7468    0.6324  0.3501
B32__ALL_equal          0.7440    0.6230  0.3515
B32__ALL_equal_pos      0.7254    0.6125  0.3034
B32__ALL_lsml           0.6722    0.5793  0.3067
B32__DSF_Gbin           0.7445    0.6305  0.3482
B32__DSF_Gcont          0.7340    0.6202  0.3466
B32__DSF_equal          0.7475    0.6286  0.3475
B32__DSF_equal_pos      0.7349    0.6200  0.3113
B32__DSF_lsml           0.7185    0.6084  0.3278
B32__SF_equal           0.7323    0.6137  0.3526
B32__SF_equal_pos       0.7259    0.6135  0.3073
B51__ALL_equal          0.7425    0.6269  0.3442
B51__ALL_equal_pos      0.7407    0.6262  0.3282
B51__ALL_lsml           0.7216    0.6120  0.3220
B51__DSF_Gbin           0.7444    0.6296  0.3530
B51__DSF_Gcont          0.7297    0.6217  0.3403
B51__DSF_equal          0.7553    0.6378  0.3505
B51__DSF_equal_pos      0.7464    0.6312  0.3505
B51__DSF_lsml           0.7499    0.6316  0.3381
B51__SF_equal           0.7450    0.6291  0.3504
B51__SF_equal_pos       0.7407    0.6262  0.3282
ct7                     0.7724    0.6458  0.3989
fam421                  0.7801    0.6573  0.3980
step_index              0.6617    0.5275  0.0484
                        contrast_id        endpoint   delta  ci_adj_lo  ci_adj_hi
0   B20__DSF_equal - B20__ALL_equal  prm_within_auc  0.0008    -0.0018     0.0033
1   B20__DSF_equal - B20__ALL_equal        prmscore  0.0006    -0.0023     0.0034
2    B20__DSF_equal - B20__SF_equal  prm_within_auc -0.0018    -0.0033    -0.0003
3    B20__DSF_equal - B20__SF_equal        prmscore -0.0014    -0.0033     0.0005
4    B20__DSF_Gbin - B20__DSF_equal  prm_within_auc -0.0068    -0.0096    -0.0040
5    B20__DSF_Gbin - B20__DSF_equal        prmscore -0.0029    -0.0059    -0.0001
6    B20__DSF_Gbin - B20__DSF_Gcont  prm_within_auc  0.0052     0.0019     0.0086
7    B20__DSF_Gbin - B20__DSF_Gcont        prmscore  0.0030    -0.0005     0.0066
8    B20__DSF_lsml - B20__DSF_equal  prm_within_auc  0.0016    -0.0004     0.0037
9    B20__DSF_lsml - B20__DSF_equal        prmscore  0.0004    -0.0022     0.0030
10  B32__DSF_equal - B32__ALL_equal  prm_within_auc  0.0035     0.0006     0.0063
11  B32__DSF_equal - B32__ALL_equal        prmscore  0.0056     0.0029     0.0084
12   B32__DSF_equal - B32__SF_equal  prm_within_auc  0.0152     0.0111     0.0192
13   B32__DSF_equal - B32__SF_equal        prmscore  0.0149     0.0109     0.0189
14   B32__DSF_Gbin - B32__DSF_equal  prm_within_auc -0.0030    -0.0061     0.0001
15   B32__DSF_Gbin - B32__DSF_equal        prmscore  0.0019    -0.0015     0.0052
16   B32__DSF_Gbin - B32__DSF_Gcont  prm_within_auc  0.0105     0.0078     0.0132
17   B32__DSF_Gbin - B32__DSF_Gcont        prmscore  0.0103     0.0074     0.0134
18   B32__DSF_lsml - B32__DSF_equal  prm_within_auc -0.0290    -0.0340    -0.0240
19   B32__DSF_lsml - B32__DSF_equal        prmscore -0.0202    -0.0251    -0.0152
{
 "B20__DSF_equal - B20__ALL_equal": {
  "answers": 6030,
  "observed_on_null_set": 0.000763559313019746,
  "within_answer_shuffle": {
   "mean": 4.916450199298205e-06,
   "sd": 0.0009906505908385658,
   "p01": -0.0022579826645925945,
   "p99": 0.0023179418683732422,
   "share_ge_observed": 0.225,
   "share_le_observed": 0.775,
   "permutations": 200
  },
  "whole_answer_same_length_swap": {
   "mean": 0.0030591010608544715,
   "sd": 0.000855991489113874,
   "p01": 0.0010743308742496072,
   "p99": 0.004947098614438064,
   "share_ge_observed": 0.995,
   "share_le_observed": 0.005,
   "permutations": 200
  }
 },
 "B20__DSF_equal - B20__SF_equal": {
  "answers": 6030,
  "observed_on_null_set": -0.001784528624324433,
  "within_answer_shuffle": {
   "mean": -3.550822595807329e-05,
   "sd": 0.000597100440629267,
   "p01": -0.001468492117429195,
   "p99": 0.001431704693133457,
   "share_ge_observed": 1.0,
   "share_le_observed": 0.0,
   "permutations": 200
  },
  "whole_answer_same_length_swap": {
   "mean": 0.00010057692224288261,
   "sd": 0.0005587430991081274,
   "p01": -0.0009578760194944747,
   "p99": 0.0014841513354846047,
   "share_ge_observed": 0.995,
   "share_le_observed": 0.005,
   "permutations": 200
  }
 },
 "B20__DSF_Gbin - B20__DSF_equal": {
  "answers": 6030,
  "observed_on_null_set": -0.00678595042549246,
  "within_answer_shuffle": {
   "mean": 0.00012599533522759859,
   "sd": 0.0009270158153054592,
   "p01": -0.0020126777713410904,
   "p99": 0.00228437533725635,
   "share_ge_observed": 1.0,
   "share_le_observed": 0.0,
   "permutations": 200
  },
  "whole_answer_same_length_swap": {
   "mean": -0.00666688525052688,
   "sd": 0.0008213149351584969,
   "p01": -0.00862957767066322,
   "p99": -0.0048475383604439995,
   "share_ge_observed": 0.585,
   "share_le_observed": 0.415,
   "permutations": 200
  }
 },
 "B20__DSF_Gbin - B20__DSF_Gcont": {
  "answers": 6030,
  "observed_on_null_set": 0.005238828042755217,
  "within_answer_shuffle": {
   "mean": 0.00011823469141665183,
   "sd": 0.0011178808680993232,
   "p01": -0.0028154819882350367,
   "p99": 0.0024701658367668913,
   "share_ge_observed": 0.0,
   "share_le_observed": 1.0,
   "permutations": 200
  },
  "whole_answer_same_length_swap": {
   "mean": 0.0013049754978264733,
   "sd": 0.0010549677622582944,
   "p01": -0.0005660356467718631,
   "p99": 0.00351287544188823,
   "share_ge_observed": 0.0,
   "share_le_observed": 1.0,
   "permutations": 200
  }
 },
 "B20__DSF_lsml - B20__DSF_equal": {
  "answers": 6030,
  "observed_on_null_set": 0.0016022510040740734,
  "within_answer_shuffle": {
   "mean": -2.0335149913768557e-05,
   "sd": 0.0008004756674438167,
   "p01": -0.0018119901961773988,
   "p99": 0.0014529595509337502,
   "share_ge_observed": 0.01,
   "share_le_observed": 0.99,
   "permutations": 200
  },
  "whole_answer_same_length_swap": {
   "mean": 0.00612652631075369,
   "sd": 0.0007310832466114372,
   "p01": 0.004357367973396058,
   "p99": 0.007780094916960711,
   "share_ge_observed"
{
 "channels_s": 1.5992992000101367,
 "banks_s": 28.17472860000271,
 "fit_s": 179.01109369999904,
 "eval_s": 45.812332299989066,
 "bootstrap_s": 122.12036719999742,
 "nulls_s": 91.87766680000641,
 "total_s": 508.4088063999952
}
status COMPLETE failures 0
