pb_q4 fold0: OK eigenvalue 0.8529582607942301 gap 0.05120857331361606 corr(aux,base|A) -1.8599985694324297e-15, 0s
pb_q4 fold1: OK eigenvalue 0.8399971781858074 gap 0.03758308417420142 corr(aux,base|A) -2.0872366721720853e-15, 0s
pb_q4 fold2: OK eigenvalue 0.8873898698194476 gap 0.0726968149951317 corr(aux,base|A) -2.0896875320843153e-16, 0s
pb_q4 fold3: OK eigenvalue 0.8812184664756191 gap 0.05568544069597958 corr(aux,base|A) 8.045246007075036e-16, 0s
pb_q4 fold4: OK eigenvalue 0.8445877118313394 gap 0.07543660962315235 corr(aux,base|A) -1.6387983292408863e-15, 0s
pb_q8 fold0: OK eigenvalue 1.0692975519344052 gap 0.17756120664357722 corr(aux,base|A) 1.7797817008787133e-15, 0s
pb_q8 fold1: OK eigenvalue 1.0557185224978074 gap 0.23745902807445618 corr(aux,base|A) 1.0228632281702744e-15, 0s
pb_q8 fold2: OK eigenvalue 1.0624735376560681 gap 0.19387904433317393 corr(aux,base|A) 1.358847838537896e-15, 0s
pb_q8 fold3: OK eigenvalue 1.1167799378056638 gap 0.18174880327902443 corr(aux,base|A) -1.7604195413992178e-15, 0s
pb_q8 fold4: OK eigenvalue 0.8871351440865444 gap 0.19270854787373304 corr(aux,base|A) -3.586887170823219e-16, 0s
prm fold0: OK eigenvalue 0.8792222048776485 gap 0.059949839345594724 corr(aux,base|A) -3.149456909089686e-15, 1s
prm fold1: OK eigenvalue 0.8951543506246407 gap 0.07411558566668619 corr(aux,base|A) -4.739740710127321e-16, 1s
prm fold2: OK eigenvalue 1.107373396010962 gap 0.23148472967281908 corr(aux,base|A) 1.869393837993964e-15, 1s
prm fold3: OK eigenvalue 1.1242552516185869 gap 0.22018284020322287 corr(aux,base|A) 5.057544867460972e-16, 1s
prm fold4: OK eigenvalue 0.8537867016551415 gap 0.033839399802084946 corr(aux,base|A) -9.899967927774212e-16, 1s
                                    contrast_id  primary        endpoint     delta   ci95_lo   ci95_hi
0                              R_CONTRIB - BASE     True   pb_sla_macro8  0.006170 -0.002781  0.015232
1                              R_CONTRIB - BASE     True  prm_within_auc -0.005577 -0.007704 -0.003455
2                      R_CONTRIB - R_RANDOM_DIR     True   pb_sla_macro8  0.001382 -0.008132  0.010976
3                      R_CONTRIB - R_RANDOM_DIR     True  prm_within_auc -0.008422 -0.010443 -0.006405
4                         R_CONTRIB_ONLY - BASE    False   pb_sla_macro8 -0.101903 -0.126941 -0.076934
5                         R_CONTRIB_ONLY - BASE    False  prm_within_auc -0.290390 -0.302006 -0.278755
6                           R_RANDOM_DIR - BASE    False   pb_sla_macro8  0.004789 -0.001373  0.011046
7                           R_RANDOM_DIR - BASE    False  prm_within_auc  0.002845  0.001629  0.004084
8                        R_RANDOM_DIR_s0 - BASE    False   pb_sla_macro8  0.008757 -0.000179  0.017776
9                        R_RANDOM_DIR_s0 - BASE    False  prm_within_auc  0.001529 -0.000544  0.003613
10                       R_RANDOM_DIR_s1 - BASE    False   pb_sla_macro8 -0.001189 -0.009102  0.006663
11                       R_RANDOM_DIR_s1 - BASE    False  prm_within_auc -0.016828 -0.018897 -0.014779
12                       R_RANDOM_DIR_s2 - BASE    False   pb_sla_macro8  0.005140 -0.003489  0.013739
13                       R_RANDOM_DIR_s2 - BASE    False  prm_within_auc  0.006265  0.004159  0.008376
14                                   BASE - ct7    False   pb_sla_macro8 -0.073967 -0.090819 -0.057187
15                                   BASE - ct7    False  prm_within_auc -0.016084 -0.020153 -0.011994
16                            BASE - token_lsml    False   pb_sla_macro8 -0.034342 -0.049377 -0.019504
17                            BASE - token_lsml    False  prm_within_auc  0.003149 -0.001029  0.007310
18                           BASE - token_equal    False   pb_sla_macro8 -0.001031 -0.017824  0.015716
19                           BASE - token_equal    False  prm_within_auc  0.025208  0.020933  0.029499
20         BASE - evidence30__all__plain__equal    False   pb_sla_macro8 -0.024604 -0.040754 -0.008533
21         BASE - evidence30__all__plain__equal    False  prm_within_auc  0.044534  0.037857  0.051223
22        BASE - evidence__all__position__equal    False   pb_sla_macro8  0.029705  0.011725  0.047731
23        BASE - evidence__all__position__equal    False  prm_within_auc -0.011112 -0.014701 -0.007546
24       BASE - evidence__all__position2__equal    False   pb_sla_macro8  0.044284  0.026548  0.062107
25       BASE - evidence__all__position2__equal    False  prm_within_auc -0.013242 -0.017457 -0.009071
26                              R_CONTRIB - ct7    False   pb_sla_macro8 -0.067797 -0.084171 -0.051454
27                              R_CONTRIB - ct7    False  prm_within_auc -0.021661 -0.025980 -0.017269
28                       R_CONTRIB - token_lsml    False   pb_sla_macro8 -0.028172 -0.042471 -0.013876
29                       R_CONTRIB - token_lsml    False  prm_within_auc -0.002428 -0.006556  0.001709
30                      R_CONTRIB - token_equal    False   pb_sla_macro8  0.005139 -0.010641  0.020985
31                      R_CONTRIB - token_equal    False  prm_within_auc  0.019631  0.015285  0.024036
32    R_CONTRIB - evidence30__all__plain__equal    False   pb_sla_macro8 -0.018434 -0.034267 -0.002696
33    R_CONTRIB - evidence30__all__plain__equal    False  prm_within_auc  0.038957  0.032388  0.045586
34   R_CONTRIB - evidence__all__position__equal    False   pb_sla_macro8  0.035876  0.017541  0.054272
35   R_CONTRIB - evidence__all__position__equal    False  prm_within_auc -0.016689 -0.020466 -0.012934
36  R_CONTRIB - evidence__all__position2__equal    False   pb_sla_macro8  0.050454  0.032454  0.068717
37  R_CONTRIB - evidence__all__position2__equal    False  prm_within_auc -0.018820 -0.023114 -0.014558
{
 "status": "COMPLETE",
 "started": "2026-09-23T13:28:27",
 "run_id": "run_20260923",
 "finished": "2026-09-23T13:29:28",
 "fits": 15,
 "failures": 0,
 "unidentified_directions": 0,
 "fallback_H_answers": 0,
 "methods": [
  "BASE",
  "R_CONTRIB",
  "R_CONTRIB_ONLY",
  "R_RANDOM_DIR",
  "R_RANDOM_DIR_s0",
  "R_RANDOM_DIR_s1",
  "R_RANDOM_DIR_s2",
  "ct7",
  "token_lsml",
  "token_equal",
  "evidence30__all__plain__equal",
  "evidence__all__position__equal",
  "evidence__all__position2__equal"
 ],
 "invalid_bootstrap_draw_rate": 0.0
}
{
 "fit_and_score_s": 9.611535499978345,
 "eval_s": 16.450548099994194,
 "bootstrap_s": 32.54264360002708,
 "total_s": 60.22983759996714,
 "output_bytes": 52216030
}
