statistics ready (44s); base replay 8.9e-16
fold              0      1      2      3      4
on      bank                                   
EQ_DSM  B13   False  False  False  False  False
        B16   False  False  False  False  False
        B20   False  False  False  False  False
        B23   False  False  False  False  False
        B32    True   True   True   True   True
        B35    True   True   True   True   True
        B51   False  False  False  False  False
        B54   False  False  False  False  False
HEM_DSM B13   False  False  False  False  False
        B16   False  False  False  False  False
        B20   False  False  False  False  False
        B23   False  False  False  False  False
        B32    True   True   True   True   True
        B35    True   True   True   True   True
        B51   False  False  False  False  False
        B54   False  False  False  False  False
                  arm   bank   delta      lo      hi  pb_sla_delta
0                  SW    B13  0.0000  0.0000  0.0000        0.0000
1                  SW    B16  0.0000  0.0000  0.0000        0.0000
2                  SW    B20  0.0000  0.0000  0.0000        0.0000
3                  SW    B23  0.0000  0.0000  0.0000        0.0000
4                  SW    B32  0.0129  0.0093  0.0165       -0.0072
5                  SW    B35  0.0091  0.0059  0.0123       -0.0069
6                  SW    B51  0.0000  0.0000  0.0000        0.0000
7                  SW    B54  0.0000  0.0000  0.0000        0.0000
8                  SW  MEAN8  0.0028  0.0020  0.0036           NaN
9               BLEND    B13  0.0009  0.0001  0.0016        0.0045
10              BLEND    B16  0.0004 -0.0008  0.0015        0.0051
11              BLEND    B20 -0.0003 -0.0010  0.0005       -0.0008
12              BLEND    B23 -0.0020 -0.0031 -0.0008       -0.0109
13              BLEND    B32  0.0123  0.0101  0.0144        0.0007
14              BLEND    B35  0.0082  0.0063  0.0102        0.0038
15              BLEND    B51 -0.0053 -0.0067 -0.0040       -0.0009
16              BLEND    B54  0.0005 -0.0008  0.0018        0.0048
17              BLEND  MEAN8  0.0018  0.0012  0.0025           NaN
18             SW_HEM    B13  0.0000  0.0000  0.0000        0.0000
19             SW_HEM    B16  0.0000  0.0000  0.0000        0.0000
20             SW_HEM    B20  0.0000  0.0000  0.0000        0.0000
21             SW_HEM    B23  0.0000  0.0000  0.0000        0.0000
22             SW_HEM    B32  0.0145  0.0106  0.0183        0.0064
23             SW_HEM    B35  0.0100  0.0065  0.0135        0.0022
24             SW_HEM    B51  0.0000  0.0000  0.0000        0.0000
25             SW_HEM    B54  0.0000  0.0000  0.0000        0.0000
26             SW_HEM  MEAN8  0.0031  0.0022  0.0040           NaN
27          BLEND_HEM    B13  0.0015  0.0006  0.0023        0.0023
28          BLEND_HEM    B16  0.0014  0.0002  0.0025        0.0072
29          BLEND_HEM    B20 -0.0002 -0.0011  0.0006        0.0041
30          BLEND_HEM    B23 -0.0034 -0.0047 -0.0021       -0.0068
31          BLEND_HEM    B32  0.0137  0.0114  0.0160        0.0047
32          BLEND_HEM    B35  0.0107  0.0086  0.0128        0.0009
33          BLEND_HEM    B51 -0.0018 -0.0035 -0.0002        0.0055
34          BLEND_HEM    B54  0.0022  0.0010  0.0035        0.0047
35          BLEND_HEM  MEAN8  0.0030  0.0022  0.0038           NaN
36      ORACLE_SWITCH    B13  0.0016  0.0005  0.0027        0.0038
37      ORACLE_SWITCH    B16  0.0000  0.0000  0.0000        0.0000
38      ORACLE_SWITCH    B20  0.0000  0.0000  0.0000        0.0000
39      ORACLE_SWITCH    B23  0.0000  0.0000  0.0000        0.0000
40      ORACLE_SWITCH    B32  0.0129  0.0093  0.0165       -0.0072
41      ORACLE_SWITCH    B35  0.0091  0.0059  0.0123       -0.0069
42      ORACLE_SWITCH    B51  0.0000  0.0000  0.0000        0.0000
43      ORACLE_SWITCH    B54  0.0000  0.0000  0.0000        0.0000
44      ORACLE_SWITCH  MEAN8  0.0030  0.0022  0.0038           NaN
45  ORACLE_SWITCH_HEM    B13  0.0025  0.0013  0.0038        0.0083
46  ORACLE_SWITCH_HEM    B16  0.0005 -0.0012  0.0022       -0.0028
47  ORACLE_SWITCH_HEM    B20  0.0000  0.0000  0.0000        0.0000
48  ORACLE_SWITCH_HEM    B23  0.0000  0.0000  0.0000        0.0000
49  ORACLE_SWITCH_HEM    B32  0.0145  0.0106  0.0183        0.0064
50  ORACLE_SWITCH_HEM    B35  0.0100  0.0065  0.0135        0.0022
51  ORACLE_SWITCH_HEM    B51  0.0000  0.0000  0.0000        0.0000
52  ORACLE_SWITCH_HEM    B54  0.0024  0.0004  0.0044        0.0100
53  ORACLE_SWITCH_HEM  MEAN8  0.0037  0.0027  0.0048           NaN
54         P0__EQ_DSM    B13  0.0016  0.0005  0.0027        0.0038
55         P0__EQ_DSM    B16 -0.0011 -0.0028  0.0005       -0.0034
56         P0__EQ_DSM    B20 -0.0013 -0.0023 -0.0002       -0.0002
57         P0__EQ_DSM    B23 -0.0079 -0.0099 -0.0060       -0.0164
58         P0__EQ_DSM    B32  0.0129  0.0093  0.0165       -0.0072
59         P0__EQ_DSM    B35  0.0091  0.0059  0.0123       -0.0069
60         P0__EQ_DSM    B51 -0.0133 -0.0156 -0.0111       -0.0084
61         P0__EQ_DSM    B54 -0.0018 -0.0040  0.0004        0.0059
62         P0__EQ_DSM  MEAN8 -0.0002 -0.0013  0.0008           NaN
63        P0__HEM_DSM    B13  0.0025  0.0013  0.0038        0.0083
64        P0__HEM_DSM    B16  0.0005 -0.0012  0.0022       -0.0028
65        P0__HEM_DSM    B20 -0.0014 -0.0027 -0.0000        0.0012
66        P0__HEM_DSM    B23 -0.0097 -0.0119 -0.0076       -0.0159
67        P0__HEM_DSM    B32  0.0145  0.0106  0.0183        0.0064
68        P0__HEM_DSM    B35  0.0100  0.0065  0.0135        0.0022
69        P0__HEM_DSM    B51 -0.0074 -0.0102 -0.0047        0.0028
70        P0__HEM_DSM    B54  0.0024  0.0004  0.0044        0.0100
71        P0__HEM_DSM  MEAN8  0.0014  0.0000  0.0028           NaN
{
 "SW": {
  "losses": [],
  "wins": [
   "B32",
   "B35"
  ],
  "mean8_delta": 0.0027565120075447548,
  "mean8_lo": 0.0019546612525667565,
  "mean8_hi": 0.0035629582516609215,
  "success": true
 },
 "BLEND": {
  "losses": [
   "B23",
   "B51"
  ],
  "wins": [
   "B13",
   "B32",
   "B35"
  ],
  "mean8_delta": 0.0018419641790567431,
  "mean8_lo": 0.0012315174977792253,
  "mean8_hi": 0.0024563910891853965,
  "success": false
 },
 "SW_HEM": {
  "losses": [],
  "wins": [
   "B32",
   "B35"
  ],
  "mean8_delta": 0.0030643655643555383,
  "mean8_lo": 0.0021755042514048856,
  "mean8_hi": 0.003950915464232431,
  "success": true
 },
 "BLEND_HEM": {
  "losses": [
   "B23",
   "B51"
  ],
  "wins": [
   "B13",
   "B16",
   "B32",
   "B35",
   "B54"
  ],
  "mean8_delta": 0.0030056476125527687,
  "mean8_lo": 0.002212020331151729,
  "mean8_hi": 0.003787470118959274,
  "success": false
 },
 "ORACLE_SWITCH": {
  "losses": [],
  "wins": [
   "B13",
   "B32",
   "B35"
  ],
  "mean8_delta": 0.0029591335302964683,
  "mean8_lo": 0.002167656419101483,
  "mean8_hi": 0.0037555769019612497,
  "success": true
 },
 "ORACLE_SWITCH_HEM": {
  "losses": [],
  "wins": [
   "B13",
   "B32",
   "B35",
   "B54"
  ],
  "mean8_delta": 0.0037444967322149275,
  "mean8_lo": 0.002679973857704537,
  "mean8_hi": 0.00480365412215027,
  "success": true
 },
 "P0__EQ_DSM": {
  "losses": [
   "B20",
   "B23",
   "B51"
  ],
  "wins": [
   "B13",
   "B32",
   "B35"
  ],
  "mean8_delta": -0.0002245088160023848,
  "mean8_lo": -0.001259670217464467,
  "mean8_hi": 0.0008243517184210213,
  "success": false
 },
 "P0__HEM_DSM": {
  "losses": [
   "B20",
   "B23",
   "B51"
  ],
  "wins": [
   "B13",
   "B32",
   "B35",
   "B54"
  ],
  "mean8_delta": 0.0014330184508506267,
  "mean8_lo": 8.57005704467462e-06,
  "mean8_hi": 0.002845930181169328,
  "success": false
 }
}
total 442s
