[    15s] family15/bank11 built {'f15': {'answer_columns': 206535, 'constant_rate': 0.0116, 'boundary_tie_rate': 0.0396}, 'b11': {'answer_columns': 151459, 'constant_rate': 0.0376, 'boundary_tie_rate': 0.159}}
[    26s] token streams prepared
[    66s] fold 0 done (40s); K {'f15_cov_lsml': 5, 'f15_tail': 4, 'f15_cov_lsml_pb': 6, 'f15_tail_pb': 5, 'b11_cov_lsml': 6, 'b11_tail': 4, 'b11_cov_lsml_pb': 4, 'b11_tail_pb': 2, 'ct7r_cov_lsml': 3, 'ct7r_tail': 3, 'ct7r_cov_lsml_pb': 3, 'ct7r_tail_pb': 3}
[   106s] fold 1 done (40s); K {'f15_cov_lsml': 5, 'f15_tail': 4, 'f15_cov_lsml_pb': 6, 'f15_tail_pb': 5, 'b11_cov_lsml': 6, 'b11_tail': 4, 'b11_cov_lsml_pb': 4, 'b11_tail_pb': 2, 'ct7r_cov_lsml': 3, 'ct7r_tail': 3, 'ct7r_cov_lsml_pb': 3, 'ct7r_tail_pb': 3}
[   145s] fold 2 done (39s); K {'f15_cov_lsml': 5, 'f15_tail': 4, 'f15_cov_lsml_pb': 6, 'f15_tail_pb': 5, 'b11_cov_lsml': 6, 'b11_tail': 4, 'b11_cov_lsml_pb': 4, 'b11_tail_pb': 2, 'ct7r_cov_lsml': 3, 'ct7r_tail': 3, 'ct7r_cov_lsml_pb': 3, 'ct7r_tail_pb': 2}
[   186s] fold 3 done (41s); K {'f15_cov_lsml': 5, 'f15_tail': 4, 'f15_cov_lsml_pb': 6, 'f15_tail_pb': 5, 'b11_cov_lsml': 6, 'b11_tail': 4, 'b11_cov_lsml_pb': 5, 'b11_tail_pb': 2, 'ct7r_cov_lsml': 3, 'ct7r_tail': 2, 'ct7r_cov_lsml_pb': 3, 'ct7r_tail_pb': 2}
[   225s] fold 4 done (39s); K {'f15_cov_lsml': 5, 'f15_tail': 4, 'f15_cov_lsml_pb': 6, 'f15_tail_pb': 5, 'b11_cov_lsml': 6, 'b11_tail': 4, 'b11_cov_lsml_pb': 4, 'b11_tail_pb': 2, 'ct7r_cov_lsml': 2, 'ct7r_tail': 3, 'ct7r_cov_lsml_pb': 3, 'ct7r_tail_pb': 3}
[   225s] replay {'ct7': 0.0, 'f15_equal': 0.0, 'f15_cov_lsml': 0.0, 'f15_tail': 0.0, 'b11_equal': 1.3322676295501878e-15, 'b11_cov_lsml': 1.3322676295501878e-15, 'ct7r_leader': 0.0, 'status': 'PASS'}
[   231s] bundle PASS 29 rows
[   285s] frozen evaluator done
[   312s] ProcessBench F1 done {'pb_answers': 6800, 'pb_error_answers': 4442, 'pb_clean_answers': 2358, 'pb_source_groups_all': 2842, 'cells': ['pb_gsm8k_q4', 'pb_gsm8k_q8', 'pb_math_q4', 'pb_math_q8', 'pb_olympiadbench_q4', 'pb_olympiadbench_q8', 'pb_omnimath_q4', 'pb_omnimath_q8'], 'draws': 20000, 'seed': 20260927, 'common_gate_ct7_anchor_diff': 0.0, 'gate_open_rate': 0.67}
            method  pb_sla_macro8  pb_f1_q80  pb_f1_common_gate  pb_f1_label  prmscore_P1  within_auc K_per_fold
     ct7r_cov_lsml         0.4171     0.1151             0.4229       0.3078       0.6474      0.7776  3 3 3 3 2
         ct7r_tail         0.4155     0.1092             0.4209       0.3058       0.6452      0.7753  3 3 3 2 3
        ct7r_equal         0.4147     0.1233             0.4202       0.3020       0.6448      0.7747           
       ct7r_leader         0.4136     0.0983             0.4205       0.3102       0.6488      0.7776           
  ct7r_cov_lsml_pb         0.4130     0.1012             0.4198       0.3108       0.6471      0.7760  3 3 3 3 3
   ct7r_part_equal         0.4126     0.1164             0.4194       0.3031       0.6448      0.7751  3 3 3 2 3
      ct7r_tail_pb         0.4113     0.1277             0.4179       0.2933       0.6429      0.7706  3 3 2 2 3
ct7r_part_equal_pb         0.4088     0.1344             0.4167       0.2962       0.6418      0.7710  3 3 2 2 3
               ct7         0.3989     0.1185             0.4119       0.2879       0.6462      0.7724           
        ct7r_votes         0.3857     0.0522             0.3997       0.2950       0.6379      0.7531  3 3 3 2 3
     ct7r_votes_pb         0.3817     0.0523             0.3975       0.2856       0.6345      0.7503  3 3 2 2 3
 f15_part_equal_pb         0.3739     0.0715             0.3887       0.2962       0.6393      0.7616  5 5 5 5 5
    f15_part_equal         0.3718     0.0757             0.3879       0.2887       0.6305      0.7508  4 4 4 4 4
   f15_cov_lsml_pb         0.3712     0.0728             0.3879       0.2845       0.6385      0.7570  6 6 6 6 6
         f15_equal         0.3651     0.0748             0.3838       0.2874       0.6433      0.7659           
      f15_cov_lsml         0.3650     0.0847             0.3842       0.2907       0.6391      0.7615  5 5 5 5 5
          f15_tail         0.3638     0.0738             0.3835       0.2853       0.6417      0.7617  4 4 4 4 4
       f15_tail_pb         0.3633     0.0564             0.3825       0.2801       0.6448      0.7655  5 5 5 5 5
         f15_votes         0.3623     0.0200             0.3822       0.2858       0.6324      0.7395  4 4 4 4 4
      f15_votes_pb         0.3609     0.0160             0.3808       0.2835       0.6364      0.7441  5 5 5 5 5
   b11_cov_lsml_pb         0.3504     0.0776             0.3759       0.2606       0.6374      0.7543  4 4 4 5 4
         b11_equal         0.3495     0.0826             0.3736       0.2655       0.6333      0.7496           
       b11_tail_pb         0.3487     0.0934             0.3717       0.2600       0.6281      0.7429  2 2 2 2 2
      b11_cov_lsml         0.3480     0.0508             0.3697       0.2759       0.6417      0.7645  6 6 6 6 6
 b11_part_equal_pb         0.3478     0.0813             0.3732       0.2651       0.6290      0.7453  2 2 2 2 2
          b11_tail         0.3475     0.0588             0.3660       0.2799       0.6385      0.7608  4 4 4 4 4
         b11_votes         0.3435     0.0388             0.3659       0.2810       0.6299      0.7327  4 4 4 4 4
    b11_part_equal         0.3427     0.0629             0.3661       0.2677       0.6343      0.7522  4 4 4 4 4
      b11_votes_pb         0.3416     0.0325             0.3670       0.2703       0.5825      0.6768  2 2 2 2 2
ct7r_tail vs ct7r_equal {'sla': [0.0008, -0.0074, 0.009, 1.0], 'f1_q80': [-0.0141, -0.0261, -0.0019, 0.1458], 'prmscore_P1': [0.0004, -0.001, 0.0017, 0.597]}
ct7r_tail vs ct7r_cov_lsml {'sla': [-0.0017, -0.0076, 0.0043, 1.0], 'f1_q80': [-0.0059, -0.0161, 0.0041, 0.5064], 'prmscore_P1': [-0.0022, -0.0035, -0.001, 0.0024]}
ct7r_tail_pb vs ct7r_tail {'sla': [-0.0042, -0.0143, 0.0059, 1.0], 'f1_q80': [0.0185, 0.0055, 0.0314, 0.0296], 'prmscore_P1': [-0.0023, -0.0038, -0.0008, 0.0096]}
ct7r_tail vs ct7r_leader {'sla': [0.0019, -0.0048, 0.0085, 1.0], 'f1_q80': [0.0109, -0.0002, 0.0222, 0.275], 'prmscore_P1': [-0.0036, -0.0051, -0.0022, 0.0]}
f15_tail vs f15_equal {'sla': [-0.0013, -0.0063, 0.0036, 1.0], 'f1_q80': [-0.001, -0.0112, 0.0092, 0.8537], 'prmscore_P1': [-0.0016, -0.0031, -0.0002, 0.057]}
f15_tail vs f15_cov_lsml {'sla': [-0.0012, -0.0067, 0.0045, 1.0], 'f1_q80': [-0.0109, -0.0224, 0.0008, 0.2784], 'prmscore_P1': [0.0026, 0.0011, 0.0041, 0.0035]}
f15_tail_pb vs f15_tail {'sla': [-0.0005, -0.0053, 0.0044, 1.0], 'f1_q80': [-0.0174, -0.0275, -0.0074, 0.0027], 'prmscore_P1': [0.0031, 0.0016, 0.0045, 0.0008]}
b11_tail vs b11_equal {'sla': [-0.002, -0.0137, 0.0096, 1.0], 'f1_q80': [-0.0239, -0.0409, -0.0068, 0.0455], 'prmscore_P1': [0.0052, 0.0021, 0.0083, 0.0035]}
b11_tail vs b11_cov_lsml {'sla': [-0.0005, -0.0068, 0.0058, 1.0], 'f1_q80': [0.0079, -0.0027, 0.0186, 0.4374], 'prmscore_P1': [-0.0032, -0.0049, -0.0015, 0.0014]}
b11_tail_pb vs b11_tail {'sla': [0.0012, -0.0105, 0.0128, 1.0], 'f1_q80': [0.0347, 0.0166, 0.0524, 0.002], 'prmscore_P1': [-0.0104, -0.0136, -0.0072, 0.0]}
[   312s] written C:\Users\omris\TAU\hallucination_detection\.worktrees\lsml-ct7-levers-run\results\pb_tail_weights_v1\run_20260927_0043
exit 0
