setup 34s
code-path replay max 8.9e-16 (42s)
  pb_gsm8k_q4 B16: surv 16 flips 0 K 6 clip 0/0 cf ok | pi10 0.48->0.16 a 4.86 a_cf_eq 2.77 | GRP a 3.36
  pb_gsm8k_q4 B23: surv 23 flips 0 K 6 clip 0/0 cf ok | pi10 0.51->0.12 a 5.79 a_cf_eq 3.90 | GRP a 3.75
  pb_gsm8k_q4 B35: surv 35 flips 5 K 6 clip 0/0 cf ok | pi10 0.55->0.10 a 5.09 a_cf_eq 2.80 | GRP a 3.17
  pb_gsm8k_q4 B54: surv 54 flips 0 K 7 clip 0/0 cf ok | pi10 0.49->0.12 a 5.39 a_cf_eq 3.08 | GRP a 3.61
pb_gsm8k_q4 done (10s)
  pb_gsm8k_q8 B16: surv 16 flips 0 K 6 clip 0/0 cf ok | pi10 0.54->0.18 a 4.70 a_cf_eq 3.56 | GRP a 3.05
  pb_gsm8k_q8 B23: surv 23 flips 0 K 7 clip 0/0 cf ok | pi10 0.59->0.13 a 5.69 a_cf_eq 4.97 | GRP a 3.86
  pb_gsm8k_q8 B35: surv 35 flips 5 K 7 clip 1/0 cf ok | pi10 1.00->0.08 a 2.92 a_cf_eq 1.91 | GRP a 3.29
  pb_gsm8k_q8 B54: surv 53 flips 0 K 8 clip 0/0 cf ok | pi10 0.58->0.14 a 5.28 a_cf_eq 4.36 | GRP a 4.24
pb_gsm8k_q8 done (10s)
  pb_math_q4 B16: surv 16 flips 0 K 5 clip 0/0 cf ok | pi10 0.49->0.31 a 4.12 a_cf_eq 2.03 | GRP a 2.55
  pb_math_q4 B23: surv 23 flips 0 K 5 clip 0/0 cf ok | pi10 0.53->0.23 a 5.29 a_cf_eq 4.69 | GRP a 2.97
  pb_math_q4 B35: surv 34 flips 5 K 6 clip 0/0 cf ok | pi10 0.97->0.19 a 3.95 a_cf_eq 1.71 | GRP a 1.69
  pb_math_q4 B54: surv 53 flips 0 K 7 clip 0/1 cf ok | pi10 0.51->0.23 a 4.66 a_cf_eq 4.53 | GRP a 2.58
pb_math_q4 done (12s)
  pb_math_q8 B16: surv 16 flips 0 K 4 clip 0/0 cf ok | pi10 0.44->0.32 a 3.93 a_cf_eq 1.16 | GRP a 2.44
  pb_math_q8 B23: surv 23 flips 0 K 6 clip 0/0 cf ok | pi10 0.53->0.25 a 5.30 a_cf_eq 2.42 | GRP a 2.34
  pb_math_q8 B35: surv 33 flips 4 K 6 clip 0/0 cf ok | pi10 0.97->0.14 a 3.96 a_cf_eq 1.65 | GRP a 1.95
  pb_math_q8 B54: surv 53 flips 0 K 7 clip 0/0 cf ok | pi10 0.47->0.24 a 4.57 a_cf_eq 4.50 | GRP a 1.87
pb_math_q8 done (13s)
  pb_olympiadbench_q4 B16: surv 16 flips 0 K 4 clip 0/0 cf ok | pi10 0.46->0.29 a 4.04 a_cf_eq 1.74 | GRP a 2.52
  pb_olympiadbench_q4 B23: surv 23 flips 0 K 6 clip 0/0 cf ok | pi10 0.50->0.18 a 5.01 a_cf_eq 4.02 | GRP a 2.81
  pb_olympiadbench_q4 B35: surv 34 flips 4 K 7 clip 0/0 cf ok | pi10 0.92->0.17 a 4.29 a_cf_eq 2.16 | GRP a 2.42
  pb_olympiadbench_q4 B54: surv 51 flips 0 K 8 clip 0/0 cf ok | pi10 0.47->0.17 a 4.75 a_cf_eq 4.35 | GRP a 3.18
pb_olympiadbench_q4 done (13s)
  pb_olympiadbench_q8 B16: surv 16 flips 0 K 5 clip 0/0 cf ok | pi10 0.43->0.29 a 4.09 a_cf_eq 1.89 | GRP a 2.02
  pb_olympiadbench_q8 B23: surv 23 flips 0 K 6 clip 0/0 cf ok | pi10 0.49->0.18 a 5.07 a_cf_eq 5.15 | GRP a 2.29
  pb_olympiadbench_q8 B35: surv 34 flips 4 K 7 clip 0/0 cf ok | pi10 0.93->0.16 a 4.34 a_cf_eq 2.25 | GRP a 2.10
  pb_olympiadbench_q8 B54: surv 53 flips 0 K 7 clip 0/0 cf ok | pi10 0.43->0.17 a 4.52 a_cf_eq 4.58 | GRP a 2.98
pb_olympiadbench_q8 done (14s)
  pb_omnimath_q4 B16: surv 16 flips 0 K 4 clip 0/0 cf ok | pi10 0.34->0.31 a 3.79 a_cf_eq 1.61 | GRP a 2.80
  pb_omnimath_q4 B23: surv 23 flips 0 K 6 clip 0/0 cf ok | pi10 0.35->0.17 a 4.64 a_cf_eq 1.88 | GRP a 1.85
  pb_omnimath_q4 B35: surv 33 flips 3 K 7 clip 0/0 cf ok | pi10 0.93->0.20 a 4.01 a_cf_eq 1.94 | GRP a 1.52
  pb_omnimath_q4 B54: surv 48 flips 0 K 7 clip 0/0 cf ok | pi10 0.31->0.16 a 4.45 a_cf_eq 3.04 | GRP a 2.51
pb_omnimath_q4 done (17s)
  pb_omnimath_q8 B16: surv 15 flips 0 K 4 clip 0/0 cf ok | pi10 0.29->0.30 a 3.89 a_cf_eq 1.11 | GRP a 1.67
  pb_omnimath_q8 B23: surv 23 flips 0 K 6 clip 0/0 cf ok | pi10 0.34->0.18 a 4.67 a_cf_eq 2.51 | GRP a 2.06
  pb_omnimath_q8 B35: surv 31 flips 3 K 5 clip 0/0 cf ok | pi10 0.36->0.31 a 3.59 a_cf_eq 1.66 | GRP a 2.02
  pb_omnimath_q8 B54: surv 48 flips 0 K 7 clip 0/0 cf ok | pi10 0.30->0.17 a 4.36 a_cf_eq 2.88 | GRP a 2.28
pb_omnimath_q8 done (14s)
  prmbench_qwen3_8b B16: surv 14 flips 0 K 4 clip 0/0 cf ok | pi10 0.21->0.59 a 4.10 a_cf_eq 2.91 | GRP a 3.30
  prmbench_qwen3_8b B23: surv 21 flips 0 K 6 clip 0/0 cf ok | pi10 0.22->0.41 a 5.57 a_cf_eq 3.24 | GRP a 4.32
  prmbench_qwen3_8b B35: surv 30 flips 0 K 7 clip 0/0 cf ok | pi10 0.22->0.57 a 4.71 a_cf_eq 2.17 | GRP a 4.02
  prmbench_qwen3_8b B54: surv 46 flips 0 K 8 clip 0/0 cf ok | pi10 0.21->0.38 a 5.75 a_cf_eq 3.72 | GRP a 4.05
prmbench_qwen3_8b done (69s)
               method  within_auc  prmscore  pb_sla_macro8  pb_sla_pooled
            B16__BASE      0.7918    0.6616         0.4131         0.3908
        B16__BASE_POS      0.8002    0.6650         0.4131         0.3908
      B16__BASE_PRIOR      0.8047    0.6651         0.4118         0.3872
   B16__BASE_PRIOR_CF      0.8089    0.6658         0.4035         0.3730
             B16__GRP      0.7907    0.6642         0.3964         0.3769
         B16__GRP_POS      0.7987    0.6667         0.3896         0.3681
       B16__GRP_PRIOR      0.8054    0.6677         0.3133         0.2852
        B16__FE_BASE0      0.5546    0.5126         0.3020         0.2731
   B16__FE_BASE_PRIOR      0.5874    0.5413         0.3031         0.2803
B16__FE_BASE_PRIOR_CF      0.5957    0.5463         0.2644         0.2368
         B16__FE_GRP0      0.6838    0.5906         0.3248         0.2913
    B16__FE_GRP_PRIOR      0.7146    0.6150         0.2227         0.1866
  B16__FE_PRIOR_ALONE      0.3550    0.4244         0.1404         0.1299
        B16__REF_BASE      0.7918    0.6616         0.4126         0.3881
         B16__REF_GRP      0.7907    0.6640         0.4092         0.3913
    B16__REF_BASE_POS      0.8002    0.6650         0.4039         0.3778
     B16__REF_GRP_POS      0.7988    0.6669         0.3966         0.3764
  B16__REF_BASE_PRIOR      0.8045    0.6648         0.3941         0.3674
   B16__REF_GRP_PRIOR      0.8056    0.6684         0.3810         0.3600
            B23__BASE      0.7691    0.6475         0.3960         0.3730
        B23__BASE_POS      0.7751    0.6513         0.3960         0.3730
      B23__BASE_PRIOR      0.7745    0.6502         0.3893         0.3706
   B23__BASE_PRIOR_CF      0.7677    0.6453         0.3653         0.3372
             B23__GRP      0.7618    0.6416         0.3822         0.3602
         B23__GRP_POS      0.7665    0.6431         0.3800         0.3575
       B23__GRP_PRIOR      0.7699    0.6450         0.2230         0.1652
        B23__FE_BASE0      0.6332    0.5543         0.3208         0.3030
   B23__FE_BASE_PRIOR      0.6503    0.5678         0.2822         0.2699
B23__FE_BASE_PRIOR_CF      0.6204    0.5495         0.2392         0.2067
         B23__FE_GRP0      0.6682    0.5753         0.2930         0.2618
    B23__FE_GRP_PRIOR      0.6926    0.5937         0.1786         0.1389
  B23__FE_PRIOR_ALONE      0.3401    0.4169         0.1350         0.1225
        B23__REF_BASE      0.7691    0.6475         0.3957         0.3730
         B23__REF_GRP      0.7612    0.6427         0.3793         0.3564
    B23__REF_BASE_POS      0.7751    0.6513         0.3960         0.3710
     B23__REF_GRP_POS      0.7660    0.6443         0.3705         0.3462
  B23__REF_BASE_PRIOR      0.7744    0.6498         0.3904         0.3640
   B23__REF_GRP_PRIOR      0.7697    0.6459         0.3689         0.3453
            B35__BASE      0.7622    0.6390         0.3650         0.3420
        B35__BASE_POS      0.7712    0.6431         0.3650         0.3420
      B35__BASE_PRIOR      0.7856    0.6497         0.2196         0.2040
   B35__BASE_PRIOR_CF      0.7972    0.6492         0.1859         0.1679
             B35__GRP      0.7717    0.6508         0.3737         0.3512
         B35__GRP_POS      0.7753    0.6506         0.3619         0.3368
       B35__GRP_PRIOR      0.7844    0.6566         0.2410         0.1945
        B35__FE_BASE0      0.4804    0.4733         0.2518         0.2163
   B35__FE_BASE_PRIOR      0.5164    0.4993         0.1780         0.1601
B35__FE_BASE_PRIOR_CF      0.4781    0.4848         0.1552         0.1423
         B35__FE_GRP0      0.7048    0.6021         0.2918         0.2564
    B35__FE_GRP_PRIOR      0.7179    0.6119         0.2138         0.1745
  B35__FE_PRIOR_ALONE      0.3490    0.4179         0.1350         0.1225
        B35__REF_BASE      0.7622    0.6390         0.3734         0.3539
         B35__REF_GRP      0.7713    0.6512         0.3665         0.3460
    B35__REF_BASE_POS      0.7712    0.6431         0.3731         0.3510
     B35__REF_GRP_POS      0.7787    0.6527         0.3605         0.3375
  B35__REF_BASE_PRIOR      0.7856    0.6497         0.3663         0.3406
   B35__REF_GRP_PRIOR      0.7853    0.6563         0.3518         0.3285
            B54__BASE      0.7646    0.6445         0.3679         0.3505
        B54__BASE_POS      0.7688    0.6466         0.3697         0.3512
      B54__BASE_PRIOR      0.7719    0.6462         0.3538         0.3390
   B54__BASE_PRIOR_CF      0.7733    0.6457         0.3287         0.3197
             B54__GRP      0.7668    0.6458         0.3694         0.3498
         B54__GRP_POS      0.7737    0.6491         0.3614         0.3408
       B54__GRP_PRIOR      0.7808    0.6517         0.2158         0.1603
        B54__FE_BASE0      0.6216    0.5459         0.2982         0.2805
   B54__FE_BASE_PRIOR      0.6379    0.5585         0.2693         0.2560
B54__FE_BASE_PRIOR_CF      0.6128    0.5423         0.2209         0.2107
         B54__FE_GRP0      0.6524    0.5650         0.2926         0.2605
    B54__FE_GRP_PRIOR      0.6781    0.5849         0.1833         0.1405
  B54__FE_PRIOR_ALONE      0.3392    0.4170         0.1350         0.1225
        B54__REF_BASE      0.7646    0.6445         0.3730         0.3557
         B54__REF_GRP      0.7628    0.6448         0.3790         0.3584
    B54__REF_BASE_POS      0.7688    0.6466         0.3700         0.3519
     B54__REF_GRP_POS      0.7701    0.6483         0.3732         0.3541
  B54__REF_BASE_PRIOR      0.7717    0.6465         0.3701         0.3503
   B54__REF_GRP_PRIOR      0.7765    0.6528         0.3787         0.3570
                  ct7      0.7724    0.6457         0.3989         0.3825
               fam421      0.7801    0.6572         0.3980         0.3796
            POS_ALONE      0.6617    0.5275         0.0484         0.0410
                               contrast_id primary  within_auc_delta  within_auc_lo95  pb_sla_macro8_delta  pb_sla_macro8_lo95  pb_sla_macro8_hi95
         B16__BASE_POS - B16__REF_BASE_POS       A            0.0000           0.0000               0.0092             -0.0008              0.0190
       B16__GRP_PRIOR - B16__REF_GRP_PRIOR       A           -0.0003          -0.0008              -0.0677             -0.0891             -0.0463
         B23__BASE_POS - B23__REF_BASE_POS       A            0.0000           0.0000               0.0000             -0.0079              0.0079
       B23__GRP_PRIOR - B23__REF_GRP_PRIOR       A            0.0002          -0.0008              -0.1459             -0.1662             -0.1257
         B35__BASE_POS - B35__REF_BASE_POS       A            0.0000           0.0000              -0.0081             -0.0228              0.0068
       B35__GRP_PRIOR - B35__REF_GRP_PRIOR       A           -0.0009          -0.0020              -0.1108             -0.1327             -0.0889
         B54__BASE_POS - B54__REF_BASE_POS       A            0.0000           0.0000              -0.0002             -0.0096              0.0092
       B54__GRP_PRIOR - B54__REF_GRP_PRIOR       A            0.0042           0.0021              -0.1629             -0.1825             -0.1433
            B16__FE_BASE_PRIOR - B16__BASE       B           -0.2044          -0.2139              -0.1100             -0.1362             -0.0837
              B16__FE_GRP_PRIOR - B16__GRP       B           -0.0762          -0.0826              -0.1737             -0.1975             -0.1495
            B23__FE_BASE_PRIOR - B23__BASE       B           -0.1188          -0.1258              -0.1138             -0.1381             -0.0893
              B23__FE_GRP_PRIOR - B23__GRP       B           -0.0692          -0.0750              -0.2036             -0.2269             -0.1801
            B35__FE_BASE_PRIOR - B35__BASE       B           -0.2458          -0.2549              -0.1870             -0.2100             -0.1640
              B35__FE_GRP_PRIOR - B35__GRP       B           -0.0538          -0.0592              -0.1598             -0.1846             -0.1350
            B54__FE_BASE_PRIOR - B54__BASE       B           -0.1266          -0.1335              -0.0987             -0.1218             -0.0755
              B54__FE_GRP_PRIOR - B54__GRP       B           -0.0887          -0.0950              -0.1861             -0.2089             -0.1632
                 B16__FE_BASE0 - B16__BASE                   -0.2372          -0.2463              -0.1111             -0.1364             -0.0855
                   B16__FE_GRP0 - B16__GRP                   -0.1070          -0.1135              -0.0716             -0.0899             -0.0529
        B16__FE_BASE_PRIOR - B16__FE_BASE0                    0.0327           0.0307               0.0010             -0.0068              0.0086
          B16__FE_GRP_PRIOR - B16__FE_GRP0                    0.0308           0.0287              -0.1021             -0.1186             -0.0858
      B16__FE_BASE_PRIOR - B16__BASE_PRIOR                   -0.2173          -0.2271              -0.1088             -0.1339             -0.0832
        B16__FE_GRP_PRIOR - B16__GRP_PRIOR                   -0.0908          -0.0977              -0.0906             -0.1070             -0.0743
        B16__FE_BASE_PRIOR - B16__REF_BASE                   -0.2044          -0.2139              -0.1095             -0.1363             -0.0825
          B16__FE_GRP_PRIOR - B16__REF_GRP                   -0.0761          -0.0825              -0.1864             -0.2105             -0.1620
           B16__FE_PRIOR_ALONE - B16__BASE                   -0.4368          -0.4478              -0.2727             -0.2997             -0.2454
                 B16__BASE - B16__REF_BASE                    0.0000           0.0000               0.0005             -0.0076              0.0083
                   B16__GRP - B16__REF_GRP                    0.0001          -0.0003              -0.0128             -0.0238             -0.0017
      B16__BASE_PRIOR_CF - B16__BASE_PRIOR                    0.0042           0.0032              -0.0083             -0.0169              0.0002
B16__FE_BASE_PRIOR_CF - B16__FE_BASE_PRIOR                    0.0084           0.0071              -0.0387             -0.0483             -0.0291
            B16__FE_PRIOR_ALONE - B16__GRP                   -0.4357          -0.4468              -0.2560             -0.2823             -0.2293
     B16__BASE_PRIOR - B16__REF_BASE_PRIOR                    0.0002          -0.0002               0.0177              0.0040              0.0315
           B16__GRP_POS - B16__REF_GRP_POS                   -0.0001          -0.0003              -0.0070             -0.0202              0.0063
                 B23__FE_BASE0 - B23__BASE                   -0.1359          -0.1430              -0.0752             -0.0974             -0.0530
                   B23__FE_GRP0 - B23__GRP                   -0.0935          -0.0996              -0.0893             -0.1098             -0.0690
        B23__FE_BASE_PRIOR - B23__FE_BASE0                    0.0172           0.0159              -0.0385             -0.0504             -0.0270
          B23__FE_GRP_PRIOR - B23__FE_GRP0                    0.0244           0.0227              -0.1144             -0.1292             -0.0999
      B23__FE_BASE_PRIOR - B23__BASE_PRIOR                   -0.1242          -0.1317              -0.1071             -0.1287             -0.0853
        B23__FE_GRP_PRIOR - B23__GRP_PRIOR                   -0.0773          -0.0835              -0.0443             -0.0596             -0.0295
        B23__FE_BASE_PRIOR - B23__REF_BASE                   -0.1188          -0.1258              -0.1135             -0.1383             -0.0885
          B23__FE_GRP_PRIOR - B23__REF_GRP                   -0.0686          -0.0744              -0.2007             -0.2247             -0.1770
           B23__FE_PRIOR_ALONE - B23__BASE                   -0.4290          -0.4396              -0.2610             -0.2865             -0.2354
                 B23__BASE - B23__REF_BASE                    0.0000           0.0000               0.0002             -0.0061              0.0065
                   B23__GRP - B23__REF_GRP                    0.0006          -0.0004               0.0029             -0.0085              0.0142
      B23__BASE_PRIOR_CF - B23__BASE_PRIOR                   -0.0068          -0.0090              -0.0240             -0.0355             -0.0125
B23__FE_BASE_PRIOR_CF - B23__FE_BASE_PRIOR                   -0.0300          -0.0327              -0.0430             -0.0540             -0.0320
            B23__FE_PRIOR_ALONE - B23__GRP                   -0.4217          -0.4324              -0.2473             -0.2721             -0.2223
     B23__BASE_PRIOR - B23__REF_BASE_PRIOR                    0.0001          -0.0003              -0.0010             -0.0148              0.0126
           B23__GRP_POS - B23__REF_GRP_POS                    0.0005          -0.0004               0.0095             -0.0025              0.0216
                 B35__FE_BASE0 - B35__BASE                   -0.2818          -0.2904              -0.1133             -0.1343             -0.0921
                   B35__FE_GRP0 - B35__GRP                   -0.0669          -0.0719              -0.0819             -0.1025             -0.0611
        B35__FE_BASE_PRIOR - B35__FE_BASE0                    0.0360           0.0336              -0.0738             -0.0881             -0.0597
          B35__FE_GRP_PRIOR - B35__FE_GRP0                    0.0131           0.0113              -0.0779             -0.0930             -0.0631
      B35__FE_BASE_PRIOR - B35__BASE_PRIOR                   -0.2691          -0.2788              -0.0416             -0.0527             -0.0304
        B35__FE_GRP_PRIOR - B35__GRP_PRIOR                   -0.0665          -0.0723              -0.0271             -0.0450             -0.0090
        B35__FE_BASE_PRIOR - B35__REF_BASE                   -0.2458          -0.2549              -0.1954             -0.2208             -0.1700
          B35__FE_GRP_PRIOR - B35__REF_GRP                   -0.0535          -0.0589              -0.1526             -0.1787             -0.1263
           B35__FE_PRIOR_ALONE - B35__BASE                   -0.4132          -0.4237              -0.2301             -0.2545             -0.2056
                 B35__BASE - B35__REF_BASE                    0.0000           0.0000              -0.0084             -0.0223              0.0056
                   B35__GRP - B35__REF_GRP                    0.0004          -0.0008               0.0072             -0.0072              0.0217
      B35__BASE_PRIOR_CF - B35__BASE_PRIOR                    0.0117           0.0092              -0.0337             -0.0420             -0.0255
B35__FE_BASE_PRIOR_CF - B35__FE_BASE_PRIOR                   -0.0383          -0.0412              -0.0228             -0.0295             -0.0165
            B35__FE_PRIOR_ALONE - B35__GRP                   -0.4227          -0.4334              -0.2387             -0.2643             -0.2129
     B35__BASE_PRIOR - B35__REF_BASE_PRIOR                    0.0000          -0.0005              -0.1468             -0.1700             -0.1234
           B35__GRP_POS - B35__REF_GRP_POS                   -0.0034          -0.0047               0.0015             -0.0156              0.0187
                 B54__FE_BASE0 - B54__BASE                   -0.1430          -0.1498              -0.0698             -0.0904             -0.0490
                   B54__FE_GRP0 - B54__GRP                   -0.1145          -0.1206              -0.0768             -0.0974             -0.0560
        B54__FE_BASE_PRIOR - B54__FE_BASE0                    0.0163           0.0151              -0.0289             -0.0396             -0.0185
          B54__FE_GRP_PRIOR - B54__FE_GRP0                    0.0257           0.0241              -0.1094             -0.1238             -0.0954
      B54__FE_BASE_PRIOR - B54__BASE_PRIOR                   -0.1340          -0.1411              -0.0845             -0.1041             -0.0650
        B54__FE_GRP_PRIOR - B54__GRP_PRIOR                   -0.1027          -0.1093              -0.0325             -0.0475             -0.0178
        B54__FE_BASE_PRIOR - B54__REF_BASE                   -0.1266          -0.1335              -0.1038             -0.1278             -0.0798
          B54__FE_GRP_PRIOR - B54__REF_GRP                   -0.0846          -0.0911              -0.1957             -0.2182             -0.1731
           B54__FE_PRIOR_ALONE - B54__BASE                   -0.4254          -0.4358              -0.2330             -0.2574             -0.2085
                 B54__BASE - B54__REF_BASE                    0.0000           0.0000              -0.0051             -0.0148              0.0044
                   B54__GRP - B54__REF_GRP                    0.0041           0.0019              -0.0096             -0.0205              0.0010
      B54__BASE_PRIOR_CF - B54__BASE_PRIOR                    0.0014           0.0002              -0.0251             -0.0378             -0.0123
B54__FE_BASE_PRIOR_CF - B54__FE_BASE_PRIOR                   -0.0251          -0.0270              -0.0484             -0.0589             -0.0381
            B54__FE_PRIOR_ALONE - B54__GRP                   -0.4276          -0.4380              -0.2344             -0.2594             -0.2093
     B54__BASE_PRIOR - B54__REF_BASE_PRIOR                    0.0002          -0.0003              -0.0163             -0.0312             -0.0015
           B54__GRP_POS - B54__REF_GRP_POS                    0.0036           0.0016              -0.0118             -0.0241              0.0006
                   B16__FE_GRP_PRIOR - ct7                   -0.0578          -0.0648              -0.1761             -0.2002             -0.1519
                   B23__FE_GRP_PRIOR - ct7                   -0.0798          -0.0858              -0.2202             -0.2450             -0.1956
                   B35__FE_GRP_PRIOR - ct7                   -0.0545          -0.0607              -0.1850             -0.2109             -0.1591
                   B54__FE_GRP_PRIOR - ct7                   -0.0943          -0.1016              -0.2156             -0.2401             -0.1913
{
 "first_error_readout_plain average": {
  "bonferroni_above_content_argmax": {
   "B16": false,
   "B23": false,
   "B35": false,
   "B54": false
  },
  "adopt": false,
  "delta_macro8": {
   "B16": -0.11002102356193655,
   "B23": -0.11375284284002962,
   "B35": -0.1870293769548851,
   "B54": -0.09867683500354685
  }
 },
 "first_error_readout_grouped": {
  "bonferroni_above_content_argmax": {
   "B16": false,
   "B23": false,
   "B35": false,
   "B54": false
  },
  "adopt": false,
  "delta_macro8": {
   "B16": -0.17367551725902053,
   "B23": -0.20360645083561613,
   "B35": -0.1598164437242251,
   "B54": -0.18613564995035758
  }
 },
 "cross_fit_in_first_error_readout": {
  "lo95_above_0": {
   "B16": false,
   "B23": false,
   "B35": false,
   "B54": false
  },
  "failures": 0,
  "adopt": false,
  "not_blind_on": "pb_gsm8k_q4/q8, pb_math_q4/q8 (smoke, A2)"
 },
 "cross_fit_in_plain_average_prior": {
  "lo95_above_0": {
   "B16": true,
   "B23": false,
   "B35": true,
   "B54": true
  },
  "failures": 0,
  "adopt": false
 },
 "clipped_fits_flag": [
  [
   "pb_gsm8k_q8",
   "B35",
   1,
   0
  ],
  [
   "pb_math_q4",
   "B54",
   0,
   1
  ]
 ],
 "per_dataset_vs_pooled_prmbench_within_auc": {
  "B16__BASE_POS - B16__REF_BASE_POS": {
   "delta": 0.0,
   "lo_bonf": 0.0,
   "hi_bonf": 0.0
  },
  "B16__GRP_PRIOR - B16__REF_GRP_PRIOR": {
   "delta": -0.00026293227732232527,
   "lo_bonf": -0.0010800236836075784,
   "hi_bonf": 0.0005342813208699224
  },
  "B23__BASE_POS - B23__REF_BASE_POS": {
   "delta": 0.0,
   "lo_bonf": 0.0,
   "hi_bonf": 0.0
  },
  "B23__GRP_PRIOR - B23__REF_GRP_PRIOR": {
   "delta": 0.0001653230719583787,
   "lo_bonf": -0.0011907072737812995,
   "hi_bonf": 0.0015142412856221196
  },
  "B35__BASE_POS - B35__REF_BASE_POS": {
   "delta": 0.0,
   "lo_bonf": 0.0,
   "hi_bonf": 0.0
  },
  "B35__GRP_PRIOR - B35__REF_GRP_PRIOR": {
   "delta": -0.0009111505856378432,
   "lo_bonf": -0.0024589646607637407,
   "hi_bonf": 0.0006408397108316416
  },
  "B54__BASE_POS - B54__REF_BASE_POS": {
   "delta": 0.0,
   "lo_bonf": 0.0,
   "hi_bonf": 0.0
  },
  "B54__GRP_PRIOR - B54__REF_GRP_PRIOR": {
   "delta": 0.0042210334015940765,
   "lo_bonf": 0.001319100707769394,
   "hi_bonf": 0.007242303714156135
  }
 }
}
{"setup_s": 34.34843600000022, "replay_s": 41.56424519998836, "fit_s": 262.9395626000187, "eval_s": 89.71720949999872, "bootstrap_s": 32.315321500005666, "total_s": 451.5861698999943}
