setup 37s
code-path replay max 8.9e-16 (43s)
  pb_gsm8k_q4 B16: surv 16 flips 0 K 6 | pi10 0.48->0.16 a 4.86 a_cf_eq 2.77 | GRP a 3.36
  pb_gsm8k_q4 B23: surv 23 flips 0 K 6 | pi10 0.51->0.12 a 5.79 a_cf_eq 3.90 | GRP a 3.75
  pb_gsm8k_q4 B35: surv 35 flips 5 K 6 | pi10 0.55->0.10 a 5.09 a_cf_eq 2.80 | GRP a 3.17
  pb_gsm8k_q4 B54: surv 54 flips 0 K 7 | pi10 0.49->0.12 a 5.39 a_cf_eq 3.08 | GRP a 3.61
pb_gsm8k_q4 done (10s)
  pb_math_q4 B16: surv 16 flips 0 K 5 | pi10 0.49->0.31 a 4.12 a_cf_eq 2.03 | GRP a 2.55
  pb_math_q4 B23: surv 23 flips 0 K 5 | pi10 0.53->0.23 a 5.29 a_cf_eq 4.69 | GRP a 2.97
  pb_math_q4 B35: surv 34 flips 5 K 6 | pi10 0.97->0.19 a 3.95 a_cf_eq 1.71 | GRP a 1.69
  pb_math_q4 B54: surv 53 flips 0 K 7 | pi10 0.51->0.23 a 4.66 a_cf_eq 4.53 | GRP a 2.58
pb_math_q4 done (13s)
C:\Users\DELL\AppData\Local\Programs\Python\Python313\Lib\site-packages\numpy\lib\_nanfunctions_impl.py:1601: RuntimeWarning: All-NaN slice encountered
  return _nanquantile_unchecked(
               method  within_auc  prmscore  pb_sla_macro8  pb_sla_pooled
            B16__BASE         NaN       NaN         0.4679         0.4419
        B16__BASE_POS         NaN       NaN         0.4679         0.4419
      B16__BASE_PRIOR         NaN       NaN         0.4686         0.4382
   B16__BASE_PRIOR_CF         NaN       NaN         0.4832         0.4482
             B16__GRP         NaN       NaN         0.4435         0.4220
         B16__GRP_POS         NaN       NaN         0.4476         0.4257
       B16__GRP_PRIOR         NaN       NaN         0.4046         0.3783
        B16__FE_BASE0         NaN       NaN         0.3822         0.3521
   B16__FE_BASE_PRIOR         NaN       NaN         0.3749         0.3483
B16__FE_BASE_PRIOR_CF         NaN       NaN         0.3405         0.2996
         B16__FE_GRP0         NaN       NaN         0.4200         0.3895
    B16__FE_GRP_PRIOR         NaN       NaN         0.3385         0.3084
  B16__FE_PRIOR_ALONE         NaN       NaN         0.1862         0.1898
        B16__REF_BASE         NaN       NaN         0.4742         0.4419
         B16__REF_GRP         NaN       NaN         0.4474         0.4232
    B16__REF_BASE_POS         NaN       NaN         0.4667         0.4307
     B16__REF_GRP_POS         NaN       NaN         0.4367         0.4120
  B16__REF_BASE_PRIOR         NaN       NaN         0.4495         0.4170
   B16__REF_GRP_PRIOR         NaN       NaN         0.4194         0.3933
            B23__BASE         NaN       NaN         0.4537         0.4232
        B23__BASE_POS         NaN       NaN         0.4537         0.4232
      B23__BASE_PRIOR         NaN       NaN         0.4457         0.4182
   B23__BASE_PRIOR_CF         NaN       NaN         0.4426         0.4020
             B23__GRP         NaN       NaN         0.4239         0.3883
         B23__GRP_POS         NaN       NaN         0.4198         0.3845
       B23__GRP_PRIOR         NaN       NaN         0.3623         0.2946
        B23__FE_BASE0         NaN       NaN         0.3876         0.3695
   B23__FE_BASE_PRIOR         NaN       NaN         0.3327         0.3184
B23__FE_BASE_PRIOR_CF         NaN       NaN         0.3474         0.3121
         B23__FE_GRP0         NaN       NaN         0.3694         0.3308
    B23__FE_GRP_PRIOR         NaN       NaN         0.2876         0.2422
  B23__FE_PRIOR_ALONE         NaN       NaN         0.1862         0.1898
        B23__REF_BASE         NaN       NaN         0.4454         0.4132
         B23__REF_GRP         NaN       NaN         0.4165         0.3820
    B23__REF_BASE_POS         NaN       NaN         0.4509         0.4120
     B23__REF_GRP_POS         NaN       NaN         0.4107         0.3758
  B23__REF_BASE_PRIOR         NaN       NaN         0.4468         0.4082
   B23__REF_GRP_PRIOR         NaN       NaN         0.4084         0.3770
            B35__BASE         NaN       NaN         0.4170         0.3920
        B35__BASE_POS         NaN       NaN         0.4170         0.3920
      B35__BASE_PRIOR         NaN       NaN         0.3219         0.2697
   B35__BASE_PRIOR_CF         NaN       NaN         0.2828         0.2397
             B35__GRP         NaN       NaN         0.4252         0.3995
         B35__GRP_POS         NaN       NaN         0.4290         0.3983
       B35__GRP_PRIOR         NaN       NaN         0.3263         0.2622
        B35__FE_BASE0         NaN       NaN         0.3323         0.2921
   B35__FE_BASE_PRIOR         NaN       NaN         0.2716         0.2347
B35__FE_BASE_PRIOR_CF         NaN       NaN         0.2176         0.2060
         B35__FE_GRP0         NaN       NaN         0.3924         0.3533
    B35__FE_GRP_PRIOR         NaN       NaN         0.2925         0.2447
  B35__FE_PRIOR_ALONE         NaN       NaN         0.1862         0.1898
        B35__REF_BASE         NaN       NaN         0.4245         0.4032
         B35__REF_GRP         NaN       NaN         0.4113         0.3883
    B35__REF_BASE_POS         NaN       NaN         0.4408         0.4157
     B35__REF_GRP_POS         NaN       NaN         0.3971         0.3695
  B35__REF_BASE_PRIOR         NaN       NaN         0.4431         0.4145
   B35__REF_GRP_PRIOR         NaN       NaN         0.3989         0.3745
            B54__BASE         NaN       NaN         0.4108         0.3945
        B54__BASE_POS         NaN       NaN         0.4180         0.3983
      B54__BASE_PRIOR         NaN       NaN         0.3957         0.3745
   B54__BASE_PRIOR_CF         NaN       NaN         0.3632         0.3496
             B54__GRP         NaN       NaN         0.4312         0.4107
         B54__GRP_POS         NaN       NaN         0.4295         0.4082
       B54__GRP_PRIOR         NaN       NaN         0.3392         0.2697
        B54__FE_BASE0         NaN       NaN         0.3572         0.3383
   B54__FE_BASE_PRIOR         NaN       NaN         0.3190         0.2934
B54__FE_BASE_PRIOR_CF         NaN       NaN         0.2568         0.2572
         B54__FE_GRP0         NaN       NaN         0.3779         0.3458
    B54__FE_GRP_PRIOR         NaN       NaN         0.2925         0.2447
  B54__FE_PRIOR_ALONE         NaN       NaN         0.1862         0.1898
        B54__REF_BASE         NaN       NaN         0.4075         0.3920
         B54__REF_GRP         NaN       NaN         0.4286         0.4070
    B54__REF_BASE_POS         NaN       NaN         0.4066         0.3883
     B54__REF_GRP_POS         NaN       NaN         0.4139         0.3945
  B54__REF_BASE_PRIOR         NaN       NaN         0.4056         0.3845
   B54__REF_GRP_PRIOR         NaN       NaN         0.4163         0.3958
                  ct7         NaN       NaN         0.4200         0.3895
               fam421         NaN       NaN         0.4341         0.4057
            POS_ALONE         NaN       NaN         0.0656         0.0599
                               contrast_id primary  within_auc_delta  within_auc_lo95  pb_sla_macro8_delta  pb_sla_macro8_lo95  pb_sla_macro8_hi95
         B16__BASE_POS - B16__REF_BASE_POS       A               NaN              NaN               0.0013             -0.0192              0.0229
       B16__GRP_PRIOR - B16__REF_GRP_PRIOR       A               NaN              NaN              -0.0148             -0.0528              0.0199
         B23__BASE_POS - B23__REF_BASE_POS       A               NaN              NaN               0.0029             -0.0128              0.0187
       B23__GRP_PRIOR - B23__REF_GRP_PRIOR       A               NaN              NaN              -0.0461             -0.0786             -0.0130
         B35__BASE_POS - B35__REF_BASE_POS       A               NaN              NaN              -0.0239             -0.0517              0.0051
       B35__GRP_PRIOR - B35__REF_GRP_PRIOR       A               NaN              NaN              -0.0726             -0.1098             -0.0350
         B54__BASE_POS - B54__REF_BASE_POS       A               NaN              NaN               0.0115             -0.0076              0.0324
       B54__GRP_PRIOR - B54__REF_GRP_PRIOR       A               NaN              NaN              -0.0771             -0.1086             -0.0425
            B16__FE_BASE_PRIOR - B16__BASE       B               NaN              NaN              -0.0930             -0.1385             -0.0468
              B16__FE_GRP_PRIOR - B16__GRP       B               NaN              NaN              -0.1049             -0.1495             -0.0600
            B23__FE_BASE_PRIOR - B23__BASE       B               NaN              NaN              -0.1211             -0.1655             -0.0743
              B23__FE_GRP_PRIOR - B23__GRP       B               NaN              NaN              -0.1363             -0.1810             -0.0912
            B35__FE_BASE_PRIOR - B35__BASE       B               NaN              NaN              -0.1454             -0.1903             -0.1008
              B35__FE_GRP_PRIOR - B35__GRP       B               NaN              NaN              -0.1327             -0.1787             -0.0864
            B54__FE_BASE_PRIOR - B54__BASE       B               NaN              NaN              -0.0918             -0.1310             -0.0473
              B54__FE_GRP_PRIOR - B54__GRP       B               NaN              NaN              -0.1387             -0.1850             -0.0938
                 B16__FE_BASE0 - B16__BASE                       NaN              NaN              -0.0858             -0.1314             -0.0392
                   B16__FE_GRP0 - B16__GRP                       NaN              NaN              -0.0235             -0.0574              0.0103
        B16__FE_BASE_PRIOR - B16__FE_BASE0                       NaN              NaN              -0.0072             -0.0221              0.0056
          B16__FE_GRP_PRIOR - B16__FE_GRP0                       NaN              NaN              -0.0815             -0.1137             -0.0486
      B16__FE_BASE_PRIOR - B16__BASE_PRIOR                       NaN              NaN              -0.0937             -0.1368             -0.0483
        B16__FE_GRP_PRIOR - B16__GRP_PRIOR                       NaN              NaN              -0.0660             -0.0999             -0.0323
        B16__FE_BASE_PRIOR - B16__REF_BASE                       NaN              NaN              -0.0993             -0.1460             -0.0524
          B16__FE_GRP_PRIOR - B16__REF_GRP                       NaN              NaN              -0.1089             -0.1521             -0.0649
           B16__FE_PRIOR_ALONE - B16__BASE                       NaN              NaN              -0.2818             -0.3273             -0.2339
                 B16__BASE - B16__REF_BASE                       NaN              NaN              -0.0063             -0.0251              0.0143
                   B16__GRP - B16__REF_GRP                       NaN              NaN              -0.0040             -0.0283              0.0188
      B16__BASE_PRIOR_CF - B16__BASE_PRIOR                       NaN              NaN               0.0146             -0.0055              0.0351
B16__FE_BASE_PRIOR_CF - B16__FE_BASE_PRIOR                       NaN              NaN              -0.0344             -0.0530             -0.0152
     B16__BASE_PRIOR - B16__REF_BASE_PRIOR                       NaN              NaN               0.0190             -0.0079              0.0484
           B16__GRP_POS - B16__REF_GRP_POS                       NaN              NaN               0.0108             -0.0130              0.0331
                 B23__FE_BASE0 - B23__BASE                       NaN              NaN              -0.0661             -0.1055             -0.0266
                   B23__FE_GRP0 - B23__GRP                       NaN              NaN              -0.0545             -0.0939             -0.0180
        B23__FE_BASE_PRIOR - B23__FE_BASE0                       NaN              NaN              -0.0550             -0.0813             -0.0274
          B23__FE_GRP_PRIOR - B23__FE_GRP0                       NaN              NaN              -0.0818             -0.1059             -0.0563
      B23__FE_BASE_PRIOR - B23__BASE_PRIOR                       NaN              NaN              -0.1130             -0.1526             -0.0701
        B23__FE_GRP_PRIOR - B23__GRP_PRIOR                       NaN              NaN              -0.0747             -0.1088             -0.0397
        B23__FE_BASE_PRIOR - B23__REF_BASE                       NaN              NaN              -0.1128             -0.1562             -0.0676
          B23__FE_GRP_PRIOR - B23__REF_GRP                       NaN              NaN              -0.1289             -0.1732             -0.0821
           B23__FE_PRIOR_ALONE - B23__BASE                       NaN              NaN              -0.2676             -0.3114             -0.2198
                 B23__BASE - B23__REF_BASE                       NaN              NaN               0.0083             -0.0049              0.0220
                   B23__GRP - B23__REF_GRP                       NaN              NaN               0.0074             -0.0158              0.0320
      B23__BASE_PRIOR_CF - B23__BASE_PRIOR                       NaN              NaN              -0.0031             -0.0251              0.0222
B23__FE_BASE_PRIOR_CF - B23__FE_BASE_PRIOR                       NaN              NaN               0.0147             -0.0085              0.0382
     B23__BASE_PRIOR - B23__REF_BASE_PRIOR                       NaN              NaN              -0.0011             -0.0274              0.0263
           B23__GRP_POS - B23__REF_GRP_POS                       NaN              NaN               0.0090             -0.0151              0.0349
                 B35__FE_BASE0 - B35__BASE                       NaN              NaN              -0.0847             -0.1233             -0.0463
                   B35__FE_GRP0 - B35__GRP                       NaN              NaN              -0.0327             -0.0717              0.0048
        B35__FE_BASE_PRIOR - B35__FE_BASE0                       NaN              NaN              -0.0608             -0.0868             -0.0345
          B35__FE_GRP_PRIOR - B35__FE_GRP0                       NaN              NaN              -0.1000             -0.1338             -0.0653
      B35__FE_BASE_PRIOR - B35__BASE_PRIOR                       NaN              NaN              -0.0503             -0.0807             -0.0175
        B35__FE_GRP_PRIOR - B35__GRP_PRIOR                       NaN              NaN              -0.0338             -0.0697              0.0019
        B35__FE_BASE_PRIOR - B35__REF_BASE                       NaN              NaN              -0.1530             -0.1966             -0.1078
          B35__FE_GRP_PRIOR - B35__REF_GRP                       NaN              NaN              -0.1188             -0.1633             -0.0702
           B35__FE_PRIOR_ALONE - B35__BASE                       NaN              NaN              -0.2308             -0.2745             -0.1837
                 B35__BASE - B35__REF_BASE                       NaN              NaN              -0.0076             -0.0331              0.0180
                   B35__GRP - B35__REF_GRP                       NaN              NaN               0.0139             -0.0117              0.0397
      B35__BASE_PRIOR_CF - B35__BASE_PRIOR                       NaN              NaN              -0.0391             -0.0638             -0.0131
B35__FE_BASE_PRIOR_CF - B35__FE_BASE_PRIOR                       NaN              NaN              -0.0540             -0.0771             -0.0315
     B35__BASE_PRIOR - B35__REF_BASE_PRIOR                       NaN              NaN              -0.1212             -0.1638             -0.0801
           B35__GRP_POS - B35__REF_GRP_POS                       NaN              NaN               0.0319              0.0015              0.0607
                 B54__FE_BASE0 - B54__BASE                       NaN              NaN              -0.0536             -0.0897             -0.0143
                   B54__FE_GRP0 - B54__GRP                       NaN              NaN              -0.0532             -0.0956             -0.0136
        B54__FE_BASE_PRIOR - B54__FE_BASE0                       NaN              NaN              -0.0382             -0.0613             -0.0149
          B54__FE_GRP_PRIOR - B54__FE_GRP0                       NaN              NaN              -0.0855             -0.1098             -0.0611
      B54__FE_BASE_PRIOR - B54__BASE_PRIOR                       NaN              NaN              -0.0767             -0.1147             -0.0388
        B54__FE_GRP_PRIOR - B54__GRP_PRIOR                       NaN              NaN              -0.0467             -0.0825             -0.0103
        B54__FE_BASE_PRIOR - B54__REF_BASE                       NaN              NaN              -0.0885             -0.1306             -0.0448
          B54__FE_GRP_PRIOR - B54__REF_GRP                       NaN              NaN              -0.1362             -0.1787             -0.0899
           B54__FE_PRIOR_ALONE - B54__BASE                       NaN              NaN              -0.2246             -0.2651             -0.1774
                 B54__BASE - B54__REF_BASE                       NaN              NaN               0.0033             -0.0182              0.0262
                   B54__GRP - B54__REF_GRP                       NaN              NaN               0.0025             -0.0238              0.0303
      B54__BASE_PRIOR_CF - B54__BASE_PRIOR                       NaN              NaN              -0.0326             -0.0611             -0.0026
B54__FE_BASE_PRIOR_CF - B54__FE_BASE_PRIOR                       NaN              NaN              -0.0622             -0.0863             -0.0389
     B54__BASE_PRIOR - B54__REF_BASE_PRIOR                       NaN              NaN              -0.0099             -0.0371              0.0182
           B54__GRP_POS - B54__REF_GRP_POS                       NaN              NaN               0.0156             -0.0110              0.0433
                   B16__FE_GRP_PRIOR - ct7                       NaN              NaN              -0.0815             -0.1231             -0.0389
                   B23__FE_GRP_PRIOR - ct7                       NaN              NaN              -0.1324             -0.1779             -0.0835
                   B35__FE_GRP_PRIOR - ct7                       NaN              NaN              -0.1275             -0.1726             -0.0805
                   B54__FE_GRP_PRIOR - ct7                       NaN              NaN              -0.1275             -0.1712             -0.0810
{
 "first_error_readout_plain average": {
  "bonferroni_above_content_argmax": {
   "B16": false,
   "B23": false,
   "B35": false,
   "B54": false
  },
  "adopt": false,
  "delta_macro8": {
   "B16": -0.09303176694481041,
   "B23": -0.12106572976138191,
   "B35": -0.14540330844678673,
   "B54": -0.09178743961352659
  }
 },
 "first_error_readout_grouped": {
  "bonferroni_above_content_argmax": {
   "B16": false,
   "B23": false,
   "B35": false,
   "B54": false
  },
  "adopt": false,
  "delta_macro8": {
   "B16": -0.1049260723173766,
   "B23": -0.1362538427755819,
   "B35": -0.13270385009515445,
   "B54": -0.1387058995754648
  }
 },
 "cross_fit_in_first_error_readout": {
  "lo95_above_0": {
   "B16": false,
   "B23": false,
   "B35": false,
   "B54": false
  },
  "adopt": false
 }
}
{"setup_s": 37.12799720000476, "replay_s": 42.71799770000507, "fit_s": 111.87140199998976, "eval_s": 0.9951475000125356, "bootstrap_s": 1.055922899977304, "total_s": 113.926796499989}
