external hard2verify_qwen3_8b 1 / 200 seconds 8
CELL hard2verify_qwen3_8b (1860, 56) filled [0, 0, 0, 0, 0] seconds 219
external socratic_qwen3_8b 1 / 2995 seconds 220
external socratic_qwen3_8b 251 / 2995 seconds 347
external socratic_qwen3_8b 501 / 2995 seconds 447
external socratic_qwen3_8b 751 / 2995 seconds 553
external socratic_qwen3_8b 1001 / 2995 seconds 671
external socratic_qwen3_8b 1251 / 2995 seconds 768
external socratic_qwen3_8b 1501 / 2995 seconds 860
external socratic_qwen3_8b 1751 / 2995 seconds 961
external socratic_qwen3_8b 2001 / 2995 seconds 1053
external socratic_qwen3_8b 2251 / 2995 seconds 1140
external socratic_qwen3_8b 2501 / 2995 seconds 1224
external socratic_qwen3_8b 2751 / 2995 seconds 1311
CELL socratic_qwen3_8b (26052, 56) filled [0, 0, 0, 0, 0] seconds 1173
external socratic_qwq32b 1 / 2995 seconds 1393
external socratic_qwq32b 251 / 2995 seconds 1474
external socratic_qwq32b 501 / 2995 seconds 1567
external socratic_qwq32b 751 / 2995 seconds 1651
external socratic_qwq32b 1001 / 2995 seconds 1737
external socratic_qwq32b 1251 / 2995 seconds 1825
external socratic_qwq32b 1501 / 2995 seconds 1907
external socratic_qwq32b 1751 / 2995 seconds 1992
external socratic_qwq32b 2001 / 2995 seconds 2077
external socratic_qwq32b 2251 / 2995 seconds 2164
external socratic_qwq32b 2501 / 2995 seconds 2248
external socratic_qwq32b 2751 / 2995 seconds 2341
CELL socratic_qwq32b (26052, 56) filled [0, 0, 0, 0, 0] seconds 1031
