v4 source parity 250 /13769 pb_gsm8k_q4 elapsed 36
CELL DONE pb_gsm8k_q4 400 4.440892098500626e-16 7.993605777301127e-15 0.0 failures so far 0
v4 source parity 500 /13769 pb_gsm8k_q8 elapsed 66
v4 source parity 750 /13769 pb_gsm8k_q8 elapsed 92
CELL DONE pb_gsm8k_q8 400 4.440892098500626e-16 7.216449660063518e-15 0.0 failures so far 0
v4 source parity 1000 /13769 pb_math_q4 elapsed 161
v4 source parity 1250 /13769 pb_math_q4 elapsed 238
v4 source parity 1500 /13769 pb_math_q4 elapsed 314
v4 source parity 1750 /13769 pb_math_q4 elapsed 392
CELL DONE pb_math_q4 1000 8.881784197001252e-16 2.4646951146678475e-14 0.0 failures so far 0
v4 source parity 2000 /13769 pb_math_q8 elapsed 477
v4 source parity 2250 /13769 pb_math_q8 elapsed 567
v4 source parity 2500 /13769 pb_math_q8 elapsed 646
v4 source parity 2750 /13769 pb_math_q8 elapsed 705
CELL DONE pb_math_q8 1000 8.881784197001252e-16 1.1213252548714081e-14 0.0 failures so far 0
v4 source parity 3000 /13769 pb_olympiadbench_q4 elapsed 802
v4 source parity 3250 /13769 pb_olympiadbench_q4 elapsed 885
v4 source parity 3500 /13769 pb_olympiadbench_q4 elapsed 959
v4 source parity 3750 /13769 pb_olympiadbench_q4 elapsed 1027
CELL DONE pb_olympiadbench_q4 1000 8.881784197001252e-16 9.769962616701378e-15 0.0 failures so far 0
v4 source parity 4000 /13769 pb_olympiadbench_q8 elapsed 1108
v4 source parity 4250 /13769 pb_olympiadbench_q8 elapsed 1183
v4 source parity 4500 /13769 pb_olympiadbench_q8 elapsed 1249
v4 source parity 4750 /13769 pb_olympiadbench_q8 elapsed 1317
CELL DONE pb_olympiadbench_q8 1000 8.881784197001252e-16 1.0436096431476471e-14 0.0 failures so far 0
v4 source parity 5000 /13769 pb_omnimath_q4 elapsed 1395
v4 source parity 5250 /13769 pb_omnimath_q4 elapsed 1476
v4 source parity 5500 /13769 pb_omnimath_q4 elapsed 1541
v4 source parity 5750 /13769 pb_omnimath_q4 elapsed 1605
CELL DONE pb_omnimath_q4 1000 8.881784197001252e-16 1.1102230246251565e-14 0.0 failures so far 0
v4 source parity 6000 /13769 pb_omnimath_q8 elapsed 1684
v4 source parity 6250 /13769 pb_omnimath_q8 elapsed 1761
v4 source parity 6500 /13769 pb_omnimath_q8 elapsed 1825
v4 source parity 6750 /13769 pb_omnimath_q8 elapsed 1889
CELL DONE pb_omnimath_q8 1000 8.881784197001252e-16 9.880984919163893e-15 0.0 failures so far 0
v4 source parity 7000 /13769 prmbench_qwen3_8b elapsed 1923
v4 source parity 7250 /13769 prmbench_qwen3_8b elapsed 1945
v4 source parity 7500 /13769 prmbench_qwen3_8b elapsed 1967
v4 source parity 7750 /13769 prmbench_qwen3_8b elapsed 1997
v4 source parity 8000 /13769 prmbench_qwen3_8b elapsed 2029
v4 source parity 8250 /13769 prmbench_qwen3_8b elapsed 2068
v4 source parity 8500 /13769 prmbench_qwen3_8b elapsed 2101
v4 source parity 8750 /13769 prmbench_qwen3_8b elapsed 2134
v4 source parity 9000 /13769 prmbench_qwen3_8b elapsed 2170
v4 source parity 9250 /13769 prmbench_qwen3_8b elapsed 2201
v4 source parity 9500 /13769 prmbench_qwen3_8b elapsed 2232
v4 source parity 9750 /13769 prmbench_qwen3_8b elapsed 2265
v4 source parity 10000 /13769 prmbench_qwen3_8b elapsed 2296
v4 source parity 10250 /13769 prmbench_qwen3_8b elapsed 2326
v4 source parity 10500 /13769 prmbench_qwen3_8b elapsed 2358
v4 source parity 10750 /13769 prmbench_qwen3_8b elapsed 2388
v4 source parity 11000 /13769 prmbench_qwen3_8b elapsed 2419
v4 source parity 11250 /13769 prmbench_qwen3_8b elapsed 2449
v4 source parity 11500 /13769 prmbench_qwen3_8b elapsed 2481
v4 source parity 11750 /13769 prmbench_qwen3_8b elapsed 2509
v4 source parity 12000 /13769 prmbench_qwen3_8b elapsed 2540
v4 source parity 12250 /13769 prmbench_qwen3_8b elapsed 2590
v4 source parity 12500 /13769 prmbench_qwen3_8b elapsed 2623
v4 source parity 12750 /13769 prmbench_qwen3_8b elapsed 2663
v4 source parity 13000 /13769 prmbench_qwen3_8b elapsed 2701
v4 source parity 13250 /13769 prmbench_qwen3_8b elapsed 2731
v4 source parity 13500 /13769 prmbench_qwen3_8b elapsed 2765
v4 source parity 13750 /13769 prmbench_qwen3_8b elapsed 2796
CELL DONE prmbench_qwen3_8b 6969 8.881784197001252e-16 4.3298697960381105e-15 0.0 failures so far 0
PASS 13769 /13769 raw 8.881784197001252e-16 z 2.4646951146678475e-14 digits 0.0 active mismatches 0
