channels ready (3s); checks {'input_hashes_equal_stage_A': True, 'joined_uid_order_equals_oof': True, 'joined_step_counts_equal_oof': True, 'ct7_profile_mean_vs_oof_ct7': 1.3322676295501878e-15, 'marks_exact_count': True}
fold 0: fit [2, 3, 4] cal 1; dropped ['energy_innovation', 'top50_js']; truly anti ['energy_innovation', 'top50_js']; DS13 {'converged': True, 'selected_start': 4, 'boundary_emissions': 0, 'orientation': 1.0, 'prevalence': 0.2751578564286085}
   G: groups [['chosen_surprisal', 'realized_z', 'realized_drv'], ['dominant_freq16'], ['true_tail50', 'energy_level'], ['q15_H1', 'logprob_margin', 'top15_turnover'], ['q15_VE1'], ['bocpd_p0']]; w_est [2.378, 0.487, 3.43, 3.805, 4.235, 1.134]; w_oracle [1.588, 0.373, 1.315, 1.199, 1.324, 0.777]; prev est/true 0.259/0.141; bar False
   G1: groups [['chosen_surprisal', 'realized_z', 'realized_drv'], ['top15_turnover', 'dominant_freq16', 'bocpd_p0'], ['q15_H1', 'q15_VE1', 'logprob_margin'], ['true_tail50', 'energy_level']]; w_est [2.344, 1.579, 4.885, 3.614]; w_oracle [1.588, 0.886, 1.328, 1.315]; prev est/true 0.245/0.141; bar False (22s)
fold 1: fit [0, 3, 4] cal 2; dropped ['energy_innovation', 'top50_js']; truly anti ['energy_innovation', 'top50_js']; DS13 {'converged': True, 'selected_start': 4, 'boundary_emissions': 0, 'orientation': 1.0, 'prevalence': 0.2743192276267898}
   G: groups [['q15_H1', 'q15_VE1', 'logprob_margin'], ['chosen_surprisal', 'realized_z', 'realized_drv'], ['top15_turnover', 'dominant_freq16', 'bocpd_p0'], ['true_tail50', 'energy_level']]; w_est [4.867, 2.273, 1.584, 3.689]; w_oracle [1.352, 1.575, 0.886, 1.322]; prev est/true 0.244/0.14; bar False
   G1: groups [['chosen_surprisal', 'realized_z', 'realized_drv'], ['top15_turnover', 'dominant_freq16', 'bocpd_p0'], ['q15_H1', 'q15_VE1', 'logprob_margin'], ['true_tail50', 'energy_level']]; w_est [2.273, 1.584, 4.867, 3.689]; w_oracle [1.575, 0.886, 1.352, 1.322]; prev est/true 0.244/0.14; bar False (20s)
fold 2: fit [0, 1, 4] cal 3; dropped ['energy_innovation', 'top50_js']; truly anti ['energy_innovation', 'top50_js']; DS13 {'converged': True, 'selected_start': 3, 'boundary_emissions': 0, 'orientation': 1.0, 'prevalence': 0.27625655915987124}
   G: groups [['chosen_surprisal', 'realized_z', 'realized_drv'], ['dominant_freq16'], ['true_tail50', 'energy_level'], ['q15_VE1'], ['q15_H1', 'logprob_margin', 'top15_turnover'], ['bocpd_p0']]; w_est [2.344, 0.492, 3.496, 4.198, 3.812, 1.118]; w_oracle [1.568, 0.359, 1.307, 1.314, 1.193, 0.766]; prev est/true 0.26/0.137; bar False
   G1: groups [['chosen_surprisal', 'realized_z', 'realized_drv'], ['top15_turnover', 'dominant_freq16', 'bocpd_p0'], ['q15_H1', 'q15_VE1', 'logprob_margin'], ['true_tail50', 'energy_level']]; w_est [2.323, 1.533, 4.971, 3.651]; w_oracle [1.568, 0.879, 1.343, 1.307]; prev est/true 0.241/0.137; bar False (21s)
fold 3: fit [0, 1, 2] cal 4; dropped ['energy_innovation', 'top50_js']; truly anti ['energy_innovation', 'top50_js']; DS13 {'converged': True, 'selected_start': 2, 'boundary_emissions': 0, 'orientation': 1.0, 'prevalence': 0.2798522135342165}
   G: groups [['chosen_surprisal', 'realized_z', 'realized_drv'], ['dominant_freq16', 'bocpd_p0'], ['q15_H1', 'q15_VE1', 'logprob_margin', 'top15_turnover'], ['true_tail50', 'energy_level']]; w_est [2.52, 1.423, 4.411, 3.439]; w_oracle [1.553, 0.823, 1.262, 1.292]; prev est/true 0.247/0.139; bar False
   G1: groups [['chosen_surprisal', 'realized_z', 'realized_drv'], ['top15_turnover', 'dominant_freq16', 'bocpd_p0'], ['q15_H1', 'q15_VE1', 'logprob_margin'], ['true_tail50', 'energy_level']]; w_est [2.381, 1.575, 5.014, 3.618]; w_oracle [1.553, 0.86, 1.314, 1.292]; prev est/true 0.244/0.139; bar False (21s)
fold 4: fit [1, 2, 3] cal 0; dropped ['energy_innovation', 'top50_js']; truly anti ['energy_innovation', 'top50_js']; DS13 {'converged': True, 'selected_start': 4, 'boundary_emissions': 0, 'orientation': 1.0, 'prevalence': 0.2801495244097344}
   G: groups [['chosen_surprisal', 'realized_z', 'realized_drv'], ['dominant_freq16', 'bocpd_p0'], ['q15_H1', 'q15_VE1', 'logprob_margin', 'top15_turnover'], ['true_tail50', 'energy_level']]; w_est [2.494, 1.403, 4.309, 3.422]; w_oracle [1.599, 0.859, 1.281, 1.292]; prev est/true 0.249/0.141; bar False
   G1: groups [['chosen_surprisal', 'realized_z', 'realized_drv'], ['top15_turnover', 'dominant_freq16', 'bocpd_p0'], ['q15_H1', 'q15_VE1', 'logprob_margin'], ['true_tail50', 'energy_level']]; w_est [2.362, 1.582, 4.881, 3.572]; w_oracle [1.599, 0.882, 1.312, 1.292]; prev est/true 0.246/0.141; bar False (20s)
checks: {'input_hashes_equal_stage_A': True, 'joined_uid_order_equals_oof': True, 'joined_step_counts_equal_oof': True, 'ct7_profile_mean_vs_oof_ct7': 1.3322676295501878e-15, 'marks_exact_count': True, 'replay_max_abs_diff': 1.1102230246251565e-16, 'replays_pass': True}
stage B summary: {"main": {"survivor_sets_identical": true, "channel_prev_error": [0.13368760131831242, 0.13447939659625208, 0.13915657128801373, 0.14126798382803904, 0.13912779973272948], "common_survivors": ["bocpd_p0", "chosen_surprisal", "dominant_freq16", "energy_level", "logprob_margin", "q15_H1", "q15_VE1", "realized_drv", "realized_z", "top15_turnover", "true_tail50"], "G": {"partitions_identical_on_common": false, "min_pairwise_ari_on_common": 0.5157232704402516, "n_groups": [6, 4, 6, 4, 4], "bar_passes": [false, false, false, false, false], "prev_error": [0.11739414947108867, 0.10457534884226632, 0.12308650892604478, 0.10825008856394006, 0.10844498042910244], "ds_converged": [true, true, true, true, true]}, "G1": {"partitions_identical_on_common": true, "min_pairwise_ari_on_common": 1.0, "n_groups": [4, 4, 4, 4, 4], "bar_passes": [false, false, false, false, false], "prev_error": [0.10310458827758279, 0.10457156863259118, 0.104259765960274, 0.10499756708088348, 0.10477326509216878], "ds_converged": [true, true, true, true, true]}}, "pos": {"survivor_sets_identical": true, "channel_prev_error": [0.1621654712789633, 0.17075304480650305, 0.1712924891113401, 0.16585732999271377, 0.16327987748206002], "common_survivors": ["bocpd_p0", "chosen_surprisal", "dominant_freq16", "energy_level", "logprob_margin", "q15_H1", "q15_VE1", "realized_drv", "realized_z", "top15_turnover", "top50_js", "true_tail50"], "G": {"partitions_identical_on_common": false, "min_pairwise_ari_on_common": 0.7163323782234957, "n_groups": [5, 5, 4, 4, 5], "bar_passes": [false, false, false, false, false], "prev_error": [0.1045799986556411, 0.10697579700433674, 0.10131297357206098, 0.09316422880886568, 0.10629030053446129], "ds_converged": [true, true, true, true, true]}, "G1": {"partitions_identical_on_common": true, "min_pairwise_ari_on_common": 1.0, "n_groups": [5, 5, 5, 5, 5], "bar_passes": [false, false, false, false, false], "prev_error": [0.10314536261565585, 0.10275265211569273, 0.10404988134881016, 0.10487556171520335, 0.10118212114540609], "ds_converged": [true, true, true, true, true]}}, "tie2": {"survivor_sets_identical": true, "channel_prev_error": [0.13292643671721682, 0.13315660589713368, 0.13797584478156083, 0.14069820589168866, 0.13863226057021183], "common_survivors": ["bocpd_p0", "chosen_surprisal", "dominant_freq16", "energy_level", "logprob_margin", "q15_H1", "q15_VE1", "realized_drv", "realized_z", "top15_turnover", "true_tail50"], "G": {"partitions_identical_on_common": false, 
metric           any_error_hit  prmscore     sla  within_auc
method                                                      
B11_equal               0.5500    0.6333  0.3495      0.7496
B11_lsml                0.5394    0.6412  0.3480      0.7645
B13_block_equal         0.6300    0.6577  0.3739      0.7805
B13_equal               0.6131    0.6527  0.3698      0.7749
B13_equal_pos           0.5902    0.6423  0.3407      0.7579
B13_lsml                0.5675    0.6504  0.3579      0.7765
C_sml                   0.5669    0.6504  0.3628      0.7735
C_sml_pos               0.5864    0.6462  0.3577      0.7597
C_sml_tie2              0.5669    0.6503  0.3628      0.7735
C_sml_tie3              0.5665    0.6503  0.3626      0.7736
G1_equal                0.5894    0.6552  0.3708      0.7797
G1_equal_pos            0.5801    0.6372  0.3459      0.7532
G1_equal_tie2           0.5894    0.6552  0.3708      0.7797
G1_equal_tie3           0.5894    0.6552  0.3708      0.7797
G1_oracle               0.5927    0.6586  0.3750      0.7824
G1_oracle_pos           0.5980    0.6477  0.3626      0.7636
G1_oracle_tie2          0.5927    0.6586  0.3750      0.7824
G1_oracle_tie3          0.5927    0.6586  0.3750      0.7824
G1_sml                  0.5559    0.6492  0.3639      0.7729
G1_sml_pos              0.5539    0.6366  0.3520      0.7505
G1_sml_tie2             0.5559    0.6492  0.3639      0.7729
G1_sml_tie3             0.5559    0.6492  0.3639      0.7729
G_equal                 0.5911    0.6532  0.3672      0.7787
G_equal_pos             0.5785    0.6347  0.3340      0.7516
G_equal_tie2            0.5920    0.6511  0.3704      0.7762
G_equal_tie3            0.5907    0.6543  0.3644      0.7795
G_oracle                0.5929    0.6572  0.3712      0.7819
G_oracle_pos            0.6129    0.6496  0.3602      0.7652
G_oracle_tie2           0.5940    0.6564  0.3732      0.7811
G_oracle_tie3           0.5912    0.6576  0.3711      0.7826
G_sml                   0.5652    0.6496  0.3626      0.7729
G_sml_pos               0.5804    0.6413  0.3548      0.7563
G_sml_tie2              0.5682    0.6485  0.3592      0.7719
G_sml_tie3              0.5645    0.6502  0.3629      0.7739
S_equal                 0.6043    0.6565  0.3750      0.7802
S_equal_pos             0.5975    0.6452  0.3466      0.7622
S_equal_tie2            0.6043    0.6565  0.3750      0.7802
S_equal_tie3            0.6043    0.6565  0.3750      0.7802
S_lsml                  0.5604    0.6491  0.3594      0.7751
S_lsml_pos              0.5551    0.6388  0.3551      0.7522
S_lsml_tie2             0.5604    0.6491  0.3594      0.7751
S_lsml_tie3             0.5604    0.6491  0.3594      0.7751
ct7                     0.6114    0.6458  0.3989      0.7724
fam421                  0.6409    0.6573  0.3980      0.7801
step_index              0.1891    0.5275  0.0484      0.6617
          family         contrast_id        endpoint      folds   delta  ci_adj_lo  ci_adj_hi
0        primary   G_sml - B13_equal  prm_within_auc  0,1,2,3,4 -0.0020    -0.0059     0.0019
1        primary   G_sml - B13_equal        prmscore  0,1,2,3,4 -0.0032    -0.0072     0.0008
2        primary     G_sml - G_equal  prm_within_auc  0,1,2,3,4 -0.0058    -0.0088    -0.0029
3        primary     G_sml - G_equal        prmscore  0,1,2,3,4 -0.0037    -0.0069    -0.0005
4        primary       G_sml - C_sml  prm_within_auc  0,1,2,3,4 -0.0006    -0.0025     0.0013
5        primary       G_sml - C_sml        prmscore  0,1,2,3,4 -0.0009    -0.0030     0.0013
6        primary   S_lsml - B13_lsml  prm_within_auc  0,1,2,3,4 -0.0013    -0.0031     0.0004
7        primary   S_lsml - B13_lsml        prmscore  0,1,2,3,4 -0.0014    -0.0033     0.0005
8        primary    S_lsml - S_equal  prm_within_auc  0,1,2,3,4 -0.0050    -0.0076    -0.0024
9        primary    S_lsml - S_equal        prmscore  0,1,2,3,4 -0.0075    -0.0106    -0.0043
10  amendment_B1  G1_sml - B13_equal  prm_within_auc  0,1,2,3,4 -0.0020    -0.0060     0.0021
11  amendment_B1  G1_sml - B13_equal        prmscore  0,1,2,3,4 -0.0035    -0.0076     0.0005
12  amendment_B1   G1_sml - G1_equal  prm_within_auc  0,1,2,3,4 -0.0068    -0.0094    -0.0043
13  amendment_B1   G1_sml - G1_equal        prmscore  0,1,2,3,4 -0.0060    -0.0088    -0.0032
14  amendment_B1      G1_sml - G_sml  prm_within_auc  0,1,2,3,4  0.0001    -0.0015     0.0015
15  amendment_B1      G1_sml - G_sml        prmscore  0,1,2,3,4 -0.0003    -0.0022     0.0015
{
 "channels_s": 2.898943300002429,
 "fit_s": 110.96224529999745,
 "eval_s": 43.983881400003156,
 "bootstrap_s": 107.93767809999554,
 "total_s": 265.6076815999986
}
status COMPLETE failures 0
