[    85s] inputs and marks built
[    92s] diagnosis F15 fold 0: K raw/std/cont (unit) = 2/4/5
[    98s] diagnosis F15 fold 1: K raw/std/cont (unit) = 2/4/5
[   104s] diagnosis F15 fold 2: K raw/std/cont (unit) = 2/4/5
[   109s] diagnosis F15 fold 3: K raw/std/cont (unit) = 2/4/5
[   115s] diagnosis F15 fold 4: K raw/std/cont (unit) = 2/4/5
[   119s] diagnosis K28 fold 0: K raw/std/cont (unit) = 2/8/8
[   123s] diagnosis K28 fold 1: K raw/std/cont (unit) = 2/8/8
[   128s] diagnosis K28 fold 2: K raw/std/cont (unit) = 2/8/8
[   132s] diagnosis K28 fold 3: K raw/std/cont (unit) = 2/8/8
[   137s] diagnosis K28 fold 4: K raw/std/cont (unit) = 2/8/8
[   143s] diagnosis A48o fold 0: K raw/std/cont (unit) = 3/7/7
[   149s] diagnosis A48o fold 1: K raw/std/cont (unit) = 5/8/7
[   155s] diagnosis A48o fold 2: K raw/std/cont (unit) = 5/6/8
[   160s] diagnosis A48o fold 3: K raw/std/cont (unit) = 3/6/7
[   166s] diagnosis A48o fold 4: K raw/std/cont (unit) = 5/8/7
[   169s] diagnosis B11 fold 0: K raw/std/cont (unit) = 2/4/6
[   172s] diagnosis B11 fold 1: K raw/std/cont (unit) = 2/4/6
[   175s] diagnosis B11 fold 2: K raw/std/cont (unit) = 2/4/6
[   179s] diagnosis B11 fold 3: K raw/std/cont (unit) = 2/4/6
[   182s] diagnosis B11 fold 4: K raw/std/cont (unit) = 2/4/6
[   183s] stage 0 done; V1 K match True ARI {'raw': 1.0, 'std': 1.0, 'cont': 1.0}
[   208s] fold 0: curve + Qnest done (chosen Q15v)
[   317s] fold 0: PFfree done {'level_': 0.2, 'margin': 0.4, 'energy': 0.05, 'tail': 0.3, 'change': 0.5, 'token_': 0.5, 'entrop': 0.1, 'frac_a': 0.4, 'tail_r': 0.05, 'slow_d': 0.2, 'top_tu': 0.1} misfit 0.0558->0.0332
[   407s] fold 0: PFlab done {'level_': 0.05, 'margin': 0.1, 'energy': 0.5, 'tail': 0.1, 'change': 0.1, 'token_': 0.2, 'entrop': 0.2, 'frac_a': 0.2, 'tail_r': 0.2, 'slow_d': 0.2, 'top_tu': 0.5} fit PRMScore 0.6454->0.6497; fold 224s
[   426s] fold 1: curve + Qnest done (chosen Q50r)
[   541s] fold 1: PFfree done {'level_': 0.2, 'margin': 0.3, 'energy': 0.05, 'tail': 0.2, 'change': 0.5, 'token_': 0.5, 'entrop': 0.2, 'frac_a': 0.3, 'tail_r': 0.05, 'slow_d': 0.4, 'top_tu': 0.15} misfit 0.0580->0.0337
[   635s] fold 1: PFlab done {'level_': 0.05, 'margin': 0.2, 'energy': 0.4, 'tail': 0.2, 'change': 0.1, 'token_': 0.4, 'entrop': 0.3, 'frac_a': 0.2, 'tail_r': 0.15, 'slow_d': 0.2, 'top_tu': 0.5} fit PRMScore 0.6431->0.6469; fold 228s
[   654s] fold 2: curve + Qnest done (chosen Q50r)
[   769s] fold 2: PFfree done {'level_': 0.2, 'margin': 0.2, 'energy': 0.05, 'tail': 0.2, 'change': 0.4, 'token_': 0.4, 'entrop': 0.2, 'frac_a': 0.05, 'tail_r': 0.05, 'slow_d': 0.2, 'top_tu': 0.15} misfit 0.0586->0.0350
[   871s] fold 2: PFlab done {'level_': 0.1, 'margin': 0.05, 'energy': 0.2, 'tail': 0.4, 'change': 0.1, 'token_': 0.3, 'entrop': 0.3, 'frac_a': 0.05, 'tail_r': 0.2, 'slow_d': 0.2, 'top_tu': 0.2} fit PRMScore 0.6399->0.6431; fold 235s
[   899s] fold 3: curve + Qnest done (chosen Q05v)
[  1024s] fold 3: PFfree done {'level_': 0.2, 'margin': 0.4, 'energy': 0.05, 'tail': 0.3, 'change': 0.4, 'token_': 0.5, 'entrop': 0.2, 'frac_a': 0.15, 'tail_r': 0.05, 'slow_d': 0.2, 'top_tu': 0.05} misfit 0.0570->0.0354
[  1120s] fold 3: PFlab done {'level_': 0.1, 'margin': 0.05, 'energy': 0.4, 'tail': 0.3, 'change': 0.2, 'token_': 0.3, 'entrop': 0.5, 'frac_a': 0.1, 'tail_r': 0.1, 'slow_d': 0.05, 'top_tu': 0.4} fit PRMScore 0.6358->0.6396; fold 249s
[  1145s] fold 4: curve + Qnest done (chosen Q05v)
[  1252s] fold 4: PFfree done {'level_': 0.3, 'margin': 0.15, 'energy': 0.05, 'tail': 0.2, 'change': 0.5, 'token_': 0.4, 'entrop': 0.15, 'frac_a': 0.15, 'tail_r': 0.05, 'slow_d': 0.3, 'top_tu': 0.1} misfit 0.0577->0.0357
[  1336s] fold 4: PFlab done {'level_': 0.05, 'margin': 0.2, 'energy': 0.5, 'tail': 0.3, 'change': 0.05, 'token_': 0.2, 'entrop': 0.5, 'frac_a': 0.15, 'tail_r': 0.2, 'slow_d': 0.2, 'top_tu': 0.5} fit PRMScore 0.6425->0.6461; fold 216s
[  1337s] V1 replay {'T20raw': 0.0, 'F15_equal': 0.0, 'F15_cov_lsml': 0.0, 'B11_lsml': 0.0, 'ct7': 0.0, 'status': 'PASS'}
[  1342s] bundle PASS methods 25 search failures 0
              method  prmscore_P1  prmscore_P1b  prmscore_P2  within_auc  pb_sla_macro8
                 ct7       0.6462        0.6458       0.6502      0.7724         0.3989
              T20raw       0.6452        0.6452       0.6482      0.7685         0.3718
               Qnest       0.6437        0.6426       0.6460      0.7640         0.3633
               PFlab       0.6434        0.6425       0.6447      0.7648         0.3622
           F15_equal       0.6433        0.6422       0.6458      0.7659         0.3651
                Q05v       0.6425        0.6417       0.6433      0.7645         0.3601
                Q20v       0.6422        0.6410       0.6416      0.7623         0.3649
                Q15v       0.6422        0.6407       0.6415      0.7627         0.3662
                Q15r       0.6419        0.6405       0.6406      0.7618         0.3642
                Q30v       0.6418        0.6411       0.6419      0.7619         0.3634
                Q50r       0.6417        0.6405       0.6432      0.7626         0.3575
            B11_lsml       0.6417        0.6412       0.6416      0.7645         0.3480
       T20s_complete       0.6417        0.6406       0.6420      0.7617         0.3638
                T20s       0.6417        0.6406       0.6420      0.7617         0.3638
                Q40v       0.6416        0.6405       0.6423      0.7623         0.3601
                Q30r       0.6409        0.6402       0.6418      0.7614         0.3611
                Q40r       0.6409        0.6396       0.6406      0.7621         0.3602
                Q50v       0.6406        0.6398       0.6416      0.7623         0.3616
                Q10r       0.6392        0.6375       0.6386      0.7620         0.3578
        F15_cov_lsml       0.6391        0.6385       0.6421      0.7615         0.3650
                Q05r       0.6390        0.6373       0.6390      0.7630         0.3560
              PFfree       0.6382        0.6377       0.6400      0.7567         0.3712
                Q10v       0.6377        0.6366       0.6391      0.7625         0.3554
          T20s_votes       0.6324        0.6314       0.6331      0.7395         0.3623
T20s_partition_equal       0.6305        0.6304       0.6328      0.7508         0.3718
     family             a                    b   delta  ci95_lo  ci95_hi  p_boot  p_holm_primary  folds_a_gt_b
    primary          T20s               T20raw -0.0035  -0.0064  -0.0005  0.0192          0.0960           1.0
    primary          T20s            F15_equal -0.0016  -0.0031  -0.0002  0.0285          0.1140           1.0
    primary          T20s         F15_cov_lsml  0.0026   0.0011   0.0041  0.0007          0.0049           5.0
    primary         Qnest                 T20s  0.0020  -0.0000   0.0041  0.0525          0.1434           3.0
    primary        PFfree                 T20s -0.0035  -0.0059  -0.0012  0.0031          0.0186           1.0
    primary         PFlab                 T20s  0.0017   0.0000   0.0035  0.0478          0.1434           5.0
    primary         PFlab            F15_equal  0.0001  -0.0016   0.0019  0.8662          0.8662           2.0
descriptive          T20s             B11_lsml -0.0000  -0.0030   0.0029  0.9808             NaN           3.0
descriptive          T20s                  ct7 -0.0045  -0.0081  -0.0009  0.0145             NaN           1.0
descriptive T20s_complete                 T20s  0.0000   0.0000   0.0000  1.0000             NaN           0.0
descriptive          T20s           T20s_votes  0.0093   0.0065   0.0121  0.0000             NaN           5.0
descriptive          T20s T20s_partition_equal  0.0112   0.0074   0.0149  0.0000             NaN           5.0
descriptive        T20raw            F15_equal  0.0019  -0.0007   0.0044  0.1558             NaN           4.0
descriptive          Q05v                 Q05r  0.0034   0.0011   0.0058  0.0043             NaN           2.0
descriptive          Q10v                 Q10r -0.0015  -0.0031   0.0002  0.0798             NaN           2.0
descriptive          Q15v                 Q15r  0.0003  -0.0003   0.0009  0.3586             NaN           4.0
descriptive          Q20v                 T20s  0.0005   0.0000   0.0010  0.0470             NaN           4.0
descriptive          Q30v                 Q30r  0.0009   0.0002   0.0016  0.0161             NaN           4.0
descriptive          Q40v                 Q40r  0.0007   0.0000   0.0015  0.0473             NaN           4.0
descriptive          Q50v                 Q50r -0.0012  -0.0031   0.0007  0.2128             NaN           2.0
descriptive         Qnest            F15_equal  0.0004  -0.0016   0.0024  0.6997             NaN           3.0
descriptive        PFfree            F15_equal -0.0051  -0.0076  -0.0027  0.0000             NaN           0.0
descriptive         PFlab               PFfree  0.0053   0.0027   0.0079  0.0001             NaN           5.0
descriptive         PFlab             B11_lsml  0.0017  -0.0012   0.0047  0.2508             NaN           4.0
descriptive        PFfree             B11_lsml -0.0035  -0.0070  -0.0001  0.0445             NaN           2.0
descriptive         PFlab                  ct7 -0.0027  -0.0066   0.0011  0.1628             NaN           1.0
[  1395s] done
EXIT 0
