banks ready: {'B13': 13, 'B16': 16, 'B20': 20, 'B32': 32, 'B51': 51} (58s); checks {'input_hashes_equal_stage_A': True, 'joined_uid_order_equals_oof': True, 'joined_step_counts_equal_oof': True, 'ct7_profile_mean_vs_oof_ct7': 1.3322676295501878e-15, 'pool_hashes_equal_step439': True, 'pool_dead_channels': ['hist_trace_length_series']}
fold 0: fit [2, 3, 4] cal 1
   B13: 13 ch; DS drop ['energy_innovation', 'top50_js']; band flip ['energy_innovation'] drop ['top50_js', 'dominant_freq16']; cont K 5->4; bin K 4->3; level groups cont 2->1, bin 2->1
   B16: 16 ch; DS drop ['energy_innovation', 'top50_js']; band flip [] drop ['energy_innovation', 'top50_js', 'dominant_freq16']; cont K 6->5; bin K 5->4; level groups cont 2->1, bin 2->1
   B20: 20 ch; DS drop ['energy_innovation', 'top50_js']; band flip ['energy_innovation'] drop ['top50_js', 'dominant_freq16']; cont K 5->5; bin K 7->6; level groups cont 1->1, bin 2->1
   B32: 32 ch; DS drop ['energy_innovation', 'top50_js', 'lf__ct7_chosen_std_excess', 'lf__hist_entropy_rolling_spectral_entropy', 'lf__hist_spilled_rolling_min']; band flip ['energy_innovation', 'lf__ct7_chosen_std_excess', 'lf__hist_spilled_rolling_min'] drop ['top50_js', 'dominant_freq16', 'lf__hist_entropy_rolling_spectral_entropy', 'lf__hist_entropy_rolling_high_band_power', 'lf__hist_entropy_rolling_hl_ratio', 'lf__hist_entropy_rolling_dominant_freq', 'lf__hist_entropy_rolling_spectral_centroid', 'lf__hist_entropy_stft_high_series', 'lf__hist_entropy_stft_frame_entropy', 'lf__hist_entropy_pe_series', 'lf__hist_entropy_cusum_abs_series', 'lf__hist_spilled_cusum_abs_series', 'lf__hist_energy_sw_var_series', 'lf__hist_energy_cusum_abs_series', 'lf__hist_top1_logprob_series']; cont K 8->8; bin K 6->6; level groups cont 1->1, bin 1->1
   B51: 51 ch; DS drop ['energy_innovation', 'top50_js', 'hist_entropy_rolling_spectral_entropy', 'hist_energy_series', 'hist_energy_rolling_min', 'hist_energy_sw_var_series', 'hist_top1_logprob_series', 'hist_logprob_margin_series']; band flip ['energy_innovation', 'hist_energy_series', 'hist_energy_rolling_min', 'hist_top1_logprob_series', 'hist_logprob_margin_series'] drop ['top50_js', 'dominant_freq16', 'hist_entropy_rolling_spectral_entropy', 'hist_entropy_rolling_high_band_power', 'hist_entropy_rolling_hl_ratio', 'hist_entropy_rolling_dominant_freq', 'hist_entropy_rolling_spectral_centroid', 'hist_entropy_stft_high_series', 'hist_entropy_stft_frame_entropy', 'hist_entropy_pe_series', 'hist_entropy_cusum_abs_series', 'hist_spilled_cusum_abs_series', 'hist_energy_sw_var_series', 'hist_energy_cusum_abs_series']; cont K 7->7; bin K 8->7; level groups cont 1->1, bin 2->1 (71s)
fold 1: fit [0, 3, 4] cal 2
   B13: 13 ch; DS drop ['energy_innovation', 'top50_js']; band flip ['energy_innovation'] drop ['top50_js', 'dominant_freq16']; cont K 5->4; bin K 4->3; level groups cont 2->1, bin 2->1
   B16: 16 ch; DS drop ['energy_innovation', 'top50_js']; band flip [] drop ['energy_innovation', 'top50_js', 'dominant_freq16']; cont K 4->4; bin K 5->4; level groups cont 1->1, bin 2->1
   B20: 20 ch; DS drop ['energy_innovation', 'top50_js']; band flip ['energy_innovation'] drop ['top50_js', 'dominant_freq16']; cont K 5->5; bin K 4->4; level groups cont 1->1, bin 1->1
   B32: 32 ch; DS drop ['energy_innovation', 'top50_js', 'lf__ct7_chosen_std_excess', 'lf__hist_entropy_rolling_spectral_entropy', 'lf__hist_spilled_rolling_min']; band flip ['lf__ct7_chosen_std_excess', 'lf__hist_spilled_rolling_min'] drop ['energy_innovation', 'top50_js', 'dominant_freq16', 'lf__hist_entropy_rolling_spectral_entropy', 'lf__hist_entropy_rolling_high_band_power', 'lf__hist_entropy_rolling_hl_ratio', 'lf__hist_entropy_rolling_dominant_freq', 'lf__hist_entropy_rolling_spectral_centroid', 'lf__hist_entropy_stft_high_series', 'lf__hist_entropy_stft_frame_entropy', 'lf__hist_entropy_pe_series', 'lf__hist_entropy_cusum_abs_series', 'lf__hist_spilled_cusum_abs_series', 'lf__hist_energy_sw_var_series', 'lf__hist_energy_cusum_abs_series', 'lf__hist_top1_logprob_series']; cont K 8->8; bin K 6->6; level groups cont 1->1, bin 1->1
   B51: 51 ch; DS drop ['energy_innovation', 'top50_js', 'hist_entropy_rolling_spectral_entropy', 'hist_energy_series', 'hist_energy_rolling_min', 'hist_energy_sw_var_series', 'hist_top1_logprob_series', 'hist_logprob_margin_series']; band flip ['energy_innovation', 'hist_energy_series', 'hist_energy_rolling_min', 'hist_top1_logprob_series', 'hist_logprob_margin_series'] drop ['top50_js', 'dominant_freq16', 'hist_entropy_rolling_spectral_entropy', 'hist_entropy_rolling_high_band_power', 'hist_entropy_rolling_hl_ratio', 'hist_entropy_rolling_dominant_freq', 'hist_entropy_rolling_spectral_centroid', 'hist_entropy_stft_high_series', 'hist_entropy_stft_frame_entropy', 'hist_entropy_pe_series', 'hist_entropy_cusum_abs_series', 'hist_spilled_cusum_abs_series', 'hist_energy_sw_var_series', 'hist_energy_cusum_abs_series']; cont K 7->7; bin K 8->7; level groups cont 1->1, bin 2->1 (69s)
fold 2: fit [0, 1, 4] cal 3
   B13: 13 ch; DS drop ['energy_innovation', 'top50_js']; band flip ['energy_innovation'] drop ['top50_js', 'dominant_freq16']; cont K 5->4; bin K 4->3; level groups cont 2->1, bin 2->1
   B16: 16 ch; DS drop ['energy_innovation', 'top50_js']; band flip [] drop ['energy_innovation', 'top50_js', 'dominant_freq16']; cont K 4->4; bin K 5->4; level groups cont 1->1, bin 2->1
   B20: 20 ch; DS drop ['energy_innovation', 'top50_js']; band flip ['energy_innovation'] drop ['top50_js', 'dominant_freq16']; cont K 6->6; bin K 7->6; level groups cont 1->1, bin 2->1
   B32: 32 ch; DS drop ['energy_innovation', 'top50_js', 'lf__ct7_chosen_std_excess', 'lf__hist_entropy_rolling_spectral_entropy', 'lf__hist_spilled_rolling_min']; band flip ['energy_innovation', 'lf__ct7_chosen_std_excess', 'lf__hist_spilled_rolling_min'] drop ['top50_js', 'dominant_freq16', 'lf__hist_entropy_rolling_spectral_entropy', 'lf__hist_entropy_rolling_high_band_power', 'lf__hist_entropy_rolling_hl_ratio', 'lf__hist_entropy_rolling_dominant_freq', 'lf__hist_entropy_rolling_spectral_centroid', 'lf__hist_entropy_stft_high_series', 'lf__hist_entropy_stft_frame_entropy', 'lf__hist_entropy_pe_series', 'lf__hist_entropy_cusum_abs_series', 'lf__hist_spilled_cusum_abs_series', 'lf__hist_energy_sw_var_series', 'lf__hist_energy_cusum_abs_series']; cont K 8->8; bin K 6->6; level groups cont 1->1, bin 1->1
   B51: 51 ch; DS drop ['energy_innovation', 'top50_js', 'hist_entropy_rolling_spectral_entropy', 'hist_energy_series', 'hist_energy_rolling_min', 'hist_energy_sw_var_series', 'hist_top1_logprob_series', 'hist_logprob_margin_series']; band flip ['energy_innovation', 'hist_energy_series', 'hist_energy_rolling_min', 'hist_top1_logprob_series', 'hist_logprob_margin_series'] drop ['top50_js', 'dominant_freq16', 'hist_entropy_rolling_spectral_entropy', 'hist_entropy_rolling_high_band_power', 'hist_entropy_rolling_hl_ratio', 'hist_entropy_rolling_dominant_freq', 'hist_entropy_rolling_spectral_centroid', 'hist_entropy_stft_high_series', 'hist_entropy_stft_frame_entropy', 'hist_entropy_pe_series', 'hist_entropy_cusum_abs_series', 'hist_spilled_cusum_abs_series', 'hist_energy_sw_var_series', 'hist_energy_cusum_abs_series']; cont K 8->8; bin K 8->7; level groups cont 1->1, bin 2->1 (71s)
fold 3: fit [0, 1, 2] cal 4
   B13: 13 ch; DS drop ['energy_innovation', 'top50_js']; band flip ['energy_innovation'] drop ['top50_js', 'dominant_freq16']; cont K 5->4; bin K 4->3; level groups cont 2->1, bin 2->1
   B16: 16 ch; DS drop ['energy_innovation', 'top50_js']; band flip [] drop ['energy_innovation', 'top50_js', 'dominant_freq16']; cont K 6->5; bin K 4->4; level groups cont 2->1, bin 1->1
   B20: 20 ch; DS drop ['energy_innovation', 'top50_js']; band flip ['energy_innovation'] drop ['top50_js', 'dominant_freq16']; cont K 6->6; bin K 7->6; level groups cont 1->1, bin 2->1
   B32: 32 ch; DS drop ['energy_innovation', 'top50_js', 'lf__ct7_chosen_std_excess', 'lf__hist_spilled_rolling_min']; band flip ['energy_innovation', 'lf__ct7_chosen_std_excess', 'lf__hist_spilled_rolling_min'] drop ['top50_js', 'dominant_freq16', 'lf__hist_entropy_rolling_spectral_entropy', 'lf__hist_entropy_rolling_high_band_power', 'lf__hist_entropy_rolling_hl_ratio', 'lf__hist_entropy_rolling_dominant_freq', 'lf__hist_entropy_rolling_spectral_centroid', 'lf__hist_entropy_stft_high_series', 'lf__hist_entropy_stft_frame_entropy', 'lf__hist_entropy_pe_series', 'lf__hist_entropy_cusum_abs_series', 'lf__hist_spilled_cusum_abs_series', 'lf__hist_energy_sw_var_series', 'lf__hist_energy_cusum_abs_series']; cont K 6->6; bin K 6->6; level groups cont 1->1, bin 1->1
   B51: 51 ch; DS drop ['energy_innovation', 'top50_js', 'hist_entropy_rolling_spectral_entropy', 'hist_energy_series', 'hist_energy_rolling_min', 'hist_energy_sw_var_series', 'hist_top1_logprob_series', 'hist_logprob_margin_series']; band flip ['energy_innovation', 'top50_js', 'hist_energy_series', 'hist_energy_rolling_min', 'hist_top1_logprob_series', 'hist_logprob_margin_series'] drop ['dominant_freq16', 'hist_entropy_rolling_spectral_entropy', 'hist_entropy_rolling_high_band_power', 'hist_entropy_rolling_hl_ratio', 'hist_entropy_rolling_dominant_freq', 'hist_entropy_rolling_spectral_centroid', 'hist_entropy_stft_high_series', 'hist_entropy_stft_frame_entropy', 'hist_entropy_pe_series', 'hist_entropy_cusum_abs_series', 'hist_spilled_cusum_abs_series', 'hist_energy_sw_var_series', 'hist_energy_cusum_abs_series']; cont K 7->7; bin K 8->7; level groups cont 1->1, bin 2->1 (71s)
fold 4: fit [1, 2, 3] cal 0
   B13: 13 ch; DS drop ['energy_innovation', 'top50_js']; band flip ['energy_innovation'] drop ['top50_js', 'dominant_freq16']; cont K 5->4; bin K 4->3; level groups cont 2->1, bin 2->1
   B16: 16 ch; DS drop ['energy_innovation', 'top50_js']; band flip [] drop ['energy_innovation', 'top50_js', 'dominant_freq16']; cont K 6->5; bin K 4->4; level groups cont 2->1, bin 1->1
   B20: 20 ch; DS drop ['energy_innovation', 'top50_js']; band flip ['energy_innovation'] drop ['top50_js', 'dominant_freq16']; cont K 7->6; bin K 7->6; level groups cont 2->1, bin 2->1
   B32: 32 ch; DS drop ['energy_innovation', 'top50_js', 'lf__ct7_chosen_std_excess', 'lf__hist_entropy_rolling_spectral_entropy', 'lf__hist_spilled_rolling_min']; band flip ['energy_innovation', 'lf__ct7_chosen_std_excess', 'lf__hist_spilled_rolling_min'] drop ['top50_js', 'dominant_freq16', 'lf__hist_entropy_rolling_spectral_entropy', 'lf__hist_entropy_rolling_high_band_power', 'lf__hist_entropy_rolling_hl_ratio', 'lf__hist_entropy_rolling_dominant_freq', 'lf__hist_entropy_rolling_spectral_centroid', 'lf__hist_entropy_stft_high_series', 'lf__hist_entropy_stft_frame_entropy', 'lf__hist_entropy_pe_series', 'lf__hist_entropy_cusum_abs_series', 'lf__hist_spilled_cusum_abs_series', 'lf__hist_energy_sw_var_series', 'lf__hist_energy_cusum_abs_series']; cont K 8->8; bin K 6->6; level groups cont 1->1, bin 1->1
   B51: 51 ch; DS drop ['energy_innovation', 'top50_js', 'hist_entropy_rolling_spectral_entropy', 'hist_energy_series', 'hist_energy_rolling_min', 'hist_energy_sw_var_series', 'hist_top1_logprob_series', 'hist_logprob_margin_series']; band flip ['energy_innovation', 'hist_energy_series', 'hist_energy_rolling_min', 'hist_top1_logprob_series', 'hist_logprob_margin_series'] drop ['top50_js', 'dominant_freq16', 'hist_entropy_rolling_spectral_entropy', 'hist_entropy_rolling_high_band_power', 'hist_entropy_rolling_hl_ratio', 'hist_entropy_rolling_dominant_freq', 'hist_entropy_rolling_spectral_centroid', 'hist_entropy_stft_high_series', 'hist_entropy_stft_frame_entropy', 'hist_entropy_pe_series', 'hist_entropy_cusum_abs_series', 'hist_spilled_cusum_abs_series', 'hist_energy_sw_var_series', 'hist_energy_cusum_abs_series']; cont K 7->7; bin K 8->7; level groups cont 1->1, bin 2->1 (72s)
checks: {'input_hashes_equal_stage_A': True, 'joined_uid_order_equals_oof': True, 'joined_step_counts_equal_oof': True, 'ct7_profile_mean_vs_oof_ct7': 1.3322676295501878e-15, 'pool_hashes_equal_step439': True, 'pool_dead_channels': ['hist_trace_length_series'], 'replay_er_generality_max': 0.0, 'unmerged_identity_max': 0.0, 'replay_stage_b2': {'fold0': {'auto_equals_manual_merge': True, 'DSF_lsml_B_vs_L_grp__base': 0.0, 'DSF_lsml_mB_vs_L_grp__merge': 0.0, 'DSF_GmB_vs_B_equal__merge': 8.881784197001252e-16}, 'fold1': {'auto_equals_manual_merge': True, 'DSF_lsml_B_vs_L_grp__base': 0.0, 'DSF_lsml_mB_vs_L_grp__merge': 0.0, 'DSF_GmB_vs_B_equal__merge': 4.440892098500626e-16}, 'fold2': {'auto_equals_manual_merge': True, 'DSF_lsml_B_vs_L_grp__base': 0.0, 'DSF_lsml_mB_vs_L_grp__merge': 0.0, 'DSF_GmB_vs_B_equal__merge': 8.881784197001252e-16}, 'fold3': {'auto_equals_manual_merge': True, 'DSF_lsml_B_vs_L_grp__base': 0.0, 'DSF_lsml_mB_vs_L_grp__merge': 0.0, 'DSF_GmB_vs_B_equal__merge': 8.881784197001252e-16}, 'fold4': {'auto_equals_manual_merge': True, 'DSF_lsml_B_vs_L_grp__base': 0.0, 'DSF_lsml_mB_vs_L_grp__merge': 0.0, 'DSF_GmB_vs_B_equal__merge': 8.881784197001252e-16}}, 'replays_pass': True}
metric                within_auc  prmscore     sla
method                                            
B13__ALL_equal            0.7749    0.6527  0.3698
B13__ALL_lsml             0.7765    0.6504  0.3579
B13__BD_equal             0.7782    0.6562  0.3754
B13__BF_equal             0.7782    0.6541  0.3741
B13__BF_equal_pos         0.7616    0.6473  0.3635
B13__BF_lsml              0.7747    0.6492  0.3563
B13__BF_lsml_mB           0.7728    0.6496  0.3664
B13__DSF_Gbin             0.7797    0.6552  0.3708
B13__DSF_GmB              0.7783    0.6547  0.3741
B13__DSF_GmC              0.7690    0.6457  0.3660
B13__DSF_equal            0.7802    0.6565  0.3750
B13__DSF_equal_pos        0.7622    0.6452  0.3466
B13__DSF_lsml             0.7751    0.6491  0.3594
B13__DSF_lsml_B           0.7754    0.6495  0.3557
B13__DSF_lsml_mB          0.7788    0.6548  0.3779
B13__DSF_lsml_mB_pos      0.7567    0.6403  0.3590
B13__DSF_lsml_mC          0.7731    0.6488  0.3691
B13__DSF_lsml_mC_pos      0.7512    0.6347  0.3404
B13__DSF_lsml_pos         0.7522    0.6388  0.3551
B16__ALL_equal            0.7866    0.6571  0.4137
B16__ALL_lsml             0.7851    0.6561  0.3835
B16__BD_equal             0.7911    0.6617  0.4116
B16__BF_equal             0.7911    0.6617  0.4116
B16__BF_equal_pos         0.7688    0.6515  0.4036
B16__BF_lsml              0.7779    0.6535  0.3801
B16__BF_lsml_mB           0.7789    0.6540  0.3907
B16__DSF_Gbin             0.7912    0.6614  0.4096
B16__DSF_GmB              0.7898    0.6603  0.4110
B16__DSF_GmC              0.7853    0.6565  0.4092
B16__DSF_equal            0.7918    0.6618  0.4126
B16__DSF_equal_pos        0.7684    0.6498  0.3917
B16__DSF_lsml             0.7838    0.6561  0.3845
B16__DSF_lsml_B           0.7841    0.6582  0.3853
B16__DSF_lsml_mB          0.7849    0.6594  0.3912
B16__DSF_lsml_mB_pos      0.7630    0.6463  0.3763
B16__DSF_lsml_mC          0.7823    0.6564  0.3918
B16__DSF_lsml_mC_pos      0.7638    0.6471  0.3774
B16__DSF_lsml_pos         0.7630    0.6463  0.3763
B20__ALL_equal            0.7532    0.6353  0.3612
B20__ALL_lsml             0.7599    0.6386  0.3696
B20__BD_equal             0.7524    0.6333  0.3617
B20__BF_equal             0.7522    0.6332  0.3494
B20__BF_equal_pos         0.7457    0.6329  0.3594
B20__BF_lsml              0.7602    0.6392  0.3649
B20__BF_lsml_mB           0.7452    0.6282  0.3280
B20__DSF_Gbin             0.7472    0.6329  0.3494
B20__DSF_GmB              0.7439    0.6307  0.3341
B20__DSF_GmC              0.7398    0.6285  0.3425
B20__DSF_equal            0.7540    0.6358  0.3629
B20__DSF_equal_pos        0.7466    0.6322  0.3498
B20__DSF_lsml             0.7556    0.6362  0.3677
B20__DSF_lsml_B           0.7484    0.6313  0.3477
B20__DSF_lsml_mB          0.7455    0.6301  0.3504
B20__DSF_lsml_mB_pos      0.7488    0.6353  0.3692
B20__DSF_lsml_mC          0.7553    0.6362  0.3680
B20__DSF_lsml_mC_pos      0.7505    0.6376  0.3673
B20__DSF_lsml_pos         0.7489    0.6359  0.3661
B32__ALL_equal            0.7440    0.6230  0.3515
B32__ALL_lsml             0.6722    0.5793  0.3067
B32__BD_equal             0.7563    0.6399  0.3379
B32__BF_equal             0.7406    0.6274  0.3188
B32__BF_equal_pos         0.7544    0.6388  0.3361
B32__BF_lsml              0.7431    0.6220  0.3325
B32__BF_lsml_mB           0.7475    0.6248  0.3462
B32__DSF_Gbin             0.7445    0.6305  0.3482
B32__DSF_GmB              0.7445    0.6305  0.3482
B32__DSF_GmC              0.7340    0.6202  0.3466
B32__DSF_equal            0.7475    0.6286  0.3475
B32__DSF_equal_pos        0.7349    0.6200  0.3113
B32__DSF_lsml             0.7185    0.6084  0.3278
B32__DSF_lsml_B           0.7236    0.6126  0.3383
B32__DSF_lsml_mB          0.7236    0.6126  0.3383
B32__DSF_lsml_mB_pos      0.7409    0.6258  0.3238
B32__DSF_lsml_mC          0.7185    0.6084  0.3278
B32__DSF_lsml_mC_pos      0.7277    0.6157  0.3147
B32__DSF_lsml_pos         0.7277    0.6157  0.3147
B51__ALL_equal            0.7425    0.6269  0.3442
B51__ALL_lsml             0.7216    0.6120  0.3220
B51__BD_equal             0.7494    0.6330  0.3450
B51__BF_equal             0.7464    0.6274  0.3332
B51__BF_equal_pos         0.7405    0.6298  0.3462
B51__BF_lsml              0.7489    0.6295  0.3494
B51__BF_lsml_mB           0.7499    0.6291  0.3419
B51__DSF_Gbin             0.7444    0.6296  0.3530
B51__DSF_GmB              0.7304    0.6212  0.3380
B51__DSF_GmC              0.7297    0.6217  0.3403
B51__DSF_equal            0.7553    0.6378  0.3505
B51__DSF_equal_pos        0.7464    0.6312  0.3505
B51__DSF_lsml             0.7499    0.6316  0.3381
B51__DSF_lsml_B           0.7515    0.6333  0.3470
B51__DSF_lsml_mB          0.7477    0.6322  0.3406
B51__DSF_lsml_mB_pos      0.7523    0.6389  0.3587
B51__DSF_lsml_mC          0.7499    0.6316  0.3381
B51__DSF_lsml_mC_pos      0.7553    0.6414  0.3623
B51__DSF_lsml_pos         0.7553    0.6414  0.3623
ct7                       0.7724    0.6458  0.3989
fam421                    0.7801    0.6573  0.3980
step_index                0.6617    0.5275  0.0484
                          contrast_id        endpoint   delta  ci_adj_lo  ci_adj_hi
0    B13__DSF_lsml_mC - B13__DSF_lsml  prm_within_auc -0.0021    -0.0046     0.0004
1    B13__DSF_lsml_mC - B13__DSF_lsml        prmscore -0.0003    -0.0033     0.0027
2    B13__DSF_lsml_mB - B13__DSF_lsml  prm_within_auc  0.0036    -0.0004     0.0077
3    B13__DSF_lsml_mB - B13__DSF_lsml        prmscore  0.0058     0.0009     0.0105
4   B13__DSF_lsml_mB - B13__DSF_equal  prm_within_auc -0.0014    -0.0042     0.0013
5   B13__DSF_lsml_mB - B13__DSF_equal        prmscore -0.0017    -0.0049     0.0015
6      B13__BF_equal - B13__DSF_equal  prm_within_auc -0.0019    -0.0052     0.0013
7      B13__BF_equal - B13__DSF_equal        prmscore -0.0025    -0.0058     0.0010
8    B16__DSF_lsml_mC - B16__DSF_lsml  prm_within_auc -0.0015    -0.0033     0.0003
9    B16__DSF_lsml_mC - B16__DSF_lsml        prmscore  0.0003    -0.0017     0.0023
10   B16__DSF_lsml_mB - B16__DSF_lsml  prm_within_auc  0.0011    -0.0010     0.0032
11   B16__DSF_lsml_mB - B16__DSF_lsml        prmscore  0.0033     0.0009     0.0058
12  B16__DSF_lsml_mB - B16__DSF_equal  prm_within_auc -0.0069    -0.0101    -0.0038
13  B16__DSF_lsml_mB - B16__DSF_equal        prmscore -0.0024    -0.0062     0.0013
14     B16__BF_equal - B16__DSF_equal  prm_within_auc -0.0008    -0.0026     0.0011
15     B16__BF_equal - B16__DSF_equal        prmscore -0.0002    -0.0022     0.0018
16   B20__DSF_lsml_mC - B20__DSF_lsml  prm_within_auc -0.0003    -0.0009     0.0004
17   B20__DSF_lsml_mC - B20__DSF_lsml        prmscore -0.0000    -0.0010     0.0010
18   B20__DSF_lsml_mB - B20__DSF_lsml  prm_within_auc -0.0101    -0.0132    -0.0071
19   B20__DSF_lsml_mB - B20__DSF_lsml        prmscore -0.0061    -0.0098    -0.0025
20  B20__DSF_lsml_mB - B20__DSF_equal  prm_within_auc -0.0085    -0.0111    -0.0059
21  B20__DSF_lsml_mB - B20__DSF_equal        prmscore -0.0057    -0.0088    -0.0027
22     B20__BF_equal - B20__DSF_equal  prm_within_auc -0.0018    -0.0043     0.0007
23     B20__BF_equal - B20__DSF_equal        prmscore -0.0026    -0.0054     0.0001
24   B32__DSF_lsml_mC - B32__DSF_lsml  prm_within_auc  0.0000     0.0000     0.0000
25   B32__DSF_lsml_mC - B32__DSF_lsml        prmscore  0.0000     0.0000     0.0000
26   B32__DSF_lsml_mB - B32__DSF_lsml  prm_within_auc  0.0050     0.0000     0.0102
27   B32__DSF_lsml_mB - B32__DSF_lsml        prmscore  0.0042    -0.0005     0.0090
28  B32__DSF_lsml_mB - B32__DSF_equal  prm_within_auc -0.0239    -0.0292    -0.0187
29  B32__DSF_lsml_mB - B32__DSF_equal        prmscore -0.0160    -0.0208    -0.0112
30     B32__BF_equal - B32__DSF_equal  prm_within_auc -0.0069    -0.0144     0.0007
31     B32__BF_equal - B32__DSF_equal        prmscore -0.0012    -0.0083     0.0061
32   B51__DSF_lsml_mC - B51__DSF_lsml  prm_within_auc  0.0000     0.0000     0.0000
33   B51__DSF_lsml_mC - B51__DSF_lsml        prmscore  0.0000     0.0000     0.0000
34   B51__DSF_lsml_mB - B51__DSF_lsml  prm_within_auc -0.0021    -0.0050     0.0007
35   B51__DSF_lsml_mB - B51__DSF_lsml        prmscore  0.0006    -0.0025     0.0038
36  B51__DSF_lsml_mB - B51__DSF_equal  prm_within_auc -0.0076    -0.0110    -0.0043
37  B51__DSF_lsml_mB - B51__DSF_equal        prmscore -0.0055    -0.0091    -0.0019
38     B51__BF_equal - B51__DSF_equal  prm_within_auc -0.0089    -0.0144    -0.0036
39     B51__BF_equal - B51__DSF_equal        prmscore -0.0103    -0.0158    -0.0049
{
 "B13__DSF_lsml_mC - B13__DSF_lsml": {
  "answers": 6030,
  "observed_on_null_set": -0.0020717168787189877,
  "within_answer_shuffle": {
   "mean": 2.473160713246908e-05,
   "sd": 0.0008102958219782573,
   "p01": -0.0017554001424112925,
   "p99": 0.0017790284897553214,
   "share_ge_observed": 1.0,
   "share_le_observed": 0.0,
   "permutations": 200
  },
  "whole_answer_same_length_swap": {
   "mean": -0.0075719104021061455,
   "sd": 0.0006973166413823464,
   "p01": -0.00902180668030857,
   "p99": -0.006221342866513215,
   "share_ge_observed": 0.0,
   "share_le_observed": 1.0,
   "permutations": 200
  }
 },
 "B13__DSF_lsml_mB - B13__DSF_lsml": {
  "answers": 6030,
  "observed_on_null_set": 0.003624808409426916,
  "within_answer_shuffle": {
   "mean": 5.9696756066557335e-05,
   "sd": 0.0012300403105113267,
   "p01": -0.0024677756701353103,
   "p99": 0.002784002147102808,
   "share_ge_observed": 0.005,
   "share_le_observed": 0.995,
   "permutations": 200
  },
  "whole_answer_same_length_swap": {
   "mean": -0.016617557760651835,
   "sd": 0.001137029366249347,
   "p01": -0.019295514690868,
   "p99": -0.013982439670100622,
   "share_ge_observed": 0.0,
   "share_le_observed": 1.0,
   "permutations": 200
  }
 },
 "B13__DSF_lsml_mB - B13__DSF_equal": {
  "answers": 6030,
  "observed_on_null_set": -0.0014175517442613916,
  "within_answer_shuffle": {
   "mean": 6.574957424201888e-06,
   "sd": 0.0009389133886263419,
   "p01": -0.002222962182664395,
   "p99": 0.0018579581034530205,
   "share_ge_observed": 0.925,
   "share_le_observed": 0.075,
   "permutations": 200
  },
  "whole_answer_same_length_swap": {
   "mean": -0.003457766171980701,
   "sd": 0.0008849151891816916,
   "p01": -0.0055694846843350665,
   "p99": -0.0015524415356126624,
   "share_ge_observed": 0.01,
   "share_le_observed": 0.99,
   "permutations": 200
  }
 },
 "B13__BF_equal - B13__DSF_equal": {
  "answers": 6030,
  "observed_on_null_set": -0.0019478120751962313,
  "within_answer_shuffle": {
   "mean": 5.8687822937837086e-05,
   "sd": 0.0011096340170388588,
   "p01": -0.002818644236239797,
   "p99": 0.0020887461311714746,
   "share_ge_observed": 0.955,
   "share_le_observed": 0.045,
   "permutations": 200
  },
  "whole_answer_same_length_swap": {
   "mean": -0.00040725768648247173,
   "sd": 0.001031662153894463,
   "p01": -0.0026634394443725384,
   "p99": 0.0017963383143501787,
   "share_ge_observed": 0.93,
   "share_le_observed": 0.07,
   "permutations": 200
  }
 },
 "B16__DSF_lsml_mC - B16__DSF_lsml": {
  "answers": 6030,
  "observed_on_null_set": -0.0015002916205234529,
  "within_answer_shuffle": {
   "mean": 5.341502724081265e-05,
   "sd": 0.0005352439290900706,
   "p01": -0.001153187719619458,
   "p99": 0.0011059480329057862,
   "share_ge_observed": 1.0,
   "share_le_observed": 0.0,
   "permutations": 200
  },
  "whole_answer_same_length_swap": {
   "mean": -0.004182197955906895,
   "sd": 0.0005427150508160109,
   "p01": -0.0054510015896231745,
   "p99": -0.0030126591038829266,
   "
{
 "channels_s": 1.0251758999947924,
 "banks_s": 57.82953099999577,
 "fit_s": 418.68574210000224,
 "eval_s": 98.37514060000831,
 "bootstrap_s": 190.51095850000274,
 "nulls_s": 169.11613700000453,
 "total_s": 955.8646593000012
}
status COMPLETE failures 0
