setup 34s
  fold 0 B16: pi10 [0.185, 0.313, 0.322, 0.333, 0.376, 0.398, 0.45, 0.479, 0.557, 0.585] a 4.08 c 0.131 (1/(p-1) 0.071) | GRP c 0.176 | perm c 0.0001 | one-bin move 1.8e-05/6.9e-04 rel dLL 1.3e-09/5.1e-08
  fold 0 B23: pi10 [0.204, 0.261, 0.234, 0.229, 0.242, 0.252, 0.294, 0.306, 0.378, 0.414] a 5.57 c 0.054 (1/(p-1) 0.048) | GRP c 0.095 | perm c 0.0000 | one-bin move 4.9e-05/9.6e-04 rel dLL 6.8e-10/1.2e-07
  fold 0 B35: pi10 [0.197, 0.315, 0.327, 0.338, 0.379, 0.405, 0.454, 0.481, 0.558, 0.565] a 4.64 c 0.108 (1/(p-1) 0.033) | GRP c 0.136 | perm c 0.0001 | one-bin move 1.1e-05/9.2e-04 rel dLL 4.4e-10/5.0e-08
  fold 0 B54: pi10 [0.198, 0.273, 0.244, 0.24, 0.242, 0.251, 0.284, 0.297, 0.358, 0.384] a 5.78 c 0.044 (1/(p-1) 0.022) | GRP c 0.089 | perm c 0.0000 | one-bin move 3.3e-05/1.2e-03 rel dLL 5.3e-10/5.2e-08
fold 0 done (42s)
  fold 1 B16: pi10 [0.193, 0.303, 0.302, 0.332, 0.396, 0.398, 0.453, 0.477, 0.567, 0.581] a 4.03 c 0.133 (1/(p-1) 0.071) | GRP c 0.181 | perm c 0.0001 | one-bin move 2.0e-05/6.7e-04 rel dLL 1.9e-09/5.1e-08
  fold 1 B23: pi10 [0.205, 0.232, 0.214, 0.237, 0.272, 0.262, 0.297, 0.318, 0.386, 0.4] a 5.61 c 0.056 (1/(p-1) 0.048) | GRP c 0.098 | perm c 0.0001 | one-bin move 5.0e-05/7.7e-04 rel dLL 6.9e-10/1.2e-07
  fold 1 B35: pi10 [0.206, 0.307, 0.308, 0.338, 0.404, 0.405, 0.456, 0.481, 0.567, 0.56] a 4.64 c 0.108 (1/(p-1) 0.033) | GRP c 0.141 | perm c 0.0001 | one-bin move 5.2e-05/8.9e-04 rel dLL 9.0e-10/4.6e-08
  fold 1 B54: pi10 [0.195, 0.245, 0.221, 0.243, 0.269, 0.263, 0.287, 0.306, 0.367, 0.375] a 5.81 c 0.048 (1/(p-1) 0.022) | GRP c 0.098 | perm c 0.0000 | one-bin move 2.7e-05/1.1e-03 rel dLL 3.8e-10/5.0e-08
fold 1 done (43s)
  fold 2 B16: pi10 [0.226, 0.306, 0.298, 0.336, 0.401, 0.404, 0.458, 0.472, 0.559, 0.577] a 4.12 c 0.118 (1/(p-1) 0.071) | GRP c 0.169 | perm c 0.0000 | one-bin move 1.6e-05/6.4e-04 rel dLL 4.6e-10/5.2e-08
  fold 2 B23: pi10 [0.232, 0.221, 0.209, 0.234, 0.277, 0.262, 0.305, 0.304, 0.387, 0.402] a 5.59 c 0.053 (1/(p-1) 0.048) | GRP c 0.096 | perm c -0.0000 | one-bin move 5.5e-05/6.8e-04 rel dLL 8.6e-10/1.1e-07
  fold 2 B35: pi10 [0.238, 0.308, 0.3, 0.343, 0.407, 0.409, 0.458, 0.473, 0.556, 0.555] a 4.79 c 0.095 (1/(p-1) 0.033) | GRP c 0.132 | perm c 0.0000 | one-bin move 2.7e-05/9.5e-04 rel dLL 3.2e-10/4.9e-08
  fold 2 B54: pi10 [0.214, 0.234, 0.213, 0.234, 0.274, 0.258, 0.289, 0.294, 0.366, 0.375] a 5.77 c 0.046 (1/(p-1) 0.022) | GRP c 0.070 | perm c -0.0000 | one-bin move 2.8e-05/8.8e-04 rel dLL 3.8e-10/4.7e-08
fold 2 done (43s)
  fold 3 B16: pi10 [0.236, 0.315, 0.315, 0.336, 0.391, 0.409, 0.456, 0.479, 0.551, 0.592] a 4.17 c 0.115 (1/(p-1) 0.071) | GRP c 0.167 | perm c -0.0000 | one-bin move 7.6e-06/6.6e-04 rel dLL 2.8e-10/5.4e-08
  fold 3 B23: pi10 [0.239, 0.221, 0.228, 0.217, 0.25, 0.256, 0.307, 0.307, 0.378, 0.421] a 5.55 c 0.054 (1/(p-1) 0.048) | GRP c 0.082 | perm c -0.0000 | one-bin move 6.2e-05/9.0e-04 rel dLL 9.8e-10/7.7e-07
  fold 3 B35: pi10 [0.249, 0.315, 0.317, 0.341, 0.39, 0.41, 0.455, 0.479, 0.55, 0.573] a 4.78 c 0.094 (1/(p-1) 0.033) | GRP c 0.129 | perm c -0.0000 | one-bin move 3.0e-05/1.0e-03 rel dLL 5.2e-10/5.4e-08
  fold 3 B54: pi10 [0.217, 0.23, 0.227, 0.217, 0.245, 0.251, 0.29, 0.298, 0.357, 0.389] a 5.69 c 0.048 (1/(p-1) 0.022) | GRP c 0.080 | perm c -0.0000 | one-bin move 3.3e-05/1.3e-03 rel dLL 7.8e-10/5.9e-08
fold 3 done (43s)
  fold 4 B16: pi10 [0.202, 0.317, 0.325, 0.329, 0.378, 0.402, 0.446, 0.485, 0.547, 0.597] a 4.12 c 0.126 (1/(p-1) 0.071) | GRP c 0.178 | perm c 0.0000 | one-bin move 4.5e-05/7.0e-04 rel dLL 1.1e-09/5.4e-08
  fold 4 B23: pi10 [0.216, 0.245, 0.241, 0.22, 0.238, 0.25, 0.295, 0.308, 0.377, 0.433] a 5.53 c 0.056 (1/(p-1) 0.048) | GRP c 0.089 | perm c 0.0000 | one-bin move 5.4e-05/4.8e-04 rel dLL 7.8e-10/2.5e-08
  fold 4 B35: pi10 [0.215, 0.317, 0.329, 0.337, 0.377, 0.406, 0.448, 0.487, 0.547, 0.579] a 4.70 c 0.103 (1/(p-1) 0.033) | GRP c 0.132 | perm c 0.0000 | one-bin move 9.4e-05/1.0e-03 rel dLL 2.2e-09/5.3e-08
  fold 4 B54: pi10 [0.203, 0.256, 0.248, 0.23, 0.235, 0.246, 0.282, 0.3, 0.355, 0.398] a 5.71 c 0.047 (1/(p-1) 0.022) | GRP c 0.091 | perm c -0.0000 | one-bin move 5.1e-05/1.3e-03 rel dLL 1.7e-09/5.9e-08
fold 4 done (42s)
              method  within_auc  prmscore  pb_sla_macro8  pb_sla_pooled
                 ct7      0.7724    0.6458         0.3989         0.3825
              fam421      0.7801    0.6573         0.3980         0.3796
           B16__BASE      0.7918    0.6618         0.4126         0.3881
       B16__BASE_POS      0.8002    0.6651         0.4039         0.3778
     B16__BASE_PRIOR      0.8045    0.6650         0.3941         0.3674
  B16__BASE_PRIOR_B5      0.8043    0.6649         0.3951         0.3674
 B16__BASE_PRIOR_B20      0.8053    0.6651         0.3911         0.3654
B16__BASE_PRIOR_PERM      0.7918    0.6618         0.4142         0.3890
        B16__DSPOST0      0.7612    0.6286         0.3937         0.3649
         B16__DSPOST      0.7714    0.6306         0.3922         0.3624
            B16__GRP      0.7907    0.6641         0.4092         0.3913
        B16__GRP_POS      0.7988    0.6667         0.3966         0.3764
      B16__GRP_PRIOR      0.8056    0.6686         0.3810         0.3600
 B16__GRP_PRIOR_PERM      0.7905    0.6643         0.4080         0.3888
    B16__PRIOR_ALONE      0.6608    0.5266         0.0526         0.0459
      B16__POS_ALONE      0.6617    0.5275         0.0484         0.0410
           B23__BASE      0.7691    0.6479         0.3957         0.3730
       B23__BASE_POS      0.7751    0.6512         0.3960         0.3710
     B23__BASE_PRIOR      0.7744    0.6498         0.3904         0.3640
  B23__BASE_PRIOR_B5      0.7747    0.6498         0.3899         0.3647
 B23__BASE_PRIOR_B20      0.7748    0.6502         0.3919         0.3654
B23__BASE_PRIOR_PERM      0.7689    0.6479         0.3956         0.3728
        B23__DSPOST0      0.7481    0.6329         0.3705         0.3496
         B23__DSPOST      0.7527    0.6332         0.3706         0.3492
            B23__GRP      0.7612    0.6427         0.3793         0.3564
        B23__GRP_POS      0.7660    0.6444         0.3705         0.3462
      B23__GRP_PRIOR      0.7697    0.6460         0.3689         0.3453
 B23__GRP_PRIOR_PERM      0.7614    0.6424         0.3781         0.3555
    B23__PRIOR_ALONE      0.6414    0.5273         0.0526         0.0459
      B23__POS_ALONE      0.6617    0.5275         0.0484         0.0410
           B35__BASE      0.7622    0.6393         0.3734         0.3539
       B35__BASE_POS      0.7712    0.6431         0.3731         0.3510
     B35__BASE_PRIOR      0.7856    0.6501         0.3663         0.3406
  B35__BASE_PRIOR_B5      0.7847    0.6501         0.3635         0.3368
 B35__BASE_PRIOR_B20      0.7865    0.6498         0.3669         0.3422
B35__BASE_PRIOR_PERM      0.7622    0.6391         0.3745         0.3537
        B35__DSPOST0      0.7484    0.6224         0.3823         0.3543
         B35__DSPOST      0.7559    0.6236         0.3809         0.3525
            B35__GRP      0.7713    0.6511         0.3665         0.3460
        B35__GRP_POS      0.7787    0.6527         0.3605         0.3375
      B35__GRP_PRIOR      0.7853    0.6560         0.3518         0.3285
 B35__GRP_PRIOR_PERM      0.7717    0.6508         0.3673         0.3471
    B35__PRIOR_ALONE      0.6658    0.5310         0.0686         0.0635
      B35__POS_ALONE      0.6617    0.5275         0.0484         0.0410
           B54__BASE      0.7646    0.6446         0.3730         0.3557
       B54__BASE_POS      0.7688    0.6464         0.3700         0.3519
     B54__BASE_PRIOR      0.7717    0.6463         0.3701         0.3503
  B54__BASE_PRIOR_B5      0.7717    0.6462         0.3666         0.3471
 B54__BASE_PRIOR_B20      0.7726    0.6467         0.3733         0.3539
B54__BASE_PRIOR_PERM      0.7644    0.6446         0.3731         0.3561
        B54__DSPOST0      0.7389    0.6236         0.3564         0.3370
         B54__DSPOST      0.7416    0.6238         0.3566         0.3372
            B54__GRP      0.7628    0.6449         0.3790         0.3584
        B54__GRP_POS      0.7701    0.6485         0.3732         0.3541
      B54__GRP_PRIOR      0.7765    0.6525         0.3787         0.3570
 B54__GRP_PRIOR_PERM      0.7625    0.6444         0.3786         0.3586
    B54__PRIOR_ALONE      0.6400    0.5268         0.0526         0.0459
      B54__POS_ALONE      0.6617    0.5275         0.0484         0.0410
                          contrast_id  within_auc_delta  within_auc_lo95  within_auc_hi95  prmscore_delta  pb_sla_macro8_delta
      B16__BASE_PRIOR - B16__BASE_POS            0.0043           0.0033           0.0053         -0.0001              -0.0098
        B16__GRP_PRIOR - B16__GRP_POS            0.0069           0.0056           0.0082          0.0019              -0.0156
      B23__BASE_PRIOR - B23__BASE_POS           -0.0006          -0.0013           0.0001         -0.0014              -0.0056
        B23__GRP_PRIOR - B23__GRP_POS            0.0037           0.0028           0.0047          0.0015              -0.0017
      B35__BASE_PRIOR - B35__BASE_POS            0.0144           0.0127           0.0161          0.0070              -0.0068
        B35__GRP_PRIOR - B35__GRP_POS            0.0065           0.0053           0.0077          0.0033              -0.0087
      B54__BASE_PRIOR - B54__BASE_POS            0.0030           0.0020           0.0039         -0.0001               0.0001
        B54__GRP_PRIOR - B54__GRP_POS            0.0065           0.0054           0.0075          0.0040               0.0055
          B16__BASE_PRIOR - B16__BASE            0.0127           0.0109           0.0144          0.0031              -0.0185
            B16__GRP_PRIOR - B16__GRP            0.0150           0.0130           0.0169          0.0045              -0.0281
 B16__BASE_PRIOR_B5 - B16__BASE_PRIOR           -0.0002          -0.0009           0.0005         -0.0001               0.0010
B16__BASE_PRIOR_B20 - B16__BASE_PRIOR            0.0008           0.0002           0.0014          0.0001              -0.0030
     B16__BASE_PRIOR_PERM - B16__BASE           -0.0000          -0.0003           0.0003         -0.0000               0.0015
       B16__GRP_PRIOR_PERM - B16__GRP           -0.0001          -0.0005           0.0002          0.0003              -0.0011
           B16__DSPOST - B16__DSPOST0            0.0102           0.0090           0.0114          0.0020              -0.0015
              B16__DSPOST - B16__BASE           -0.0204          -0.0247          -0.0160         -0.0313              -0.0205
    B16__PRIOR_ALONE - B16__POS_ALONE           -0.0009          -0.0015          -0.0003         -0.0009               0.0042
          B23__BASE_PRIOR - B23__BASE            0.0053           0.0040           0.0066          0.0019              -0.0054
            B23__GRP_PRIOR - B23__GRP            0.0085           0.0070           0.0100          0.0033              -0.0105
 B23__BASE_PRIOR_B5 - B23__BASE_PRIOR            0.0002          -0.0002           0.0007          0.0001              -0.0005
B23__BASE_PRIOR_B20 - B23__BASE_PRIOR            0.0003          -0.0000           0.0007          0.0004               0.0016
     B23__BASE_PRIOR_PERM - B23__BASE           -0.0002          -0.0006           0.0002          0.0000              -0.0002
       B23__GRP_PRIOR_PERM - B23__GRP            0.0002          -0.0002           0.0005         -0.0003              -0.0012
           B23__DSPOST - B23__DSPOST0            0.0046           0.0038           0.0054          0.0002               0.0001
              B23__DSPOST - B23__BASE           -0.0164          -0.0197          -0.0132         -0.0147              -0.0251
    B23__PRIOR_ALONE - B23__POS_ALONE           -0.0203          -0.0225          -0.0182         -0.0002               0.0042
          B35__BASE_PRIOR - B35__BASE            0.0233           0.0211           0.0256          0.0108              -0.0071
            B35__GRP_PRIOR - B35__GRP            0.0139           0.0120           0.0158          0.0049              -0.0147
 B35__BASE_PRIOR_B5 - B35__BASE_PRIOR           -0.0009          -0.0016          -0.0002         -0.0001              -0.0028
B35__BASE_PRIOR_B20 - B35__BASE_PRIOR            0.0009           0.0003           0.0016         -0.0003               0.0006
     B35__BASE_PRIOR_PERM - B35__BASE           -0.0000          -0.0005           0.0004         -0.0002               0.0011
       B35__GRP_PRIOR_PERM - B35__GRP            0.0004          -0.0000           0.0008         -0.0003               0.0008
           B35__DSPOST - B35__DSPOST0            0.0075           0.0065           0.0085          0.0011              -0.0014
              B35__DSPOST - B35__BASE           -0.0063          -0.0117          -0.0010         -0.0158               0.0075
    B35__PRIOR_ALONE - B35__POS_ALONE            0.0041           0.0029           0.0053          0.0035               0.0202
          B54__BASE_PRIOR - B54__BASE            0.0071           0.0059           0.0084          0.0017              -0.0029
            B54__GRP_PRIOR - B54__GRP            0.0138           0.0123           0.0153          0.0077              -0.0002
 B54__BASE_PRIOR_B5 - B54__BASE_PRIOR           -0.0000          -0.0005           0.0005         -0.0001              -0.0036
B54__BASE_PRIOR_B20 - B54__BASE_PRIOR            0.0009           0.0004           0.0013          0.0004               0.0031
     B54__BASE_PRIOR_PERM - B54__BASE           -0.0001          -0.0005           0.0003          0.0000               0.0000
       B54__GRP_PRIOR_PERM - B54__GRP           -0.0002          -0.0007           0.0002         -0.0004              -0.0003
           B54__DSPOST - B54__DSPOST0            0.0027           0.0021           0.0033          0.0002               0.0002
              B54__DSPOST - B54__BASE           -0.0229          -0.0266          -0.0193         -0.0208              -0.0165
    B54__PRIOR_ALONE - B54__POS_ALONE           -0.0218          -0.0242          -0.0193         -0.0007               0.0042
{
"B16__BASE_PRIOR - B16__BASE_POS": {
"obs": 0.0043,
"swap": 0.0121,
"content_diff": -0.0078
},
"B16__GRP_PRIOR - B16__GRP_POS": {
"obs": 0.0069,
"swap": 0.0122,
"content_diff": -0.0053
},
"B23__BASE_PRIOR - B23__BASE_POS": {
"obs": -0.0006,
"swap": -0.0005,
"content_diff": -0.0002
},
"B23__GRP_PRIOR - B23__GRP_POS": {
"obs": 0.0037,
"swap": 0.007,
"content_diff": -0.0032
},
"B35__BASE_PRIOR - B35__BASE_POS": {
"obs": 0.0144,
"swap": 0.0258,
"content_diff": -0.0114
},
"B35__GRP_PRIOR - B35__GRP_POS": {
"obs": 0.0065,
"swap": 0.0097,
"content_diff": -0.0032
},
"B54__BASE_PRIOR - B54__BASE_POS": {
"obs": 0.003,
"swap": 0.0052,
"content_diff": -0.0022
},
"B54__GRP_PRIOR - B54__GRP_POS": {
"obs": 0.0065,
"swap": 0.0121,
"content_diff": -0.0056
},
"B16__BASE_PRIOR - B16__BASE": {
"obs": 0.0127,
"swap": 0.0286,
"content_diff": -0.0159
},
"B23__BASE_PRIOR - B23__BASE": {
"obs": 0.0053,
"swap": 0.011,
"content_diff": -0.0057
},
"B35__BASE_PRIOR - B35__BASE": {
"obs": 0.0233,
"swap": 0.0381,
"content_diff": -0.0148
},
"B54__BASE_PRIOR - B54__BASE": {
"obs": 0.0071,
"swap": 0.0111,
"content_diff": -0.0039
}
}
{"setup_s": 34.19974050001474, "fit_s": 251.21333729999606, "eval_s": 54.26989670001785, "bootstrap_s": 21.394150999985868, "nulls_s": 103.24186909999116, "total_s": 430.12230340001406}
{
 "plain average": {
  "a_bonferroni_above_step460_variant": {
   "B16": true,
   "B23": false,
   "B35": true,
   "B54": true
  },
  "b_permuted_control_not_above_base": {
   "B16": true,
   "B23": true,
   "B35": true,
   "B54": true
  },
  "adopt": false,
  "pb_macro8_delta_vs_step460_variant": {
   "B16": -0.009805417303115127,
   "B23": -0.005602725826530319,
   "B35": -0.006819549393383528,
   "B54": 0.00014953355165814308
  },
  "pb_pooled_delta_vs_step460_variant": {
   "B16": -0.010355695632597917,
   "B23": -0.006978838361098583,
   "B35": -0.010355695632597917,
   "B54": -0.0015758667266996818
  }
 },
 "grouped": {
  "a_bonferroni_above_step460_variant": {
   "B16": true,
   "B23": true,
   "B35": true,
   "B54": true
  },
  "b_permuted_control_not_above_base": {
   "B16": true,
   "B23": true,
   "B35": true,
   "B54": true
  },
  "adopt": true,
  "pb_macro8_delta_vs_step460_variant": {
   "B16": -0.015594053074320158,
   "B23": -0.0016681787508268653,
   "B35": -0.008692324592146972,
   "B54": 0.00552026990065535
  },
  "pb_pooled_delta_vs_step460_variant": {
   "B16": -0.01643403872129673,
   "B23": -0.0009004952723998261,
   "B35": -0.009004952723998205,
   "B54": 0.002926609635299393
  }
 }
}
