setup 34s
  fold 0 B16: pi10 [0.185, 0.313, 0.322, 0.333, 0.376, 0.398, 0.45, 0.479, 0.557, 0.585] a 4.08 c 0.131 (1/(p-1) 0.071) | GRP c 0.176 | perm c 0.0001 | one-bin move 1.8e-05/6.9e-04 rel dLL 1.3e-09/5.1e-08
  fold 0 B23: pi10 [0.204, 0.261, 0.234, 0.229, 0.242, 0.252, 0.294, 0.306, 0.378, 0.414] a 5.57 c 0.054 (1/(p-1) 0.048) | GRP c 0.095 | perm c 0.0000 | one-bin move 4.9e-05/9.6e-04 rel dLL 6.8e-10/1.2e-07
  fold 0 B35: pi10 [0.197, 0.315, 0.327, 0.338, 0.379, 0.405, 0.454, 0.481, 0.558, 0.565] a 4.64 c 0.108 (1/(p-1) 0.033) | GRP c 0.136 | perm c 0.0001 | one-bin move 1.1e-05/9.2e-04 rel dLL 4.4e-10/5.0e-08
  fold 0 B54: pi10 [0.198, 0.273, 0.244, 0.24, 0.242, 0.251, 0.284, 0.297, 0.358, 0.384] a 5.78 c 0.044 (1/(p-1) 0.022) | GRP c 0.089 | perm c 0.0000 | one-bin move 3.3e-05/1.2e-03 rel dLL 5.3e-10/5.2e-08
fold 0 done (43s)
              method  within_auc  prmscore  pb_sla_macro8  pb_sla_pooled
                 ct7      0.7670    0.6434         0.3821         0.3637
              fam421      0.7740    0.6495         0.3769         0.3714
           B16__BASE      0.7792    0.6525         0.3836         0.3736
       B16__BASE_POS      0.7896    0.6581         0.3690         0.3593
     B16__BASE_PRIOR      0.7952    0.6580         0.3540         0.3440
  B16__BASE_PRIOR_B5      0.7957    0.6580         0.3489         0.3374
 B16__BASE_PRIOR_B20      0.7971    0.6576         0.3486         0.3396
B16__BASE_PRIOR_PERM      0.7792    0.6536         0.3861         0.3747
        B16__DSPOST0      0.7476    0.6108         0.3654         0.3407
         B16__DSPOST      0.7595    0.6130         0.3667         0.3418
            B16__GRP      0.7817    0.6559         0.3724         0.3703
        B16__GRP_POS      0.7914    0.6581         0.3554         0.3549
      B16__GRP_PRIOR      0.7971    0.6618         0.3398         0.3385
 B16__GRP_PRIOR_PERM      0.7816    0.6562         0.3725         0.3703
    B16__PRIOR_ALONE      0.6584    0.5239         0.0330         0.0374
      B16__POS_ALONE      0.6579    0.5244         0.0327         0.0374
           B23__BASE      0.7573    0.6348         0.3827         0.3747
       B23__BASE_POS      0.7633    0.6392         0.3859         0.3791
     B23__BASE_PRIOR      0.7623    0.6386         0.3771         0.3703
  B23__BASE_PRIOR_B5      0.7613    0.6388         0.3782         0.3714
 B23__BASE_PRIOR_B20      0.7622    0.6398         0.3800         0.3714
B23__BASE_PRIOR_PERM      0.7570    0.6351         0.3827         0.3747
        B23__DSPOST0      0.7450    0.6303         0.3486         0.3363
         B23__DSPOST      0.7492    0.6301         0.3474         0.3352
            B23__GRP      0.7542    0.6343         0.3549         0.3451
        B23__GRP_POS      0.7589    0.6337         0.3504         0.3374
      B23__GRP_PRIOR      0.7602    0.6370         0.3606         0.3473
 B23__GRP_PRIOR_PERM      0.7542    0.6343         0.3553         0.3462
    B23__PRIOR_ALONE      0.6279    0.5246         0.0330         0.0374
      B23__POS_ALONE      0.6579    0.5244         0.0327         0.0374
           B35__BASE      0.7528    0.6252         0.3350         0.3341
       B35__BASE_POS      0.7602    0.6287         0.3332         0.3275
     B35__BASE_PRIOR      0.7764    0.6366         0.3286         0.3209
  B35__BASE_PRIOR_B5      0.7758    0.6370         0.3295         0.3198
 B35__BASE_PRIOR_B20      0.7777    0.6370         0.3334         0.3264
B35__BASE_PRIOR_PERM      0.7529    0.6254         0.3350         0.3341
        B35__DSPOST0      0.7378    0.6079         0.3576         0.3341
         B35__DSPOST      0.7473    0.6104         0.3539         0.3297
            B35__GRP      0.7635    0.6402         0.3419         0.3363
        B35__GRP_POS      0.7717    0.6412         0.3422         0.3341
      B35__GRP_PRIOR      0.7786    0.6428         0.3339         0.3286
 B35__GRP_PRIOR_PERM      0.7647    0.6393         0.3461         0.3418
    B35__PRIOR_ALONE      0.6584    0.5237         0.0330         0.0374
      B35__POS_ALONE      0.6579    0.5244         0.0327         0.0374
           B54__BASE      0.7563    0.6365         0.3413         0.3385
       B54__BASE_POS      0.7603    0.6368         0.3407         0.3352
     B54__BASE_PRIOR      0.7639    0.6347         0.3408         0.3330
  B54__BASE_PRIOR_B5      0.7629    0.6342         0.3308         0.3231
 B54__BASE_PRIOR_B20      0.7647    0.6368         0.3432         0.3363
B54__BASE_PRIOR_PERM      0.7558    0.6361         0.3395         0.3363
        B54__DSPOST0      0.7400    0.6217         0.3385         0.3275
         B54__DSPOST      0.7423    0.6219         0.3394         0.3286
            B54__GRP      0.7562    0.6336         0.3476         0.3396
        B54__GRP_POS      0.7641    0.6357         0.3566         0.3462
      B54__GRP_PRIOR      0.7700    0.6394         0.3583         0.3484
 B54__GRP_PRIOR_PERM      0.7564    0.6336         0.3436         0.3374
    B54__PRIOR_ALONE      0.6215    0.5212         0.0330         0.0374
      B54__POS_ALONE      0.6579    0.5244         0.0327         0.0374
                          contrast_id  within_auc_delta  within_auc_lo95  within_auc_hi95  prmscore_delta  pb_sla_macro8_delta
      B16__BASE_PRIOR - B16__BASE_POS            0.0055           0.0028           0.0083         -0.0001              -0.0151
        B16__GRP_PRIOR - B16__GRP_POS            0.0056           0.0028           0.0086          0.0037              -0.0157
      B23__BASE_PRIOR - B23__BASE_POS           -0.0009          -0.0023           0.0005         -0.0006              -0.0088
        B23__GRP_PRIOR - B23__GRP_POS            0.0014          -0.0007           0.0033          0.0032               0.0103
      B35__BASE_PRIOR - B35__BASE_POS            0.0162           0.0123           0.0200          0.0079              -0.0045
        B35__GRP_PRIOR - B35__GRP_POS            0.0069           0.0043           0.0095          0.0016              -0.0083
      B54__BASE_PRIOR - B54__BASE_POS            0.0036           0.0017           0.0057         -0.0021               0.0002
        B54__GRP_PRIOR - B54__GRP_POS            0.0059           0.0037           0.0080          0.0037               0.0016
          B16__BASE_PRIOR - B16__BASE            0.0160           0.0114           0.0208          0.0055              -0.0297
            B16__GRP_PRIOR - B16__GRP            0.0153           0.0109           0.0199          0.0059              -0.0327
 B16__BASE_PRIOR_B5 - B16__BASE_PRIOR            0.0005          -0.0011           0.0021          0.0000              -0.0050
B16__BASE_PRIOR_B20 - B16__BASE_PRIOR            0.0019           0.0005           0.0031         -0.0004              -0.0054
     B16__BASE_PRIOR_PERM - B16__BASE           -0.0000          -0.0008           0.0008          0.0011               0.0025
       B16__GRP_PRIOR_PERM - B16__GRP           -0.0002          -0.0011           0.0007          0.0003               0.0001
           B16__DSPOST - B16__DSPOST0            0.0120           0.0090           0.0146          0.0022               0.0013
              B16__DSPOST - B16__BASE           -0.0197          -0.0306          -0.0095         -0.0395              -0.0169
    B16__PRIOR_ALONE - B16__POS_ALONE            0.0005          -0.0004           0.0014         -0.0005               0.0003
          B23__BASE_PRIOR - B23__BASE            0.0050           0.0022           0.0078          0.0038              -0.0056
            B23__GRP_PRIOR - B23__GRP            0.0060           0.0025           0.0093          0.0026               0.0057
 B23__BASE_PRIOR_B5 - B23__BASE_PRIOR           -0.0011          -0.0021          -0.0000          0.0002               0.0011
B23__BASE_PRIOR_B20 - B23__BASE_PRIOR           -0.0001          -0.0009           0.0008          0.0012               0.0029
     B23__BASE_PRIOR_PERM - B23__BASE           -0.0003          -0.0013           0.0007          0.0003               0.0000
       B23__GRP_PRIOR_PERM - B23__GRP            0.0000          -0.0009           0.0008         -0.0000               0.0004
           B23__DSPOST - B23__DSPOST0            0.0042           0.0022           0.0063         -0.0002              -0.0012
              B23__DSPOST - B23__BASE           -0.0081          -0.0152          -0.0011         -0.0047              -0.0353
    B23__PRIOR_ALONE - B23__POS_ALONE           -0.0301          -0.0359          -0.0247          0.0002               0.0003
          B35__BASE_PRIOR - B35__BASE            0.0236           0.0186           0.0285          0.0114              -0.0063
            B35__GRP_PRIOR - B35__GRP            0.0151           0.0107           0.0195          0.0027              -0.0079
 B35__BASE_PRIOR_B5 - B35__BASE_PRIOR           -0.0006          -0.0024           0.0013          0.0004               0.0009
B35__BASE_PRIOR_B20 - B35__BASE_PRIOR            0.0013          -0.0003           0.0029          0.0004               0.0048
     B35__BASE_PRIOR_PERM - B35__BASE            0.0001          -0.0009           0.0011          0.0002               0.0001
       B35__GRP_PRIOR_PERM - B35__GRP            0.0011           0.0003           0.0020         -0.0008               0.0042
           B35__DSPOST - B35__DSPOST0            0.0096           0.0072           0.0118          0.0025              -0.0037
              B35__DSPOST - B35__BASE           -0.0055          -0.0178           0.0071         -0.0148               0.0190
    B35__PRIOR_ALONE - B35__POS_ALONE            0.0005          -0.0004           0.0014         -0.0007               0.0003
          B54__BASE_PRIOR - B54__BASE            0.0077           0.0052           0.0104         -0.0018              -0.0004
            B54__GRP_PRIOR - B54__GRP            0.0138           0.0103           0.0173          0.0058               0.0107
 B54__BASE_PRIOR_B5 - B54__BASE_PRIOR           -0.0010          -0.0022           0.0002         -0.0005              -0.0100
B54__BASE_PRIOR_B20 - B54__BASE_PRIOR            0.0008          -0.0002           0.0018          0.0021               0.0024
     B54__BASE_PRIOR_PERM - B54__BASE           -0.0004          -0.0014           0.0006         -0.0004              -0.0017
       B54__GRP_PRIOR_PERM - B54__GRP            0.0002          -0.0008           0.0012          0.0000              -0.0040
           B54__DSPOST - B54__DSPOST0            0.0023           0.0011           0.0035          0.0001               0.0009
              B54__DSPOST - B54__BASE           -0.0140          -0.0214          -0.0065         -0.0146              -0.0019
    B54__PRIOR_ALONE - B54__POS_ALONE           -0.0364          -0.0427          -0.0303         -0.0032               0.0003
{
"B16__BASE_PRIOR - B16__BASE_POS": {
"obs": 0.0055,
"swap": 0.0143,
"content_diff": -0.0088
},
"B16__GRP_PRIOR - B16__GRP_POS": {
"obs": 0.0056,
"swap": 0.0121,
"content_diff": -0.0064
},
"B23__BASE_PRIOR - B23__BASE_POS": {
"obs": -0.0009,
"swap": -0.001,
"content_diff": 0.0001
},
"B23__GRP_PRIOR - B23__GRP_POS": {
"obs": 0.0014,
"swap": 0.0056,
"content_diff": -0.0042
},
"B35__BASE_PRIOR - B35__BASE_POS": {
"obs": 0.0162,
"swap": 0.0286,
"content_diff": -0.0124
},
"B35__GRP_PRIOR - B35__GRP_POS": {
"obs": 0.0069,
"swap": 0.01,
"content_diff": -0.0031
},
"B54__BASE_PRIOR - B54__BASE_POS": {
"obs": 0.0036,
"swap": 0.0037,
"content_diff": -0.0001
},
"B54__GRP_PRIOR - B54__GRP_POS": {
"obs": 0.0059,
"swap": 0.0092,
"content_diff": -0.0033
},
"B16__BASE_PRIOR - B16__BASE": {
"obs": 0.016,
"swap": 0.0297,
"content_diff": -0.0137
},
"B23__BASE_PRIOR - B23__BASE": {
"obs": 0.005,
"swap": 0.0105,
"content_diff": -0.0055
},
"B35__BASE_PRIOR - B35__BASE": {
"obs": 0.0236,
"swap": 0.0402,
"content_diff": -0.0166
},
"B54__BASE_PRIOR - B54__BASE": {
"obs": 0.0077,
"swap": 0.0102,
"content_diff": -0.0025
}
}
{"setup_s": 34.40355029999046, "fit_s": 78.65059720000136, "eval_s": 11.93174950001412, "bootstrap_s": 0.8723044999933336, "nulls_s": 2.029590399994049, "total_s": 93.4868272000167}
{
 "plain average": {
  "a_bonferroni_above_step460_variant": {
   "B16": true,
   "B23": false,
   "B35": true,
   "B54": true
  },
  "b_permuted_control_not_above_base": {
   "B16": true,
   "B23": true,
   "B35": true,
   "B54": true
  },
  "adopt": false,
  "pb_macro8_delta_vs_step460_variant": {
   "B16": -0.01507029891345657,
   "B23": -0.008767777905053176,
   "B35": -0.004549649753881058,
   "B54": 0.00016221763853840887
  }
 },
 "grouped": {
  "a_bonferroni_above_step460_variant": {
   "B16": true,
   "B23": false,
   "B35": true,
   "B54": true
  },
  "b_permuted_control_not_above_base": {
   "B16": true,
   "B23": true,
   "B35": false,
   "B54": true
  },
  "adopt": false,
  "pb_macro8_delta_vs_step460_variant": {
   "B16": -0.015664615587494546,
   "B23": 0.010271616850703436,
   "B35": -0.008256081998620435,
   "B54": 0.001647421558551465
  }
 }
}
