pb_q4 fitted (13s)
pb_q8 fitted (24s)
prm fitted (39s)
                                  contrast_id  primary        endpoint     delta   ci95_lo   ci95_hi
0                             P_SOFT - P_HARD     True   pb_sla_macro8 -0.004300 -0.009618  0.000966
1                             P_SOFT - P_HARD     True  prm_within_auc -0.001866 -0.002599 -0.001129
2                            P_AGREE - P_SOFT     True   pb_sla_macro8  0.010973  0.003851  0.018262
3                            P_AGREE - P_SOFT     True  prm_within_auc -0.009690 -0.011546 -0.007873
4                               P_HARD - BASE    False   pb_sla_macro8  0.007155 -0.001147  0.015563
5                               P_HARD - BASE    False  prm_within_auc  0.000790 -0.000294  0.001882
6                               P_SOFT - BASE    False   pb_sla_macro8  0.002855 -0.006105  0.011859
7                               P_SOFT - BASE    False  prm_within_auc -0.001076 -0.001967 -0.000179
8                              P_AGREE - BASE    False   pb_sla_macro8  0.013828  0.003927  0.023791
9                              P_AGREE - BASE    False  prm_within_auc -0.010766 -0.012644 -0.008909
10                            P_RANDOM - BASE    False   pb_sla_macro8 -0.267890 -0.293019 -0.242872
11                            P_RANDOM - BASE    False  prm_within_auc -0.211655 -0.225947 -0.197550
12                   P_POSITION_LENGTH - BASE    False   pb_sla_macro8 -0.036068 -0.058955 -0.013242
13                   P_POSITION_LENGTH - BASE    False  prm_within_auc -0.083497 -0.090898 -0.076064
14               P_SOFT_COVERAGE_MATCH - BASE    False   pb_sla_macro8  0.009086  0.000174  0.018117
15               P_SOFT_COVERAGE_MATCH - BASE    False  prm_within_auc -0.001097 -0.002060 -0.000124
16                              P_HARD - BASE    False   pb_sla_macro8  0.007155 -0.001147  0.015563
17                              P_HARD - BASE    False  prm_within_auc  0.000790 -0.000294  0.001882
18                          P_SOFT - P_RANDOM    False   pb_sla_macro8  0.270745  0.245593  0.296060
19                          P_SOFT - P_RANDOM    False  prm_within_auc  0.210578  0.196447  0.224866
20                 P_SOFT - P_POSITION_LENGTH    False   pb_sla_macro8  0.038923  0.016445  0.061497
21                 P_SOFT - P_POSITION_LENGTH    False  prm_within_auc  0.082420  0.074923  0.089869
22            P_AGREE - P_SOFT_COVERAGE_MATCH    False   pb_sla_macro8  0.004743 -0.000831  0.010454
23            P_AGREE - P_SOFT_COVERAGE_MATCH    False  prm_within_auc -0.009669 -0.011574 -0.007799
24                           P_AGREE - P_HARD    False   pb_sla_macro8  0.006673 -0.001555  0.015064
25                           P_AGREE - P_HARD    False  prm_within_auc -0.011556 -0.013608 -0.009533
26                                 BASE - ct7    False   pb_sla_macro8 -0.073967 -0.090819 -0.057187
27                                 BASE - ct7    False  prm_within_auc -0.016084 -0.020153 -0.011994
28                          BASE - token_lsml    False   pb_sla_macro8 -0.034342 -0.049377 -0.019504
29                          BASE - token_lsml    False  prm_within_auc  0.003149 -0.001029  0.007310
30                         BASE - token_equal    False   pb_sla_macro8 -0.001031 -0.017824  0.015716
31                         BASE - token_equal    False  prm_within_auc  0.025208  0.020933  0.029499
32       BASE - evidence30__all__plain__equal    False   pb_sla_macro8 -0.024604 -0.040754 -0.008533
33       BASE - evidence30__all__plain__equal    False  prm_within_auc  0.044534  0.037857  0.051223
34      BASE - evidence__all__position__equal    False   pb_sla_macro8  0.029705  0.011725  0.047731
35      BASE - evidence__all__position__equal    False  prm_within_auc -0.011112 -0.014701 -0.007546
36     BASE - evidence__all__position2__equal    False   pb_sla_macro8  0.044284  0.026548  0.062107
37     BASE - evidence__all__position2__equal    False  prm_within_auc -0.013242 -0.017457 -0.009071
38                               P_SOFT - ct7    False   pb_sla_macro8 -0.071112 -0.087989 -0.054420
39                               P_SOFT - ct7    False  prm_within_auc -0.017160 -0.021283 -0.013039
40                        P_SOFT - token_lsml    False   pb_sla_macro8 -0.031487 -0.046300 -0.016772
41                        P_SOFT - token_lsml    False  prm_within_auc  0.002073 -0.002117  0.006244
42                       P_SOFT - token_equal    False   pb_sla_macro8  0.001824 -0.014924  0.018500
43                       P_SOFT - token_equal    False  prm_within_auc  0.024132  0.019855  0.028421
44     P_SOFT - evidence30__all__plain__equal    False   pb_sla_macro8 -0.021749 -0.037546 -0.005992
45     P_SOFT - evidence30__all__plain__equal    False  prm_within_auc  0.043457  0.036812  0.050169
46    P_SOFT - evidence__all__position__equal    False   pb_sla_macro8  0.032560  0.014846  0.050238
47    P_SOFT - evidence__all__position__equal    False  prm_within_auc -0.012188 -0.015826 -0.008549
48   P_SOFT - evidence__all__position2__equal    False   pb_sla_macro8  0.047139  0.029367  0.065167
49   P_SOFT - evidence__all__position2__equal    False  prm_within_auc -0.014319 -0.018591 -0.010093
50                              P_AGREE - ct7    False   pb_sla_macro8 -0.060139 -0.076685 -0.043723
51                              P_AGREE - ct7    False  prm_within_auc -0.026850 -0.031445 -0.022277
52                       P_AGREE - token_lsml    False   pb_sla_macro8 -0.020514 -0.034575 -0.006459
53                       P_AGREE - token_lsml    False  prm_within_auc -0.007617 -0.012410 -0.002830
54                      P_AGREE - token_equal    False   pb_sla_macro8  0.012797 -0.003322  0.028917
55                      P_AGREE - token_equal    False  prm_within_auc  0.014442  0.009589  0.019324
56    P_AGREE - evidence30__all__plain__equal    False   pb_sla_macro8 -0.010776 -0.026018  0.004413
57    P_AGREE - evidence30__all__plain__equal    False  prm_within_auc  0.033768  0.026535  0.040988
58   P_AGREE - evidence__all__position__equal    False   pb_sla_macro8  0.043534  0.026064  0.061055
59   P_AGREE - evidence__all__position__equal    False  prm_within_auc -0.021878 -0.026068 -0.017725
60  P_AGREE - evidence__all__position2__equal    False   pb_sla_macro8  0.058113  0.040719  0.075797
61  P_AGREE - evidence__all__position2__equal    False  prm_within_auc -0.024009 -0.028896 -0.019165
{
 "status": "COMPLETE",
 "started": "2026-09-23T12:55:07",
 "run_id": "run_20260923",
 "finished": "2026-09-23T12:56:48",
 "fits": 90,
 "failures": 0,
 "non_converged_fits": 0,
 "methods": [
  "BASE",
  "P_HARD",
  "P_SOFT",
  "P_AGREE",
  "P_RANDOM",
  "P_POSITION_LENGTH",
  "P_SOFT_COVERAGE_MATCH",
  "ct7",
  "token_lsml",
  "token_equal",
  "evidence30__all__plain__equal",
  "evidence__all__position__equal",
  "evidence__all__position2__equal"
 ],
 "invalid_bootstrap_draw_rate": 0.0
}
{
 "representation_s": 0.6681517999968491,
 "fit_s": 38.37327640003059,
 "eval_s": 18.0513590000337,
 "bootstrap_s": 37.21234510000795,
 "diagnostics_s": 4.859656899992842,
 "total_s": 101.00475770002231,
 "output_bytes": 73911035
}
